Component: ARM Compiler 5.06 update 6 (build 750) Tool: armlink [4d35ed]

==============================================================================

Section Cross References

    startup_stm32f105xc.o(RESET) refers to startup_stm32f105xc.o(STACK) for __initial_sp
    startup_stm32f105xc.o(RESET) refers to startup_stm32f105xc.o(.text) for Reset_Handler
    startup_stm32f105xc.o(RESET) refers to stm32f1xx_it.o(i.NMI_Handler) for NMI_Handler
    startup_stm32f105xc.o(RESET) refers to stm32f1xx_it.o(i.HardFault_Handler) for HardFault_Handler
    startup_stm32f105xc.o(RESET) refers to stm32f1xx_it.o(i.MemManage_Handler) for MemManage_Handler
    startup_stm32f105xc.o(RESET) refers to stm32f1xx_it.o(i.BusFault_Handler) for BusFault_Handler
    startup_stm32f105xc.o(RESET) refers to stm32f1xx_it.o(i.UsageFault_Handler) for UsageFault_Handler
    startup_stm32f105xc.o(RESET) refers to stm32f1xx_it.o(i.SVC_Handler) for SVC_Handler
    startup_stm32f105xc.o(RESET) refers to stm32f1xx_it.o(i.DebugMon_Handler) for DebugMon_Handler
    startup_stm32f105xc.o(RESET) refers to stm32f1xx_it.o(i.PendSV_Handler) for PendSV_Handler
    startup_stm32f105xc.o(RESET) refers to stm32f1xx_it.o(i.SysTick_Handler) for SysTick_Handler
    startup_stm32f105xc.o(RESET) refers to stm32f1xx_it.o(i.OTG_FS_IRQHandler) for OTG_FS_IRQHandler
    startup_stm32f105xc.o(.text) refers to system_stm32f1xx.o(i.SystemInit) for SystemInit
    startup_stm32f105xc.o(.text) refers to entry.o(.ARM.Collect$$$$00000000) for __main
    main.o(i.MX_CAN1_Init) refers to stm32f1xx_hal_can.o(i.HAL_CAN_Init) for HAL_CAN_Init
    main.o(i.MX_CAN1_Init) refers to main.o(.bss) for .bss
    main.o(i.MX_CAN2_Init) refers to stm32f1xx_hal_can.o(i.HAL_CAN_Init) for HAL_CAN_Init
    main.o(i.MX_CAN2_Init) refers to main.o(.bss) for .bss
    main.o(i.MX_GPIO_Init) refers to stm32f1xx_hal_gpio.o(i.HAL_GPIO_WritePin) for HAL_GPIO_WritePin
    main.o(i.MX_GPIO_Init) refers to stm32f1xx_hal_gpio.o(i.HAL_GPIO_Init) for HAL_GPIO_Init
    main.o(i.MX_TIM2_Init) refers to stm32f1xx_hal_tim.o(i.HAL_TIM_Base_Init) for HAL_TIM_Base_Init
    main.o(i.MX_TIM2_Init) refers to stm32f1xx_hal_tim.o(i.HAL_TIM_ConfigClockSource) for HAL_TIM_ConfigClockSource
    main.o(i.MX_TIM2_Init) refers to stm32f1xx_hal_tim_ex.o(i.HAL_TIMEx_MasterConfigSynchronization) for HAL_TIMEx_MasterConfigSynchronization
    main.o(i.MX_TIM2_Init) refers to main.o(.bss) for .bss
    main.o(i.SystemClock_Config) refers to memseta.o(.text) for __aeabi_memclr4
    main.o(i.SystemClock_Config) refers to stm32f1xx_hal_rcc.o(i.HAL_RCC_OscConfig) for HAL_RCC_OscConfig
    main.o(i.SystemClock_Config) refers to stm32f1xx_hal_rcc.o(i.HAL_RCC_ClockConfig) for HAL_RCC_ClockConfig
    main.o(i.SystemClock_Config) refers to stm32f1xx_hal_rcc_ex.o(i.HAL_RCCEx_PeriphCLKConfig) for HAL_RCCEx_PeriphCLKConfig
    main.o(i.enable_protect) refers to stm32f1xx_hal_flash_ex.o(i.HAL_FLASHEx_OBGetConfig) for HAL_FLASHEx_OBGetConfig
    main.o(i.enable_protect) refers to stm32f1xx_hal_flash.o(i.HAL_FLASH_Unlock) for HAL_FLASH_Unlock
    main.o(i.enable_protect) refers to stm32f1xx_hal_flash.o(i.HAL_FLASH_OB_Unlock) for HAL_FLASH_OB_Unlock
    main.o(i.enable_protect) refers to stm32f1xx_hal_flash_ex.o(i.HAL_FLASHEx_OBProgram) for HAL_FLASHEx_OBProgram
    main.o(i.enable_protect) refers to stm32f1xx_hal_flash.o(i.HAL_FLASH_OB_Launch) for HAL_FLASH_OB_Launch
    main.o(i.enable_protect) refers to stm32f1xx_hal_flash.o(i.HAL_FLASH_OB_Lock) for HAL_FLASH_OB_Lock
    main.o(i.enable_protect) refers to stm32f1xx_hal_flash.o(i.HAL_FLASH_Lock) for HAL_FLASH_Lock
    main.o(i.enable_protect) refers to stm32f1xx_hal_flash_ex.o(i.HAL_FLASHEx_Erase) for HAL_FLASHEx_Erase
    main.o(i.enable_protect) refers to stm32f1xx_hal.o(i.HAL_Delay) for HAL_Delay
    main.o(i.enable_protect) refers to stm32f1xx_hal_flash.o(i.HAL_FLASH_Program) for HAL_FLASH_Program
    main.o(i.main) refers to stm32f1xx_hal.o(i.HAL_Init) for HAL_Init
    main.o(i.main) refers to main.o(i.SystemClock_Config) for SystemClock_Config
    main.o(i.main) refers to main.o(i.MX_GPIO_Init) for MX_GPIO_Init
    main.o(i.main) refers to main.o(i.MX_TIM2_Init) for MX_TIM2_Init
    main.o(i.main) refers to main.o(i.MX_CAN1_Init) for MX_CAN1_Init
    main.o(i.main) refers to main.o(i.MX_CAN2_Init) for MX_CAN2_Init
    main.o(i.main) refers to stm32f1xx_hal_tim.o(i.HAL_TIM_Base_Start) for HAL_TIM_Base_Start
    main.o(i.main) refers to led.o(i.led_init) for led_init
    main.o(i.main) refers to queue.o(i.queue_create) for queue_create
    main.o(i.main) refers to calloc.o(.text) for calloc
    main.o(i.main) refers to queue.o(i.queue_push_back) for queue_push_back
    main.o(i.main) refers to can.o(i.can_init) for can_init
    main.o(i.main) refers to can.o(i.can_disable) for can_disable
    main.o(i.main) refers to usbd_core.o(i.USBD_Init) for USBD_Init
    main.o(i.main) refers to usbd_core.o(i.USBD_RegisterClass) for USBD_RegisterClass
[...]
    i.HAL_PCD_EP_ClrStall                    0x0800102e   Section        0  stm32f1xx_hal_pcd.o(i.HAL_PCD_EP_ClrStall)
    i.HAL_PCD_EP_GetRxCount                  0x0800108a   Section        0  stm32f1xx_hal_pcd.o(i.HAL_PCD_EP_GetRxCount)
    i.HAL_PCD_EP_Open                        0x0800109c   Section        0  stm32f1xx_hal_pcd.o(i.HAL_PCD_EP_Open)
    i.HAL_PCD_EP_Receive                     0x080010fc   Section        0  stm32f1xx_hal_pcd.o(i.HAL_PCD_EP_Receive)
    i.HAL_PCD_EP_SetStall                    0x08001136   Section        0  stm32f1xx_hal_pcd.o(i.HAL_PCD_EP_SetStall)
    i.HAL_PCD_EP_Transmit                    0x080011a8   Section        0  stm32f1xx_hal_pcd.o(i.HAL_PCD_EP_Transmit)
    i.HAL_PCD_IRQHandler                     0x080011e0   Section        0  stm32f1xx_hal_pcd.o(i.HAL_PCD_IRQHandler)
    i.HAL_PCD_ISOINIncompleteCallback        0x080015d0   Section        0  stm32f1xx_hal_pcd.o(i.HAL_PCD_ISOINIncompleteCallback)
    i.HAL_PCD_ISOOUTIncompleteCallback       0x080015d2   Section        0  stm32f1xx_hal_pcd.o(i.HAL_PCD_ISOOUTIncompleteCallback)
    i.HAL_PCD_Init                           0x080015d4   Section        0  stm32f1xx_hal_pcd.o(i.HAL_PCD_Init)
    i.HAL_PCD_MspInit                        0x080016b8   Section        0  usbd_conf.o(i.HAL_PCD_MspInit)
    i.HAL_PCD_ResetCallback                  0x080016f0   Section        0  usbd_conf.o(i.HAL_PCD_ResetCallback)
    i.HAL_PCD_ResumeCallback                 0x0800170a   Section        0  usbd_conf.o(i.HAL_PCD_ResumeCallback)
    i.HAL_PCD_SOFCallback                    0x08001712   Section        0  usbd_conf.o(i.HAL_PCD_SOFCallback)
    i.HAL_PCD_SetAddress                     0x0800171a   Section        0  stm32f1xx_hal_pcd.o(i.HAL_PCD_SetAddress)
    i.HAL_PCD_SetupStageCallback             0x08001742   Section        0  usbd_conf.o(i.HAL_PCD_SetupStageCallback)
    i.HAL_PCD_Start                          0x08001798   Section        0  stm32f1xx_hal_pcd.o(i.HAL_PCD_Start)
    i.HAL_PCD_SuspendCallback                0x080017c2   Section        0  usbd_conf.o(i.HAL_PCD_SuspendCallback)
    i.HAL_RCCEx_PeriphCLKConfig              0x080017cc   Section        0  stm32f1xx_hal_rcc_ex.o(i.HAL_RCCEx_PeriphCLKConfig)
    i.HAL_RCC_ClockConfig                    0x08001954   Section        0  stm32f1xx_hal_rcc.o(i.HAL_RCC_ClockConfig)
    i.HAL_RCC_GetHCLKFreq                    0x08001a80   Section        0  stm32f1xx_hal_rcc.o(i.HAL_RCC_GetHCLKFreq)
    i.HAL_RCC_GetSysClockFreq                0x08001a8c   Section        0  stm32f1xx_hal_rcc.o(i.HAL_RCC_GetSysClockFreq)
    i.HAL_RCC_OscConfig                      0x08001b50   Section        0  stm32f1xx_hal_rcc.o(i.HAL_RCC_OscConfig)
    i.HAL_SYSTICK_Config                     0x08001f34   Section        0  stm32f1xx_hal_cortex.o(i.HAL_SYSTICK_Config)
    i.HAL_TIMEx_MasterConfigSynchronization  0x08001f5c   Section        0  stm32f1xx_hal_tim_ex.o(i.HAL_TIMEx_MasterConfigSynchronization)
    i.HAL_TIM_Base_Init                      0x08001f9e   Section        0  stm32f1xx_hal_tim.o(i.HAL_TIM_Base_Init)
    i.HAL_TIM_Base_MspInit                   0x08001fd4   Section        0  stm32f1xx_hal_msp.o(i.HAL_TIM_Base_MspInit)
    i.HAL_TIM_Base_Start                     0x08001ff8   Section        0  stm32f1xx_hal_tim.o(i.HAL_TIM_Base_Start)
    i.HAL_TIM_ConfigClockSource              0x0800201c   Section        0  stm32f1xx_hal_tim.o(i.HAL_TIM_ConfigClockSource)
    i.HardFault_Handler                      0x080020f2   Section        0  stm32f1xx_it.o(i.HardFault_Handler)
    i.MX_CAN1_Init                           0x080020f4   Section        0  main.o(i.MX_CAN1_Init)
    MX_CAN1_Init                             0x080020f5   Thumb Code    40  main.o(i.MX_CAN1_Init)
    i.MX_CAN2_Init                           0x08002124   Section        0  main.o(i.MX_CAN2_Init)
    MX_CAN2_Init                             0x08002125   Thumb Code    40  main.o(i.MX_CAN2_Init)
    i.MX_GPIO_Init                           0x08002154   Section        0  main.o(i.MX_GPIO_Init)
    MX_GPIO_Init                             0x08002155   Thumb Code   224  main.o(i.MX_GPIO_Init)
    i.MX_TIM2_Init                           0x08002248   Section        0  main.o(i.MX_TIM2_Init)
    MX_TIM2_Init                             0x08002249   Thumb Code    76  main.o(i.MX_TIM2_Init)
    i.MemManage_Handler                      0x08002298   Section        0  stm32f1xx_it.o(i.MemManage_Handler)
    i.NMI_Handler                            0x0800229a   Section        0  stm32f1xx_it.o(i.NMI_Handler)
    i.OTG_FS_IRQHandler                      0x0800229c   Section        0  stm32f1xx_it.o(i.OTG_FS_IRQHandler)
    i.PCD_WriteEmptyTxFifo                   0x080022a8   Section        0  stm32f1xx_hal_pcd.o(i.PCD_WriteEmptyTxFifo)
    PCD_WriteEmptyTxFifo                     0x080022a9   Thumb Code   152  stm32f1xx_hal_pcd.o(i.PCD_WriteEmptyTxFifo)
    i.PendSV_Handler                         0x08002340   Section        0  stm32f1xx_it.o(i.PendSV_Handler)
    i.SVC_Handler                            0x08002342   Section        0  stm32f1xx_it.o(i.SVC_Handler)
    i.SysTick_Handler                        0x08002344   Section        0  stm32f1xx_it.o(i.SysTick_Handler)
    i.SystemClock_Config                     0x08002348   Section        0  main.o(i.SystemClock_Config)
    i.SystemInit                             0x080023c4   Section        0  system_stm32f1xx.o(i.SystemInit)
    i.TIM_Base_SetConfig                     0x08002418   Section        0  stm32f1xx_hal_tim.o(i.TIM_Base_SetConfig)
    i.TIM_ETR_SetConfig                      0x08002494   Section        0  stm32f1xx_hal_tim.o(i.TIM_ETR_SetConfig)
    i.TIM_ITRx_SetConfig                     0x080024a8   Section        0  stm32f1xx_hal_tim.o(i.TIM_ITRx_SetConfig)
    TIM_ITRx_SetConfig                       0x080024a9   Thumb Code    16  stm32f1xx_hal_tim.o(i.TIM_ITRx_SetConfig)
    i.TIM_TI1_ConfigInputStage               0x080024b8   Section        0  stm32f1xx_hal_tim.o(i.TIM_TI1_ConfigInputStage)
    TIM_TI1_ConfigInputStage                 0x080024b9   Thumb Code    34  stm32f1xx_hal_tim.o(i.TIM_TI1_ConfigInputStage)
    i.TIM_TI2_ConfigInputStage               0x080024da   Section        0  stm32f1xx_hal_tim.o(i.TIM_TI2_ConfigInputStage)
    TIM_TI2_ConfigInputStage                 0x080024db   Thumb Code    36  stm32f1xx_hal_tim.o(i.TIM_TI2_ConfigInputStage)
    i.USBD_ClrClassConfig                    0x080024fe   Section        0  usbd_core.o(i.USBD_ClrClassConfig)
    i.USBD_CtlContinueRx                     0x0800250c   Section        0  usbd_ioreq.o(i.USBD_CtlContinueRx)
    i.USBD_CtlContinueSendData               0x0800251c   Section        0  usbd_ioreq.o(i.USBD_CtlContinueSendData)
    i.USBD_CtlError                          0x0800252c   Section        0  usbd_ctlreq.o(i.USBD_CtlError)
    i.USBD_CtlPrepareRx                      0x08002542   Section        0  usbd_ioreq.o(i.USBD_CtlPrepareRx)
    i.USBD_CtlReceiveStatus                  0x08002560   Section        0  usbd_ioreq.o(i.USBD_CtlReceiveStatus)
    i.USBD_CtlSendData                       0x08002576   Section        0  usbd_ioreq.o(i.USBD_CtlSendData)
    i.USBD_CtlSendStatus                     0x08002590   Section        0  usbd_ioreq.o(i.USBD_CtlSendStatus)
    i.USBD_FS_ConfigStrDescriptor            0x080025a8   Section        0  usbd_desc.o(i.USBD_FS_ConfigStrDescriptor)
    i.USBD_FS_DeviceDescriptor               0x080025d0   Section        0  usbd_desc.o(i.USBD_FS_DeviceDescriptor)
    i.USBD_FS_InterfaceStrDescriptor         0x080025dc   Section        0  usbd_desc.o(i.USBD_FS_InterfaceStrDescriptor)
    i.USBD_FS_LangIDStrDescriptor            0x08002604   Section        0  usbd_desc.o(i.USBD_FS_LangIDStrDescriptor)
    i.USBD_FS_ManufacturerStrDescriptor      0x08002610   Section        0  usbd_desc.o(i.USBD_FS_ManufacturerStrDescriptor)
    i.USBD_FS_ProductStrDescriptor           0x08002628   Section        0  usbd_desc.o(i.USBD_FS_ProductStrDescriptor)
    i.USBD_FS_SerialStrDescriptor            0x08002648   Section        0  usbd_desc.o(i.USBD_FS_SerialStrDescriptor)
    i.USBD_GS_CAN_Config_Request             0x08002688   Section        0  usbd_gs_can.o(i.USBD_GS_CAN_Config_Request)
    USBD_GS_CAN_Config_Request               0x08002689   Thumb Code   110  usbd_gs_can.o(i.USBD_GS_CAN_Config_Request)
    i.USBD_GS_CAN_CustomDeviceRequest        0x080026fc   Section        0  usbd_gs_can.o(i.USBD_GS_CAN_CustomDeviceRequest)
    i.USBD_GS_CAN_CustomInterfaceRequest     0x08002740   Section        0  usbd_gs_can.o(i.USBD_GS_CAN_CustomInterfaceRequest)
    i.USBD_GS_CAN_DataIn                     0x08002744   Section        0  usbd_gs_can.o(i.USBD_GS_CAN_DataIn)
    USBD_GS_CAN_DataIn                       0x08002745   Thumb Code    12  usbd_gs_can.o(i.USBD_GS_CAN_DataIn)
    i.USBD_GS_CAN_DataOut                    0x08002750   Section        0  usbd_gs_can.o(i.USBD_GS_CAN_DataOut)
    USBD_GS_CAN_DataOut                      0x08002751   Thumb Code    54  usbd_gs_can.o(i.USBD_GS_CAN_DataOut)
    i.USBD_GS_CAN_DeInit                     0x08002786   Section        0  usbd_gs_can.o(i.USBD_GS_CAN_DeInit)
    USBD_GS_CAN_DeInit                       0x08002787   Thumb Code    22  usbd_gs_can.o(i.USBD_GS_CAN_DeInit)
    i.USBD_GS_CAN_EP0_RxReady                0x0800279c   Section        0  usbd_gs_can.o(i.USBD_GS_CAN_EP0_RxReady)
    USBD_GS_CAN_EP0_RxReady                  0x0800279d   Thumb Code   212  usbd_gs_can.o(i.USBD_GS_CAN_EP0_RxReady)
    i.USBD_GS_CAN_GetCfgDesc                 0x0800287c   Section        0  usbd_gs_can.o(i.USBD_GS_CAN_GetCfgDesc)
    USBD_GS_CAN_GetCfgDesc                   0x0800287d   Thumb Code     8  usbd_gs_can.o(i.USBD_GS_CAN_GetCfgDesc)
    i.USBD_GS_CAN_GetProtocolVersion         0x08002888   Section        0  usbd_gs_can.o(i.USBD_GS_CAN_GetProtocolVersion)
    i.USBD_GS_CAN_GetStrDesc                 0x0800289c   Section        0  usbd_gs_can.o(i.USBD_GS_CAN_GetStrDesc)
    USBD_GS_CAN_GetStrDesc                   0x0800289d   Thumb Code    26  usbd_gs_can.o(i.USBD_GS_CAN_GetStrDesc)
    i.USBD_GS_CAN_Init                       0x080028bc   Section        0  usbd_gs_can.o(i.USBD_GS_CAN_Init)
    i.USBD_GS_CAN_PrepareReceive             0x080028ec   Section        0  usbd_gs_can.o(i.USBD_GS_CAN_PrepareReceive)
    i.USBD_GS_CAN_SOF                        0x080028fa   Section        0  usbd_gs_can.o(i.USBD_GS_CAN_SOF)
    USBD_GS_CAN_SOF                          0x080028fb   Thumb Code    16  usbd_gs_can.o(i.USBD_GS_CAN_SOF)
    i.USBD_GS_CAN_SendFrame                  0x0800290a   Section        0  usbd_gs_can.o(i.USBD_GS_CAN_SendFrame)
    i.USBD_GS_CAN_SetChannel                 0x08002948   Section        0  usbd_gs_can.o(i.USBD_GS_CAN_SetChannel)
    i.USBD_GS_CAN_Setup                      0x0800295c   Section        0  usbd_gs_can.o(i.USBD_GS_CAN_Setup)
    USBD_GS_CAN_Setup                        0x0800295d   Thumb Code    44  usbd_gs_can.o(i.USBD_GS_CAN_Setup)
    i.USBD_GS_CAN_Start                      0x0800298c   Section        0  usbd_gs_can.o(i.USBD_GS_CAN_Start)
    USBD_GS_CAN_Start                        0x0800298d   Thumb Code    56  usbd_gs_can.o(i.USBD_GS_CAN_Start)
    i.USBD_GS_CAN_Transmit                   0x080029c4   Section        0  usbd_gs_can.o(i.USBD_GS_CAN_Transmit)
    i.USBD_GS_CAN_TxReady                    0x080029e4   Section        0  usbd_gs_can.o(i.USBD_GS_CAN_TxReady)
    i.USBD_GetDescriptor                     0x080029f4   Section        0  usbd_ctlreq.o(i.USBD_GetDescriptor)
    USBD_GetDescriptor                       0x080029f5   Thumb Code   250  usbd_ctlreq.o(i.USBD_GetDescriptor)
    i.USBD_GetString                         0x08002aee   Section        0  usbd_ctlreq.o(i.USBD_GetString)
    i.USBD_Init                              0x08002b36   Section        0  usbd_core.o(i.USBD_Init)
    i.USBD_LL_ClearStallEP                   0x08002b60   Section        0  usbd_conf.o(i.USBD_LL_ClearStallEP)
    i.USBD_LL_CloseEP                        0x08002b6e   Section        0  usbd_conf.o(i.USBD_LL_CloseEP)
    i.USBD_LL_DataInStage                    0x08002b7c   Section        0  usbd_core.o(i.USBD_LL_DataInStage)
    i.USBD_LL_DataOutStage                   0x08002c42   Section        0  usbd_core.o(i.USBD_LL_DataOutStage)
    i.USBD_LL_GetRxDataSize                  0x08002cc4   Section        0  usbd_conf.o(i.USBD_LL_GetRxDataSize)
    i.USBD_LL_Init                           0x08002ccc   Section        0  usbd_conf.o(i.USBD_LL_Init)
    i.USBD_LL_IsStallEP                      0x08002d1c   Section        0  usbd_conf.o(i.USBD_LL_IsStallEP)
    i.USBD_LL_OpenEP                         0x08002d3c   Section        0  usbd_conf.o(i.USBD_LL_OpenEP)
    i.USBD_LL_PrepareReceive                 0x08002d50   Section        0  usbd_conf.o(i.USBD_LL_PrepareReceive)
    i.USBD_LL_Reset                          0x08002d5e   Section        0  usbd_core.o(i.USBD_LL_Reset)
    i.USBD_LL_Resume                         0x08002dae   Section        0  usbd_core.o(i.USBD_LL_Resume)
    i.USBD_LL_SOF                            0x08002dc2   Section        0  usbd_core.o(i.USBD_LL_SOF)
    i.USBD_LL_SetSpeed                       0x08002dda   Section        0  usbd_core.o(i.USBD_LL_SetSpeed)
    i.USBD_LL_SetUSBAddress                  0x08002de0   Section        0  usbd_conf.o(i.USBD_LL_SetUSBAddress)
    i.USBD_LL_SetupStage                     0x08002dee   Section        0  usbd_core.o(i.USBD_LL_SetupStage)
    i.USBD_LL_StallEP                        0x08002e48   Section        0  usbd_conf.o(i.USBD_LL_StallEP)
    i.USBD_LL_Start                          0x08002e56   Section        0  usbd_conf.o(i.USBD_LL_Start)
    i.USBD_LL_Suspend                        0x08002e64   Section        0  usbd_core.o(i.USBD_LL_Suspend)
    i.USBD_LL_Transmit                       0x08002e76   Section        0  usbd_conf.o(i.USBD_LL_Transmit)
    i.USBD_ParseSetupRequest                 0x08002e84   Section        0  usbd_ctlreq.o(i.USBD_ParseSetupRequest)
    i.USBD_RegisterClass                     0x08002eac   Section        0  usbd_core.o(i.USBD_RegisterClass)
    i.USBD_SetClassConfig                    0x08002ebc   Section        0  usbd_core.o(i.USBD_SetClassConfig)
    i.USBD_SetConfig                         0x08002ed4   Section        0  usbd_ctlreq.o(i.USBD_SetConfig)
    USBD_SetConfig                           0x08002ed5   Thumb Code   128  usbd_ctlreq.o(i.USBD_SetConfig)
    i.USBD_Start                             0x08002f58   Section        0  usbd_core.o(i.USBD_Start)
    i.USBD_StdDevReq                         0x08002f62   Section        0  usbd_ctlreq.o(i.USBD_StdDevReq)
    i.USBD_StdEPReq                          0x08003074   Section        0  usbd_ctlreq.o(i.USBD_StdEPReq)
    i.USBD_StdItfReq                         0x080031c4   Section        0  usbd_ctlreq.o(i.USBD_StdItfReq)
    i.USB_ActivateEndpoint                   0x08003214   Section        0  stm32f1xx_ll_usb.o(i.USB_ActivateEndpoint)
    i.USB_ActivateSetup                      0x08003294   Section        0  stm32f1xx_ll_usb.o(i.USB_ActivateSetup)
    i.USB_CoreInit                           0x080032b0   Section        0  stm32f1xx_ll_usb.o(i.USB_CoreInit)
    i.USB_CoreReset                          0x08003308   Section        0  stm32f1xx_ll_usb.o(i.USB_CoreReset)
    USB_CoreReset                            0x08003309   Thumb Code    50  stm32f1xx_ll_usb.o(i.USB_CoreReset)
    i.USB_DeactivateEndpoint                 0x08003340   Section        0  stm32f1xx_ll_usb.o(i.USB_DeactivateEndpoint)
    i.USB_DevConnect                         0x080033c0   Section        0  stm32f1xx_ll_usb.o(i.USB_DevConnect)
    i.USB_DevDisconnect                      0x080033d8   Section        0  stm32f1xx_ll_usb.o(i.USB_DevDisconnect)
    i.USB_DevInit                            0x080033f0   Section        0  stm32f1xx_ll_usb.o(i.USB_DevInit)
    i.USB_DisableGlobalInt                   0x08003518   Section        0  stm32f1xx_ll_usb.o(i.USB_DisableGlobalInt)
    i.USB_EP0StartXfer                       0x08003524   Section        0  stm32f1xx_ll_usb.o(i.USB_EP0StartXfer)
    i.USB_EP0_OutStart                       0x08003610   Section        0  stm32f1xx_ll_usb.o(i.USB_EP0_OutStart)
    i.USB_EPClearStall                       0x08003654   Section        0  stm32f1xx_ll_usb.o(i.USB_EPClearStall)
    i.USB_EPSetStall                         0x080036ac   Section        0  stm32f1xx_ll_usb.o(i.USB_EPSetStall)
    i.USB_EPStartXfer                        0x08003704   Section        0  stm32f1xx_ll_usb.o(i.USB_EPStartXfer)
    i.USB_EnableGlobalInt                    0x08003898   Section        0  stm32f1xx_ll_usb.o(i.USB_EnableGlobalInt)
    i.USB_FlushRxFifo                        0x080038a4   Section        0  stm32f1xx_ll_usb.o(i.USB_FlushRxFifo)
    i.USB_FlushTxFifo                        0x080038c4   Section        0  stm32f1xx_ll_usb.o(i.USB_FlushTxFifo)
    i.USB_GetDevSpeed                        0x080038e8   Section        0  stm32f1xx_ll_usb.o(i.USB_GetDevSpeed)
    i.USB_GetMode                            0x08003900   Section        0  stm32f1xx_ll_usb.o(i.USB_GetMode)
    i.USB_ReadDevAllInEpInterrupt            0x08003908   Section        0  stm32f1xx_ll_usb.o(i.USB_ReadDevAllInEpInterrupt)
    i.USB_ReadDevAllOutEpInterrupt           0x08003916   Section        0  stm32f1xx_ll_usb.o(i.USB_ReadDevAllOutEpInterrupt)
    i.USB_ReadDevInEPInterrupt               0x08003924   Section        0  stm32f1xx_ll_usb.o(i.USB_ReadDevInEPInterrupt)
    i.USB_ReadDevOutEPInterrupt              0x08003948   Section        0  stm32f1xx_ll_usb.o(i.USB_ReadDevOutEPInterrupt)
    i.USB_ReadInterrupts                     0x08003958   Section        0  stm32f1xx_ll_usb.o(i.USB_ReadInterrupts)
    i.USB_ReadPacket                         0x08003960   Section        0  stm32f1xx_ll_usb.o(i.USB_ReadPacket)
    i.USB_SetCurrentMode                     0x0800397c   Section        0  stm32f1xx_ll_usb.o(i.USB_SetCurrentMode)
    i.USB_SetDevAddress                      0x080039aa   Section        0  stm32f1xx_ll_usb.o(i.USB_SetDevAddress)
    i.USB_SetTurnaroundTime                  0x080039cc   Section        0  stm32f1xx_ll_usb.o(i.USB_SetTurnaroundTime)
    i.USB_WritePacket                        0x08003ab4   Section        0  stm32f1xx_ll_usb.o(i.USB_WritePacket)
    i.UsageFault_Handler                     0x08003ad4   Section        0  stm32f1xx_it.o(i.UsageFault_Handler)
    i.__NVIC_SetPriority                     0x08003ad6   Section        0  stm32f1xx_hal_cortex.o(i.__NVIC_SetPriority)
    __NVIC_SetPriority                       0x08003ad7   Thumb Code    32  stm32f1xx_hal_cortex.o(i.__NVIC_SetPriority)
    i.__scatterload_copy                     0x08003af6   Section       14  handlers.o(i.__scatterload_copy)
    i.__scatterload_null                     0x08003b04   Section        2  handlers.o(i.__scatterload_null)
    i.__scatterload_zeroinit                 0x08003b06   Section       14  handlers.o(i.__scatterload_zeroinit)
    i.can_disable                            0x08003b14   Section        0  can.o(i.can_disable)
    i.can_enable                             0x08003b20   Section        0  can.o(i.can_enable)
    i.can_get_error_status                   0x08003ba4   Section        0  can.o(i.can_get_error_status)
    i.can_init                               0x08003bac   Section        0  can.o(i.can_init)
    i.can_is_enabled                         0x08003c0c   Section        0  can.o(i.can_is_enabled)
    i.can_is_rx_pending                      0x08003c18   Section        0  can.o(i.can_is_rx_pending)
    i.can_parse_error_status                 0x08003c24   Section        0  can.o(i.can_parse_error_status)
    i.can_receive                            0x08003d04   Section        0  can.o(i.can_receive)
    i.can_send                               0x08003d78   Section        0  can.o(i.can_send)
    i.can_set_bittiming                      0x08003e00   Section        0  can.o(i.can_set_bittiming)
    i.enable_protect                         0x08003e34   Section        0  main.o(i.enable_protect)
    enable_protect                           0x08003e35   Thumb Code   160  main.o(i.enable_protect)
    i.hex32                                  0x08003ee0   Section        0  util.o(i.hex32)
    i.led_indicate_trx                       0x08003f06   Section        0  led.o(i.led_indicate_trx)
    i.led_init                               0x08003f32   Section        0  led.o(i.led_init)
    i.led_run_sequence                       0x08003f38   Section        0  led.o(i.led_run_sequence)
    i.led_set_mode                           0x08003f5a   Section        0  led.o(i.led_set_mode)
    i.led_set_sequence_step                  0x08003f60   Section        0  led.o(i.led_set_sequence_step)
    led_set_sequence_step                    0x08003f61   Thumb Code   110  led.o(i.led_set_sequence_step)
    i.led_update                             0x08003fd4   Section        0  led.o(i.led_update)
    i.main                                   0x08004084   Section        0  main.o(i.main)
    i.malloc                                 0x080043b8   Section        0  malloc.o(i.malloc)
    i.queue_create                           0x08004424   Section        0  queue.o(i.queue_create)
    i.queue_pop_front                        0x08004442   Section        0  queue.o(i.queue_pop_front)
    i.queue_pop_front_i                      0x08004472   Section        0  queue.o(i.queue_pop_front_i)
    i.queue_push_back                        0x08004498   Section        0  queue.o(i.queue_push_back)
    i.queue_push_back_i                      0x080044cc   Section        0  queue.o(i.queue_push_back_i)
    i.queue_push_front                       0x080044f6   Section        0  queue.o(i.queue_push_front)
    i.send_to_host_or_enqueue                0x08004530   Section        0  main.o(i.send_to_host_or_enqueue)
    send_to_host_or_enqueue                  0x08004531   Thumb Code    62  main.o(i.send_to_host_or_enqueue)
    .constdata                               0x08004578   Section       52  usbd_gs_can.o(.constdata)
    USBD_GS_CAN_dconf                        0x08004578   Data          12  usbd_gs_can.o(.constdata)
    USBD_GS_CAN_btconst                      0x08004584   Data          40  usbd_gs_can.o(.constdata)
    .constdata                               0x080045ac   Section       16  system_stm32f1xx.o(.constdata)
    .ARM.__AT_0x08010800                     0x08010800   Section        4  main.o(.ARM.__AT_0x08010800)
    MAGIC_NUMBER                             0x08010800   Data           4  main.o(.ARM.__AT_0x08010800)
    .ARM.__AT_0x08011000                     0x08011000   Section        4  main.o(.ARM.__AT_0x08011000)
    DUMMY_NUMBER                             0x08011000   Data           4  main.o(.ARM.__AT_0x08011000)
    .data                                    0x20000000   Section       20  main.o(.data)
    mIsBadBoy                                0x20000001   Data           1  main.o(.data)
    .data                                    0x20000014   Section       60  usbd_gs_can.o(.data)
    .data                                    0x20000050   Section      246  usbd_gs_can.o(.data)
    ifalt                                    0x20000050   Data           1  usbd_gs_can.o(.data)
    led_identify_seq                         0x20000051   Data           6  usbd_gs_can.o(.data)
    USBD_MS_COMP_ID_FEATURE_DESC             0x2000008c   Data          40  usbd_gs_can.o(.data)
    USBD_MS_EXT_PROP_FEATURE_DESC            0x200000b4   Data         146  usbd_gs_can.o(.data)
    .data                                    0x20000148   Section       28  usbd_desc.o(.data)
    .data                                    0x20000164   Section       22  usbd_desc.o(.data)
    .data                                    0x2000017c   Section        4  stm32f1xx_hal_msp.o(.data)
    HAL_RCC_CAN1_CLK_ENABLED                 0x2000017c   Data           4  stm32f1xx_hal_msp.o(.data)
    .data                                    0x20000180   Section       12  stm32f1xx_hal.o(.data)
    .data                                    0x2000018c   Section        4  system_stm32f1xx.o(.data)
    .data                                    0x20000190   Section        1  usbd_ctlreq.o(.data)
    cfgidx                                   0x20000190   Data           1  usbd_ctlreq.o(.data)
    .data                                    0x20000194   Section        4  mvars.o(.data)
    .data                                    0x20000198   Section        4  mvars.o(.data)
    .bss                                     0x2000019c   Section      968  main.o(.bss)
    .bss                                     0x20000564   Section     1024  usbd_conf.o(.bss)
    .bss                                     0x20000964   Section      128  usbd_desc.o(.bss)
    .bss                                     0x200009e8   Section       32  stm32f1xx_hal_flash.o(.bss)
    HEAP                                     0x20000a08   Section    24576  startup_stm32f105xc.o(HEAP)
    STACK                                    0x20006a08   Section     2048  startup_stm32f105xc.o(STACK)

    Global Symbols

    Symbol Name                              Value     Ov Type        Size  Object(Section)

    BuildAttributes$$THM_ISAv4$P$D$K$B$S$PE$A:L22UL41UL21$X:L11$S22US41US21$IEEE1$IW$USESV6$~STKCKD$USESV7$~SHL$OSPACE$EBA8$MICROLIB$REQ8$PRES8$EABIv2 0x00000000   Number         0  anon$$obj.o ABSOLUTE
    __ARM_use_no_argv                        0x00000000   Number         0  main.o ABSOLUTE
    __cpp_initialize__aeabi_                  - Undefined Weak Reference
    __cxa_finalize                            - Undefined Weak Reference
    _clock_init                               - Undefined Weak Reference
    _microlib_exit                            - Undefined Weak Reference
    __Vectors_Size                           0x00000150   Number         0  startup_stm32f105xc.o ABSOLUTE
    __Vectors                                0x08000000   Data           4  startup_stm32f105xc.o(RESET)
    __Vectors_End                            0x08000150   Data           0  startup_stm32f105xc.o(RESET)
    __main                                   0x08000151   Thumb Code     0  entry.o(.ARM.Collect$$$$00000000)
    _main_stk                                0x08000151   Thumb Code     0  entry2.o(.ARM.Collect$$$$00000001)
    _main_scatterload                        0x08000155   Thumb Code     0  entry5.o(.ARM.Collect$$$$00000004)
    __main_after_scatterload                 0x08000159   Thumb Code     0  entry5.o(.ARM.Collect$$$$00000004)
    _main_clock                              0x08000159   Thumb Code     0  entry7b.o(.ARM.Collect$$$$00000008)
    _main_cpp_init                           0x08000159   Thumb Code     0  entry8b.o(.ARM.Collect$$$$0000000A)
    _main_init                               0x08000159   Thumb Code     0  entry9a.o(.ARM.Collect$$$$0000000B)
    __rt_final_cpp                           0x08000161   Thumb Code     0  entry10a.o(.ARM.Collect$$$$0000000D)
    __rt_final_exit                          0x08000161   Thumb Code     0  entry11a.o(.ARM.Collect$$$$0000000F)
    Reset_Handler                            0x08000165   Thumb Code     8  startup_stm32f105xc.o(.text)
    ADC1_2_IRQHandler                        0x0800017f   Thumb Code     0  startup_stm32f105xc.o(.text)
    CAN1_RX0_IRQHandler                      0x0800017f   Thumb Code     0  startup_stm32f105xc.o(.text)
    CAN1_RX1_IRQHandler                      0x0800017f   Thumb Code     0  startup_stm32f105xc.o(.text)
    CAN1_SCE_IRQHandler                      0x0800017f   Thumb Code     0  startup_stm32f105xc.o(.text)
    CAN1_TX_IRQHandler                       0x0800017f   Thumb Code     0  startup_stm32f105xc.o(.text)
    CAN2_RX0_IRQHandler                      0x0800017f   Thumb Code     0  startup_stm32f105xc.o(.text)
    CAN2_RX1_IRQHandler                      0x0800017f   Thumb Code     0  startup_stm32f105xc.o(.text)
    CAN2_SCE_IRQHandler                      0x0800017f   Thumb Code     0  startup_stm32f105xc.o(.text)
    CAN2_TX_IRQHandler                       0x0800017f   Thumb Code     0  startup_stm32f105xc.o(.text)
    DMA1_Channel1_IRQHandler                 0x0800017f   Thumb Code     0  startup_stm32f105xc.o(.text)
    DMA1_Channel2_IRQHandler                 0x0800017f   Thumb Code     0  startup_stm32f105xc.o(.text)
    DMA1_Channel3_IRQHandler                 0x0800017f   Thumb Code     0  startup_stm32f105xc.o(.text)
    DMA1_Channel4_IRQHandler                 0x0800017f   Thumb Code     0  startup_stm32f105xc.o(.text)
    DMA1_Channel5_IRQHandler                 0x0800017f   Thumb Code     0  startup_stm32f105xc.o(.text)
    DMA1_Channel6_IRQHandler                 0x0800017f   Thumb Code     0  startup_stm32f105xc.o(.text)
    DMA1_Channel7_IRQHandler                 0x0800017f   Thumb Code     0  startup_stm32f105xc.o(.text)
    DMA2_Channel1_IRQHandler                 0x0800017f   Thumb Code     0  startup_stm32f105xc.o(.text)
    DMA2_Channel2_IRQHandler                 0x0800017f   Thumb Code     0  startup_stm32f105xc.o(.text)
    DMA2_Channel3_IRQHandler                 0x0800017f   Thumb Code     0  startup_stm32f105xc.o(.text)
    DMA2_Channel4_IRQHandler                 0x0800017f   Thumb Code     0  startup_stm32f105xc.o(.text)
    DMA2_Channel5_IRQHandler                 0x0800017f   Thumb Code     0  startup_stm32f105xc.o(.text)
    EXTI0_IRQHandler                         0x0800017f   Thumb Code     0  startup_stm32f105xc.o(.text)
    EXTI15_10_IRQHandler                     0x0800017f   Thumb Code     0  startup_stm32f105xc.o(.text)
    EXTI1_IRQHandler                         0x0800017f   Thumb Code     0  startup_stm32f105xc.o(.text)
    EXTI2_IRQHandler                         0x0800017f   Thumb Code     0  startup_stm32f105xc.o(.text)
    EXTI3_IRQHandler                         0x0800017f   Thumb Code     0  startup_stm32f105xc.o(.text)
    EXTI4_IRQHandler                         0x0800017f   Thumb Code     0  startup_stm32f105xc.o(.text)
    EXTI9_5_IRQHandler                       0x0800017f   Thumb Code     0  startup_stm32f105xc.o(.text)
    FLASH_IRQHandler                         0x0800017f   Thumb Code     0  startup_stm32f105xc.o(.text)
    I2C1_ER_IRQHandler                       0x0800017f   Thumb Code     0  startup_stm32f105xc.o(.text)
    I2C1_EV_IRQHandler                       0x0800017f   Thumb Code     0  startup_stm32f105xc.o(.text)
    I2C2_ER_IRQHandler                       0x0800017f   Thumb Code     0  startup_stm32f105xc.o(.text)
    I2C2_EV_IRQHandler                       0x0800017f   Thumb Code     0  startup_stm32f105xc.o(.text)
    OTG_FS_WKUP_IRQHandler                   0x0800017f   Thumb Code     0  startup_stm32f105xc.o(.text)
    PVD_IRQHandler                           0x0800017f   Thumb Code     0  startup_stm32f105xc.o(.text)
    RCC_IRQHandler                           0x0800017f   Thumb Code     0  startup_stm32f105xc.o(.text)
    RTC_Alarm_IRQHandler                     0x0800017f   Thumb Code     0  startup_stm32f105xc.o(.text)
    RTC_IRQHandler                           0x0800017f   Thumb Code     0  startup_stm32f105xc.o(.text)
    SPI1_IRQHandler                          0x0800017f   Thumb Code     0  startup_stm32f105xc.o(.text)
    SPI2_IRQHandler                          0x0800017f   Thumb Code     0  startup_stm32f105xc.o(.text)
    SPI3_IRQHandler                          0x0800017f   Thumb Code     0  startup_stm32f105xc.o(.text)
    TAMPER_IRQHandler                        0x0800017f   Thumb Code     0  startup_stm32f105xc.o(.text)
    TIM1_BRK_IRQHandler                      0x0800017f   Thumb Code     0  startup_stm32f105xc.o(.text)
    TIM1_CC_IRQHandler                       0x0800017f   Thumb Code     0  startup_stm32f105xc.o(.text)
    TIM1_TRG_COM_IRQHandler                  0x0800017f   Thumb Code     0  startup_stm32f105xc.o(.text)
    TIM1_UP_IRQHandler                       0x0800017f   Thumb Code     0  startup_stm32f105xc.o(.text)
    TIM2_IRQHandler                          0x0800017f   Thumb Code     0  startup_stm32f105xc.o(.text)
    TIM3_IRQHandler                          0x0800017f   Thumb Code     0  startup_stm32f105xc.o(.text)
    TIM4_IRQHandler                          0x0800017f   Thumb Code     0  startup_stm32f105xc.o(.text)
    TIM5_IRQHandler                          0x0800017f   Thumb Code     0  startup_stm32f105xc.o(.text)
    TIM6_IRQHandler                          0x0800017f   Thumb Code     0  startup_stm32f105xc.o(.text)
    TIM7_IRQHandler                          0x0800017f   Thumb Code     0  startup_stm32f105xc.o(.text)
    UART4_IRQHandler                         0x0800017f   Thumb Code     0  startup_stm32f105xc.o(.text)
    UART5_IRQHandler                         0x0800017f   Thumb Code     0  startup_stm32f105xc.o(.text)
    USART1_IRQHandler                        0x0800017f   Thumb Code     0  startup_stm32f105xc.o(.text)
    USART2_IRQHandler                        0x0800017f   Thumb Code     0  startup_stm32f105xc.o(.text)
    USART3_IRQHandler                        0x0800017f   Thumb Code     0  startup_stm32f105xc.o(.text)
    WWDG_IRQHandler                          0x0800017f   Thumb Code     0  startup_stm32f105xc.o(.text)
    __aeabi_uldivmod                         0x08000189   Thumb Code    98  uldiv.o(.text)
    __aeabi_llsr                             0x080001eb   Thumb Code    32  llushr.o(.text)
    _ll_ushift_r                             0x080001eb   Thumb Code     0  llushr.o(.text)
    __aeabi_memcpy                           0x0800020b   Thumb Code    36  memcpya.o(.text)
    __aeabi_memcpy4                          0x0800020b   Thumb Code     0  memcpya.o(.text)
    __aeabi_memcpy8                          0x0800020b   Thumb Code     0  memcpya.o(.text)
    __aeabi_memset                           0x0800022f   Thumb Code    14  memseta.o(.text)
    __aeabi_memset4                          0x0800022f   Thumb Code     0  memseta.o(.text)
    __aeabi_memset8                          0x0800022f   Thumb Code     0  memseta.o(.text)
    __aeabi_memclr                           0x0800023d   Thumb Code     4  memseta.o(.text)
    __aeabi_memclr4                          0x0800023d   Thumb Code     0  memseta.o(.text)
    __aeabi_memclr8                          0x0800023d   Thumb Code     0  memseta.o(.text)
    _memset$wrapper                          0x08000241   Thumb Code    18  memseta.o(.text)
    calloc                                   0x08000253   Thumb Code    28  calloc.o(.text)
    __aeabi_llsl                             0x0800026f   Thumb Code    30  llshl.o(.text)
    _ll_shift_l                              0x0800026f   Thumb Code     0  llshl.o(.text)
    __scatterload                            0x0800028d   Thumb Code    28  init.o(.text)
    __scatterload_rt2                        0x0800028d   Thumb Code     0  init.o(.text)
    __decompress                             0x080002b1   Thumb Code     0  __dczerorl2.o(.text)
    __decompress1                            0x080002b1   Thumb Code    86  __dczerorl2.o(.text)
    BusFault_Handler                         0x08000307   Thumb Code     2  stm32f1xx_it.o(i.BusFault_Handler)
    DebugMon_Handler                         0x08000309   Thumb Code     2  stm32f1xx_it.o(i.DebugMon_Handler)
    FLASH_PageErase                          0x0800050d   Thumb Code    28  stm32f1xx_hal_flash_ex.o(i.FLASH_PageErase)
    FLASH_WaitForLastOperation               0x080005a9   Thumb Code    80  stm32f1xx_hal_flash.o(i.FLASH_WaitForLastOperation)
    HAL_CAN_ConfigFilter                     0x080005fd   Thumb Code   262  stm32f1xx_hal_can.o(i.HAL_CAN_ConfigFilter)
    HAL_CAN_Init                             0x08000709   Thumb Code   282  stm32f1xx_hal_can.o(i.HAL_CAN_Init)
    HAL_CAN_MspInit                          0x08000825   Thumb Code   222  stm32f1xx_hal_msp.o(i.HAL_CAN_MspInit)
    HAL_Delay                                0x0800091d   Thumb Code    32  stm32f1xx_hal.o(i.HAL_Delay)
    HAL_FLASHEx_Erase                        0x08000941   Thumb Code   160  stm32f1xx_hal_flash_ex.o(i.HAL_FLASHEx_Erase)
    HAL_FLASHEx_OBErase                      0x080009e9   Thumb Code    74  stm32f1xx_hal_flash_ex.o(i.HAL_FLASHEx_OBErase)
    HAL_FLASHEx_OBGetConfig                  0x08000a3d   Thumb Code    30  stm32f1xx_hal_flash_ex.o(i.HAL_FLASHEx_OBGetConfig)
    HAL_FLASHEx_OBProgram                    0x08000a61   Thumb Code   186  stm32f1xx_hal_flash_ex.o(i.HAL_FLASHEx_OBProgram)
    HAL_FLASH_Lock                           0x08000b29   Thumb Code    14  stm32f1xx_hal_flash.o(i.HAL_FLASH_Lock)
    HAL_FLASH_OB_Launch                      0x08000b3d   Thumb Code     4  stm32f1xx_hal_flash.o(i.HAL_FLASH_OB_Launch)
    HAL_FLASH_OB_Lock                        0x08000b41   Thumb Code    14  stm32f1xx_hal_flash.o(i.HAL_FLASH_OB_Lock)
    HAL_FLASH_OB_Unlock                      0x08000b55   Thumb Code    24  stm32f1xx_hal_flash.o(i.HAL_FLASH_OB_Unlock)
    HAL_FLASH_Program                        0x08000b79   Thumb Code   120  stm32f1xx_hal_flash.o(i.HAL_FLASH_Program)
    HAL_FLASH_Unlock                         0x08000bf9   Thumb Code    28  stm32f1xx_hal_flash.o(i.HAL_FLASH_Unlock)
    HAL_GPIO_Init                            0x08000c21   Thumb Code   446  stm32f1xx_hal_gpio.o(i.HAL_GPIO_Init)
    HAL_GPIO_WritePin                        0x08000e01   Thumb Code    10  stm32f1xx_hal_gpio.o(i.HAL_GPIO_WritePin)
    HAL_GetTick                              0x08000e0d   Thumb Code     6  stm32f1xx_hal.o(i.HAL_GetTick)
    HAL_IncTick                              0x08000e19   Thumb Code    12  stm32f1xx_hal.o(i.HAL_IncTick)
    HAL_Init                                 0x08000e29   Thumb Code    32  stm32f1xx_hal.o(i.HAL_Init)
    HAL_InitTick                             0x08000e4d   Thumb Code    54  stm32f1xx_hal.o(i.HAL_InitTick)
    HAL_MspInit                              0x08000e8d   Thumb Code    52  stm32f1xx_hal_msp.o(i.HAL_MspInit)
    HAL_NVIC_EnableIRQ                       0x08000ec9   Thumb Code    26  stm32f1xx_hal_cortex.o(i.HAL_NVIC_EnableIRQ)
    HAL_NVIC_SetPriority                     0x08000ee5   Thumb Code    60  stm32f1xx_hal_cortex.o(i.HAL_NVIC_SetPriority)
    HAL_NVIC_SetPriorityGrouping             0x08000f25   Thumb Code    26  stm32f1xx_hal_cortex.o(i.HAL_NVIC_SetPriorityGrouping)
    HAL_NVIC_SystemReset                     0x08000f49   Thumb Code    26  stm32f1xx_hal_cortex.o(i.HAL_NVIC_SystemReset)
    HAL_PCDEx_SetRxFiFo                      0x08000f6d   Thumb Code     8  stm32f1xx_hal_pcd_ex.o(i.HAL_PCDEx_SetRxFiFo)
    HAL_PCDEx_SetTxFiFo                      0x08000f75   Thumb Code    68  stm32f1xx_hal_pcd_ex.o(i.HAL_PCDEx_SetTxFiFo)
    HAL_PCD_ConnectCallback                  0x08000fb9   Thumb Code     2  stm32f1xx_hal_pcd.o(i.HAL_PCD_ConnectCallback)
    HAL_PCD_DataInStageCallback              0x08000fbb   Thumb Code    18  usbd_conf.o(i.HAL_PCD_DataInStageCallback)
    HAL_PCD_DataOutStageCallback             0x08000fcd   Thumb Code    20  usbd_conf.o(i.HAL_PCD_DataOutStageCallback)
    HAL_PCD_DisconnectCallback               0x08000fe1   Thumb Code     2  stm32f1xx_hal_pcd.o(i.HAL_PCD_DisconnectCallback)
    HAL_PCD_EP_Close                         0x08000fe3   Thumb Code    76  stm32f1xx_hal_pcd.o(i.HAL_PCD_EP_Close)
    HAL_PCD_EP_ClrStall                      0x0800102f   Thumb Code    92  stm32f1xx_hal_pcd.o(i.HAL_PCD_EP_ClrStall)
    HAL_PCD_EP_GetRxCount                    0x0800108b   Thumb Code    18  stm32f1xx_hal_pcd.o(i.HAL_PCD_EP_GetRxCount)
    HAL_PCD_EP_Open                          0x0800109d   Thumb Code    96  stm32f1xx_hal_pcd.o(i.HAL_PCD_EP_Open)
    HAL_PCD_EP_Receive                       0x080010fd   Thumb Code    58  stm32f1xx_hal_pcd.o(i.HAL_PCD_EP_Receive)
    HAL_PCD_EP_SetStall                      0x08001137   Thumb Code   114  stm32f1xx_hal_pcd.o(i.HAL_PCD_EP_SetStall)
    HAL_PCD_EP_Transmit                      0x080011a9   Thumb Code    54  stm32f1xx_hal_pcd.o(i.HAL_PCD_EP_Transmit)
    HAL_PCD_IRQHandler                       0x080011e1   Thumb Code  1004  stm32f1xx_hal_pcd.o(i.HAL_PCD_IRQHandler)
    HAL_PCD_ISOINIncompleteCallback          0x080015d1   Thumb Code     2  stm32f1xx_hal_pcd.o(i.HAL_PCD_ISOINIncompleteCallback)
    HAL_PCD_ISOOUTIncompleteCallback         0x080015d3   Thumb Code     2  stm32f1xx_hal_pcd.o(i.HAL_PCD_ISOOUTIncompleteCallback)
    HAL_PCD_Init                             0x080015d5   Thumb Code   226  stm32f1xx_hal_pcd.o(i.HAL_PCD_Init)
    HAL_PCD_MspInit                          0x080016b9   Thumb Code    50  usbd_conf.o(i.HAL_PCD_MspInit)
    HAL_PCD_ResetCallback                    0x080016f1   Thumb Code    26  usbd_conf.o(i.HAL_PCD_ResetCallback)
    HAL_PCD_ResumeCallback                   0x0800170b   Thumb Code     8  usbd_conf.o(i.HAL_PCD_ResumeCallback)
    HAL_PCD_SOFCallback                      0x08001713   Thumb Code     8  usbd_conf.o(i.HAL_PCD_SOFCallback)
    HAL_PCD_SetAddress                       0x0800171b   Thumb Code    40  stm32f1xx_hal_pcd.o(i.HAL_PCD_SetAddress)
    HAL_PCD_SetupStageCallback               0x08001743   Thumb Code    86  usbd_conf.o(i.HAL_PCD_SetupStageCallback)
    HAL_PCD_Start                            0x08001799   Thumb Code    42  stm32f1xx_hal_pcd.o(i.HAL_PCD_Start)
    HAL_PCD_SuspendCallback                  0x080017c3   Thumb Code     8  usbd_conf.o(i.HAL_PCD_SuspendCallback)
    HAL_RCCEx_PeriphCLKConfig                0x080017cd   Thumb Code   374  stm32f1xx_hal_rcc_ex.o(i.HAL_RCCEx_PeriphCLKConfig)
    HAL_RCC_ClockConfig                      0x08001955   Thumb Code   280  stm32f1xx_hal_rcc.o(i.HAL_RCC_ClockConfig)
    HAL_RCC_GetHCLKFreq                      0x08001a81   Thumb Code     6  stm32f1xx_hal_rcc.o(i.HAL_RCC_GetHCLKFreq)
    HAL_RCC_GetSysClockFreq                  0x08001a8d   Thumb Code   148  stm32f1xx_hal_rcc.o(i.HAL_RCC_GetSysClockFreq)
    HAL_RCC_OscConfig                        0x08001b51   Thumb Code   974  stm32f1xx_hal_rcc.o(i.HAL_RCC_OscConfig)
    HAL_SYSTICK_Config                       0x08001f35   Thumb Code    40  stm32f1xx_hal_cortex.o(i.HAL_SYSTICK_Config)
    HAL_TIMEx_MasterConfigSynchronization    0x08001f5d   Thumb Code    66  stm32f1xx_hal_tim_ex.o(i.HAL_TIMEx_MasterConfigSynchronization)
    HAL_TIM_Base_Init                        0x08001f9f   Thumb Code    54  stm32f1xx_hal_tim.o(i.HAL_TIM_Base_Init)
    HAL_TIM_Base_MspInit                     0x08001fd5   Thumb Code    30  stm32f1xx_hal_msp.o(i.HAL_TIM_Base_MspInit)
    HAL_TIM_Base_Start                       0x08001ff9   Thumb Code    36  stm32f1xx_hal_tim.o(i.HAL_TIM_Base_Start)
    HAL_TIM_ConfigClockSource                0x0800201d   Thumb Code   214  stm32f1xx_hal_tim.o(i.HAL_TIM_ConfigClockSource)
    HardFault_Handler                        0x080020f3   Thumb Code     2  stm32f1xx_it.o(i.HardFault_Handler)
    MemManage_Handler                        0x08002299   Thumb Code     2  stm32f1xx_it.o(i.MemManage_Handler)
    NMI_Handler                              0x0800229b   Thumb Code     2  stm32f1xx_it.o(i.NMI_Handler)
    OTG_FS_IRQHandler                        0x0800229d   Thumb Code     6  stm32f1xx_it.o(i.OTG_FS_IRQHandler)
    PendSV_Handler                           0x08002341   Thumb Code     2  stm32f1xx_it.o(i.PendSV_Handler)
    SVC_Handler                              0x08002343   Thumb Code     2  stm32f1xx_it.o(i.SVC_Handler)
    SysTick_Handler                          0x08002345   Thumb Code     4  stm32f1xx_it.o(i.SysTick_Handler)
    SystemClock_Config                       0x08002349   Thumb Code   118  main.o(i.SystemClock_Config)
    SystemInit                               0x080023c5   Thumb Code    68  system_stm32f1xx.o(i.SystemInit)
    TIM_Base_SetConfig                       0x08002419   Thumb Code   106  stm32f1xx_hal_tim.o(i.TIM_Base_SetConfig)
    TIM_ETR_SetConfig                        0x08002495   Thumb Code    20  stm32f1xx_hal_tim.o(i.TIM_ETR_SetConfig)
    USBD_ClrClassConfig                      0x080024ff   Thumb Code    14  usbd_core.o(i.USBD_ClrClassConfig)
    USBD_CtlContinueRx                       0x0800250d   Thumb Code    16  usbd_ioreq.o(i.USBD_CtlContinueRx)
    USBD_CtlContinueSendData                 0x0800251d   Thumb Code    16  usbd_ioreq.o(i.USBD_CtlContinueSendData)
    USBD_CtlError                            0x0800252d   Thumb Code    22  usbd_ctlreq.o(i.USBD_CtlError)
    USBD_CtlPrepareRx                        0x08002543   Thumb Code    30  usbd_ioreq.o(i.USBD_CtlPrepareRx)
    USBD_CtlReceiveStatus                    0x08002561   Thumb Code    22  usbd_ioreq.o(i.USBD_CtlReceiveStatus)
    USBD_CtlSendData                         0x08002577   Thumb Code    26  usbd_ioreq.o(i.USBD_CtlSendData)
    USBD_CtlSendStatus                       0x08002591   Thumb Code    22  usbd_ioreq.o(i.USBD_CtlSendStatus)
    USBD_FS_ConfigStrDescriptor              0x080025a9   Thumb Code    16  usbd_desc.o(i.USBD_FS_ConfigStrDescriptor)
    USBD_FS_DeviceDescriptor                 0x080025d1   Thumb Code     8  usbd_desc.o(i.USBD_FS_DeviceDescriptor)
    USBD_FS_InterfaceStrDescriptor           0x080025dd   Thumb Code    16  usbd_desc.o(i.USBD_FS_InterfaceStrDescriptor)
    USBD_FS_LangIDStrDescriptor              0x08002605   Thumb Code     8  usbd_desc.o(i.USBD_FS_LangIDStrDescriptor)
    USBD_FS_ManufacturerStrDescriptor        0x08002611   Thumb Code    16  usbd_desc.o(i.USBD_FS_ManufacturerStrDescriptor)
    USBD_FS_ProductStrDescriptor             0x08002629   Thumb Code    16  usbd_desc.o(i.USBD_FS_ProductStrDescriptor)
    USBD_FS_SerialStrDescriptor              0x08002649   Thumb Code    56  usbd_desc.o(i.USBD_FS_SerialStrDescriptor)
    USBD_GS_CAN_CustomDeviceRequest          0x080026fd   Thumb Code    64  usbd_gs_can.o(i.USBD_GS_CAN_CustomDeviceRequest)
    USBD_GS_CAN_CustomInterfaceRequest       0x08002741   Thumb Code     4  usbd_gs_can.o(i.USBD_GS_CAN_CustomInterfaceRequest)
    USBD_GS_CAN_GetProtocolVersion           0x08002889   Thumb Code    18  usbd_gs_can.o(i.USBD_GS_CAN_GetProtocolVersion)
    USBD_GS_CAN_Init                         0x080028bd   Thumb Code    48  usbd_gs_can.o(i.USBD_GS_CAN_Init)
    USBD_GS_CAN_PrepareReceive               0x080028ed   Thumb Code    14  usbd_gs_can.o(i.USBD_GS_CAN_PrepareReceive)
    USBD_GS_CAN_SendFrame                    0x0800290b   Thumb Code    62  usbd_gs_can.o(i.USBD_GS_CAN_SendFrame)
    USBD_GS_CAN_SetChannel                   0x08002949   Thumb Code    20  usbd_gs_can.o(i.USBD_GS_CAN_SetChannel)
    USBD_GS_CAN_Transmit                     0x080029c5   Thumb Code    32  usbd_gs_can.o(i.USBD_GS_CAN_Transmit)
    USBD_GS_CAN_TxReady                      0x080029e5   Thumb Code    16  usbd_gs_can.o(i.USBD_GS_CAN_TxReady)
    USBD_GetString                           0x08002aef   Thumb Code    72  usbd_ctlreq.o(i.USBD_GetString)
    USBD_Init                                0x08002b37   Thumb Code    42  usbd_core.o(i.USBD_Init)
    USBD_LL_ClearStallEP                     0x08002b61   Thumb Code    14  usbd_conf.o(i.USBD_LL_ClearStallEP)
    USBD_LL_CloseEP                          0x08002b6f   Thumb Code    14  usbd_conf.o(i.USBD_LL_CloseEP)
    USBD_LL_DataInStage                      0x08002b7d   Thumb Code   198  usbd_core.o(i.USBD_LL_DataInStage)
    USBD_LL_DataOutStage                     0x08002c43   Thumb Code   130  usbd_core.o(i.USBD_LL_DataOutStage)
    USBD_LL_GetRxDataSize                    0x08002cc5   Thumb Code     8  usbd_conf.o(i.USBD_LL_GetRxDataSize)
    USBD_LL_Init                             0x08002ccd   Thumb Code    74  usbd_conf.o(i.USBD_LL_Init)
    USBD_LL_IsStallEP                        0x08002d1d   Thumb Code    32  usbd_conf.o(i.USBD_LL_IsStallEP)
    USBD_LL_OpenEP                           0x08002d3d   Thumb Code    20  usbd_conf.o(i.USBD_LL_OpenEP)
    USBD_LL_PrepareReceive                   0x08002d51   Thumb Code    14  usbd_conf.o(i.USBD_LL_PrepareReceive)
    USBD_LL_Reset                            0x08002d5f   Thumb Code    80  usbd_core.o(i.USBD_LL_Reset)
    USBD_LL_Resume                           0x08002daf   Thumb Code    20  usbd_core.o(i.USBD_LL_Resume)
    USBD_LL_SOF                              0x08002dc3   Thumb Code    24  usbd_core.o(i.USBD_LL_SOF)
    USBD_LL_SetSpeed                         0x08002ddb   Thumb Code     6  usbd_core.o(i.USBD_LL_SetSpeed)
    USBD_LL_SetUSBAddress                    0x08002de1   Thumb Code    14  usbd_conf.o(i.USBD_LL_SetUSBAddress)
    USBD_LL_SetupStage                       0x08002def   Thumb Code    90  usbd_core.o(i.USBD_LL_SetupStage)
    USBD_LL_StallEP                          0x08002e49   Thumb Code    14  usbd_conf.o(i.USBD_LL_StallEP)
    USBD_LL_Start                            0x08002e57   Thumb Code    14  usbd_conf.o(i.USBD_LL_Start)
    USBD_LL_Suspend                          0x08002e65   Thumb Code    18  usbd_core.o(i.USBD_LL_Suspend)
    USBD_LL_Transmit                         0x08002e77   Thumb Code    14  usbd_conf.o(i.USBD_LL_Transmit)
    USBD_ParseSetupRequest                   0x08002e85   Thumb Code    40  usbd_ctlreq.o(i.USBD_ParseSetupRequest)
    USBD_RegisterClass                       0x08002ead   Thumb Code    16  usbd_core.o(i.USBD_RegisterClass)
    USBD_SetClassConfig                      0x08002ebd   Thumb Code    22  usbd_core.o(i.USBD_SetClassConfig)
    USBD_Start                               0x08002f59   Thumb Code    10  usbd_core.o(i.USBD_Start)
    USBD_StdDevReq                           0x08002f63   Thumb Code   274  usbd_ctlreq.o(i.USBD_StdDevReq)
    USBD_StdEPReq                            0x08003075   Thumb Code   336  usbd_ctlreq.o(i.USBD_StdEPReq)
    USBD_StdItfReq                           0x080031c5   Thumb Code    78  usbd_ctlreq.o(i.USBD_StdItfReq)
    USB_ActivateEndpoint                     0x08003215   Thumb Code   122  stm32f1xx_ll_usb.o(i.USB_ActivateEndpoint)
    USB_ActivateSetup                        0x08003295   Thumb Code    28  stm32f1xx_ll_usb.o(i.USB_ActivateSetup)
    USB_CoreInit                             0x080032b1   Thumb Code    82  stm32f1xx_ll_usb.o(i.USB_CoreInit)
    USB_DeactivateEndpoint                   0x08003341   Thumb Code   118  stm32f1xx_ll_usb.o(i.USB_DeactivateEndpoint)
    USB_DevConnect                           0x080033c1   Thumb Code    24  stm32f1xx_ll_usb.o(i.USB_DevConnect)
    USB_DevDisconnect                        0x080033d9   Thumb Code    24  stm32f1xx_ll_usb.o(i.USB_DevDisconnect)
    USB_DevInit                              0x080033f1   Thumb Code   288  stm32f1xx_ll_usb.o(i.USB_DevInit)
    USB_DisableGlobalInt                     0x08003519   Thumb Code    12  stm32f1xx_ll_usb.o(i.USB_DisableGlobalInt)
    USB_EP0StartXfer                         0x08003525   Thumb Code   232  stm32f1xx_ll_usb.o(i.USB_EP0StartXfer)
    USB_EP0_OutStart                         0x08003611   Thumb Code    62  stm32f1xx_ll_usb.o(i.USB_EP0_OutStart)
    USB_EPClearStall                         0x08003655   Thumb Code    88  stm32f1xx_ll_usb.o(i.USB_EPClearStall)
    USB_EPSetStall                           0x080036ad   Thumb Code    88  stm32f1xx_ll_usb.o(i.USB_EPSetStall)
    USB_EPStartXfer                          0x08003705   Thumb Code   400  stm32f1xx_ll_usb.o(i.USB_EPStartXfer)
    USB_EnableGlobalInt                      0x08003899   Thumb Code    12  stm32f1xx_ll_usb.o(i.USB_EnableGlobalInt)
    USB_FlushRxFifo                          0x080038a5   Thumb Code    28  stm32f1xx_ll_usb.o(i.USB_FlushRxFifo)
    USB_FlushTxFifo                          0x080038c5   Thumb Code    32  stm32f1xx_ll_usb.o(i.USB_FlushTxFifo)
    USB_GetDevSpeed                          0x080038e9   Thumb Code    24  stm32f1xx_ll_usb.o(i.USB_GetDevSpeed)
    USB_GetMode                              0x08003901   Thumb Code     8  stm32f1xx_ll_usb.o(i.USB_GetMode)
    USB_ReadDevAllInEpInterrupt              0x08003909   Thumb Code    14  stm32f1xx_ll_usb.o(i.USB_ReadDevAllInEpInterrupt)
    USB_ReadDevAllOutEpInterrupt             0x08003917   Thumb Code    14  stm32f1xx_ll_usb.o(i.USB_ReadDevAllOutEpInterrupt)
    USB_ReadDevInEPInterrupt                 0x08003925   Thumb Code    36  stm32f1xx_ll_usb.o(i.USB_ReadDevInEPInterrupt)
    USB_ReadDevOutEPInterrupt                0x08003949   Thumb Code    16  stm32f1xx_ll_usb.o(i.USB_ReadDevOutEPInterrupt)
    USB_ReadInterrupts                       0x08003959   Thumb Code     8  stm32f1xx_ll_usb.o(i.USB_ReadInterrupts)
    USB_ReadPacket                           0x08003961   Thumb Code    28  stm32f1xx_ll_usb.o(i.USB_ReadPacket)
    USB_SetCurrentMode                       0x0800397d   Thumb Code    46  stm32f1xx_ll_usb.o(i.USB_SetCurrentMode)
    USB_SetDevAddress                        0x080039ab   Thumb Code    34  stm32f1xx_ll_usb.o(i.USB_SetDevAddress)
    USB_SetTurnaroundTime                    0x080039cd   Thumb Code   158  stm32f1xx_ll_usb.o(i.USB_SetTurnaroundTime)
    USB_WritePacket                          0x08003ab5   Thumb Code    32  stm32f1xx_ll_usb.o(i.USB_WritePacket)
    UsageFault_Handler                       0x08003ad5   Thumb Code     2  stm32f1xx_it.o(i.UsageFault_Handler)
    __scatterload_copy                       0x08003af7   Thumb Code    14  handlers.o(i.__scatterload_copy)
    __scatterload_null                       0x08003b05   Thumb Code     2  handlers.o(i.__scatterload_null)
    __scatterload_zeroinit                   0x08003b07   Thumb Code    14  handlers.o(i.__scatterload_zeroinit)
    can_disable                              0x08003b15   Thumb Code    12  can.o(i.can_disable)
    can_enable                               0x08003b21   Thumb Code   122  can.o(i.can_enable)
    can_get_error_status                     0x08003ba5   Thumb Code     6  can.o(i.can_get_error_status)
    can_init                                 0x08003bad   Thumb Code    84  can.o(i.can_init)
    can_is_enabled                           0x08003c0d   Thumb Code    12  can.o(i.can_is_enabled)
    can_is_rx_pending                        0x08003c19   Thumb Code    12  can.o(i.can_is_rx_pending)
    can_parse_error_status                   0x08003c25   Thumb Code   220  can.o(i.can_parse_error_status)
    can_receive                              0x08003d05   Thumb Code   116  can.o(i.can_receive)
    can_send                                 0x08003d79   Thumb Code   136  can.o(i.can_send)
    can_set_bittiming                        0x08003e01   Thumb Code    50  can.o(i.can_set_bittiming)
    hex32                                    0x08003ee1   Thumb Code    38  util.o(i.hex32)
    led_indicate_trx                         0x08003f07   Thumb Code    44  led.o(i.led_indicate_trx)
    led_init                                 0x08003f33   Thumb Code     6  led.o(i.led_init)
    led_run_sequence                         0x08003f39   Thumb Code    34  led.o(i.led_run_sequence)
    led_set_mode                             0x08003f5b   Thumb Code     6  led.o(i.led_set_mode)
    led_update                               0x08003fd5   Thumb Code   172  led.o(i.led_update)
    main                                     0x08004085   Thumb Code   788  main.o(i.main)
    malloc                                   0x080043b9   Thumb Code    92  malloc.o(i.malloc)
    queue_create                             0x08004425   Thumb Code    30  queue.o(i.queue_create)
    queue_pop_front                          0x08004443   Thumb Code    48  queue.o(i.queue_pop_front)
    queue_pop_front_i                        0x08004473   Thumb Code    38  queue.o(i.queue_pop_front_i)
    queue_push_back                          0x08004499   Thumb Code    52  queue.o(i.queue_push_back)
    queue_push_back_i                        0x080044cd   Thumb Code    42  queue.o(i.queue_push_back_i)
    queue_push_front                         0x080044f7   Thumb Code    56  queue.o(i.queue_push_front)
    AHBPrescTable                            0x080045ac   Data          16  system_stm32f1xx.o(.constdata)
    Region$$Table$$Base                      0x080045bc   Number         0  anon$$obj.o(Region$$Table)
    Region$$Table$$Limit                     0x080045dc   Number         0  anon$$obj.o(Region$$Table)
    gEchoBackEnable                          0x20000000   Data           1  main.o(.data)
    pCAN                                     0x20000004   Data           4  main.o(.data)
    q_frame_pool                             0x20000008   Data           4  main.o(.data)
    q_from_host                              0x2000000c   Data           4  main.o(.data)
    q_to_host                                0x20000010   Data           4  main.o(.data)
    USBD_GS_CAN                              0x20000014   Data          60  usbd_gs_can.o(.data)
    USBD_GS_CAN_CfgDesc                      0x20000058   Data          32  usbd_gs_can.o(.data)
    USBD_GS_CAN_WINUSB_STR                   0x20000078   Data          18  usbd_gs_can.o(.data)
    FS_Desc                                  0x20000148   Data          28  usbd_desc.o(.data)
    USBD_LangIDDesc                          0x20000164   Data           4  usbd_desc.o(.data)
    USBD_FS_DeviceDesc                       0x20000168   Data          18  usbd_desc.o(.data)
    uwTickFreq                               0x20000180   Data           1  stm32f1xx_hal.o(.data)
    uwTickPrio                               0x20000184   Data           4  stm32f1xx_hal.o(.data)
    uwTick                                   0x20000188   Data           4  stm32f1xx_hal.o(.data)
    SystemCoreClock                          0x2000018c   Data           4  system_stm32f1xx.o(.data)
    __microlib_freelist                      0x20000194   Data           4  mvars.o(.data)
    __microlib_freelist_initialised          0x20000198   Data           4  mvars.o(.data)
    hcan1                                    0x2000019c   Data          40  main.o(.bss)
    hcan2                                    0x200001c4   Data          40  main.o(.bss)
    htim2                                    0x200001ec   Data          64  main.o(.bss)
    hCAN1                                    0x2000022c   Data          16  main.o(.bss)
    hCAN2                                    0x2000023c   Data          16  main.o(.bss)
    hUSB                                     0x2000024c   Data         708  main.o(.bss)
    hLED0                                    0x20000510   Data          28  main.o(.bss)
    hLED1                                    0x2000052c   Data          28  main.o(.bss)
    hLED2                                    0x20000548   Data          28  main.o(.bss)
    hpcd_USB_OTG_FS                          0x20000564   Data        1024  usbd_conf.o(.bss)
    USBD_StrDesc                             0x20000964   Data         128  usbd_desc.o(.bss)
    pFlash                                   0x200009e8   Data          32  stm32f1xx_hal_flash.o(.bss)
    __heap_base                              0x20000a08   Data           0  startup_stm32f105xc.o(HEAP)
    __heap_limit                             0x20006a08   Data           0  startup_stm32f105xc.o(HEAP)
    __initial_sp                             0x20007208   Data           0  startup_stm32f105xc.o(STACK)



==============================================================================

Memory Map of the image

  Image Entry point : 0x08000151

  Load Region LR_IROM1 (Base: 0x08000000, Size: 0x000111a0, Max: 0x00040000, ABSOLUTE, COMPRESSED[0x0001110c])

    Execution Region ER_IROM1 (Exec base: 0x08000000, Load base: 0x08000000, Size: 0x00011004, Max: 0x00040000, ABSOLUTE)

    Exec Addr    Load Addr    Size         Type   Attr      Idx    E Section Name        Object

    0x08000000   0x08000000   0x00000150   Data   RO            3    RESET               startup_stm32f105xc.o
    0x08000150   0x08000150   0x00000000   Code   RO         4156  * .ARM.Collect$$$$00000000  mc_w.l(entry.o)
    0x08000150   0x08000150   0x00000004   Code   RO         4199    .ARM.Collect$$$$00000001  mc_w.l(entry2.o)
    0x08000154   0x08000154   0x00000004   Code   RO         4202    .ARM.Collect$$$$00000004  mc_w.l(entry5.o)
    0x08000158   0x08000158   0x00000000   Code   RO         4204    .ARM.Collect$$$$00000008  mc_w.l(entry7b.o)
    0x08000158   0x08000158   0x00000000   Code   RO         4206    .ARM.Collect$$$$0000000A  mc_w.l(entry8b.o)
    0x08000158   0x08000158   0x00000008   Code   RO         4207    .ARM.Collect$$$$0000000B  mc_w.l(entry9a.o)
    0x08000160   0x08000160   0x00000000   Code   RO         4209    .ARM.Collect$$$$0000000D  mc_w.l(entry10a.o)
    0x08000160   0x08000160   0x00000000   Code   RO         4211    .ARM.Collect$$$$0000000F  mc_w.l(entry11a.o)
    0x08000160   0x08000160   0x00000004   Code   RO         4200    .ARM.Collect$$$$00002712  mc_w.l(entry2.o)
    0x08000164   0x08000164   0x00000024   Code   RO            4    .text               startup_stm32f105xc.o
    0x08000188   0x08000188   0x00000062   Code   RO         4159    .text               mc_w.l(uldiv.o)
    0x080001ea   0x080001ea   0x00000020   Code   RO         4161    .text               mc_w.l(llushr.o)
    0x0800020a   0x0800020a   0x00000024   Code   RO         4163    .text               mc_w.l(memcpya.o)
    0x0800022e   0x0800022e   0x00000024   Code   RO         4165    .text               mc_w.l(memseta.o)
    0x08000252   0x08000252   0x0000001c   Code   RO         4197    .text               mc_w.l(calloc.o)
    0x0800026e   0x0800026e   0x0000001e   Code   RO         4213    .text               mc_w.l(llshl.o)
    0x0800028c   0x0800028c   0x00000024   Code   RO         4217    .text               mc_w.l(init.o)
    0x080002b0   0x080002b0   0x00000056   Code   RO         4227    .text               mc_w.l(__dczerorl2.o)
    0x08000306   0x08000306   0x00000002   Code   RO          971    i.BusFault_Handler  stm32f1xx_it.o
    0x08000308   0x08000308   0x00000002   Code   RO          972    i.DebugMon_Handler  stm32f1xx_it.o
    0x0800030a   0x0800030a   0x00000002   PAD
    0x0800030c   0x0800030c   0x00000024   Code   RO         2539    i.FLASH_MassErase   stm32f1xx_hal_flash_ex.o
    0x08000330   0x08000330   0x000000b0   Code   RO         2540    i.FLASH_OB_DisableWRP  stm32f1xx_hal_flash_ex.o
    0x080003e0   0x080003e0   0x000000b0   Code   RO         2541    i.FLASH_OB_EnableWRP  stm32f1xx_hal_flash_ex.o
    0x08000490   0x08000490   0x00000018   Code   RO         2542    i.FLASH_OB_GetRDP   stm32f1xx_hal_flash_ex.o
    0x080004a8   0x080004a8   0x00000064   Code   RO         2543    i.FLASH_OB_RDP_LevelConfig  stm32f1xx_hal_flash_ex.o
    0x0800050c   0x0800050c   0x00000024   Code   RO         2544    i.FLASH_PageErase   stm32f1xx_hal_flash_ex.o
    0x08000530   0x08000530   0x0000001c   Code   RO         2436    i.FLASH_Program_HalfWord  stm32f1xx_hal_flash.o
    0x0800054c   0x0800054c   0x0000005c   Code   RO         2437    i.FLASH_SetErrorCode  stm32f1xx_hal_flash.o
    0x080005a8   0x080005a8   0x00000054   Code   RO         2438    i.FLASH_WaitForLastOperation  stm32f1xx_hal_flash.o
    0x080005fc   0x080005fc   0x0000010c   Code   RO         2699    i.HAL_CAN_ConfigFilter  stm32f1xx_hal_can.o
    0x08000708   0x08000708   0x0000011a   Code   RO         2710    i.HAL_CAN_Init      stm32f1xx_hal_can.o
    0x08000822   0x08000822   0x00000002   PAD
    0x08000824   0x08000824   0x000000f8   Code   RO         1054    i.HAL_CAN_MspInit   stm32f1xx_hal_msp.o
    0x0800091c   0x0800091c   0x00000024   Code   RO         1704    i.HAL_Delay         stm32f1xx_hal.o
    0x08000940   0x08000940   0x000000a8   Code   RO         2545    i.HAL_FLASHEx_Erase  stm32f1xx_hal_flash_ex.o
    0x080009e8   0x080009e8   0x00000054   Code   RO         2547    i.HAL_FLASHEx_OBErase  stm32f1xx_hal_flash_ex.o
    0x08000a3c   0x08000a3c   0x00000024   Code   RO         2548    i.HAL_FLASHEx_OBGetConfig  stm32f1xx_hal_flash_ex.o
    0x08000a60   0x08000a60   0x000000c8   Code   RO         2550    i.HAL_FLASHEx_OBProgram  stm32f1xx_hal_flash_ex.o
    0x08000b28   0x08000b28   0x00000014   Code   RO         2442    i.HAL_FLASH_Lock    stm32f1xx_hal_flash.o
    0x08000b3c   0x08000b3c   0x00000004   Code   RO         2443    i.HAL_FLASH_OB_Launch  stm32f1xx_hal_flash.o
    0x08000b40   0x08000b40   0x00000014   Code   RO         2444    i.HAL_FLASH_OB_Lock  stm32f1xx_hal_flash.o
    0x08000b54   0x08000b54   0x00000024   Code   RO         2445    i.HAL_FLASH_OB_Unlock  stm32f1xx_hal_flash.o
    0x08000b78   0x08000b78   0x00000080   Code   RO         2447    i.HAL_FLASH_Program  stm32f1xx_hal_flash.o
    0x08000bf8   0x08000bf8   0x00000028   Code   RO         2449    i.HAL_FLASH_Unlock  stm32f1xx_hal_flash.o
    0x08000c20   0x08000c20   0x000001e0   Code   RO         2036    i.HAL_GPIO_Init     stm32f1xx_hal_gpio.o
    0x08000e00   0x08000e00   0x0000000a   Code   RO         2040    i.HAL_GPIO_WritePin  stm32f1xx_hal_gpio.o
    0x08000e0a   0x08000e0a   0x00000002   PAD
    0x08000e0c   0x08000e0c   0x0000000c   Code   RO         1708    i.HAL_GetTick       stm32f1xx_hal.o
    0x08000e18   0x08000e18   0x00000010   Code   RO         1714    i.HAL_IncTick       stm32f1xx_hal.o
    0x08000e28   0x08000e28   0x00000024   Code   RO         1715    i.HAL_Init          stm32f1xx_hal.o
    0x08000e4c   0x08000e4c   0x00000040   Code   RO         1716    i.HAL_InitTick      stm32f1xx_hal.o
    0x08000e8c   0x08000e8c   0x0000003c   Code   RO         1055    i.HAL_MspInit       stm32f1xx_hal_msp.o
    0x08000ec8   0x08000ec8   0x0000001a   Code   RO         2196    i.HAL_NVIC_EnableIRQ  stm32f1xx_hal_cortex.o
    0x08000ee2   0x08000ee2   0x00000002   PAD
    0x08000ee4   0x08000ee4   0x00000040   Code   RO         2202    i.HAL_NVIC_SetPriority  stm32f1xx_hal_cortex.o
    0x08000f24   0x08000f24   0x00000024   Code   RO         2203    i.HAL_NVIC_SetPriorityGrouping  stm32f1xx_hal_cortex.o
    0x08000f48   0x08000f48   0x00000024   Code   RO         2204    i.HAL_NVIC_SystemReset  stm32f1xx_hal_cortex.o
    0x08000f6c   0x08000f6c   0x00000008   Code   RO         1356    i.HAL_PCDEx_SetRxFiFo  stm32f1xx_hal_pcd_ex.o
    0x08000f74   0x08000f74   0x00000044   Code   RO         1357    i.HAL_PCDEx_SetTxFiFo  stm32f1xx_hal_pcd_ex.o
    0x08000fb8   0x08000fb8   0x00000002   Code   RO         1140    i.HAL_PCD_ConnectCallback  stm32f1xx_hal_pcd.o
    0x08000fba   0x08000fba   0x00000012   Code   RO          725    i.HAL_PCD_DataInStageCallback  usbd_conf.o
    0x08000fcc   0x08000fcc   0x00000014   Code   RO          726    i.HAL_PCD_DataOutStageCallback  usbd_conf.o
    0x08000fe0   0x08000fe0   0x00000002   Code   RO         1147    i.HAL_PCD_DisconnectCallback  stm32f1xx_hal_pcd.o
    0x08000fe2   0x08000fe2   0x0000004c   Code   RO         1148    i.HAL_PCD_EP_Close  stm32f1xx_hal_pcd.o
    0x0800102e   0x0800102e   0x0000005c   Code   RO         1149    i.HAL_PCD_EP_ClrStall  stm32f1xx_hal_pcd.o
    0x0800108a   0x0800108a   0x00000012   Code   RO         1151    i.HAL_PCD_EP_GetRxCount  stm32f1xx_hal_pcd.o
    0x0800109c   0x0800109c   0x00000060   Code   RO         1152    i.HAL_PCD_EP_Open   stm32f1xx_hal_pcd.o
    0x080010fc   0x080010fc   0x0000003a   Code   RO         1153    i.HAL_PCD_EP_Receive  stm32f1xx_hal_pcd.o
    0x08001136   0x08001136   0x00000072   Code   RO         1154    i.HAL_PCD_EP_SetStall  stm32f1xx_hal_pcd.o
    0x080011a8   0x080011a8   0x00000036   Code   RO         1155    i.HAL_PCD_EP_Transmit  stm32f1xx_hal_pcd.o
    0x080011de   0x080011de   0x00000002   PAD
    0x080011e0   0x080011e0   0x000003f0   Code   RO         1157    i.HAL_PCD_IRQHandler  stm32f1xx_hal_pcd.o
    0x080015d0   0x080015d0   0x00000002   Code   RO         1158    i.HAL_PCD_ISOINIncompleteCallback  stm32f1xx_hal_pcd.o
    0x080015d2   0x080015d2   0x00000002   Code   RO         1159    i.HAL_PCD_ISOOUTIncompleteCallback  stm32f1xx_hal_pcd.o
    0x080015d4   0x080015d4   0x000000e2   Code   RO         1160    i.HAL_PCD_Init      stm32f1xx_hal_pcd.o
    0x080016b6   0x080016b6   0x00000002   PAD
    0x080016b8   0x080016b8   0x00000038   Code   RO          728    i.HAL_PCD_MspInit   usbd_conf.o
    0x080016f0   0x080016f0   0x0000001a   Code   RO          729    i.HAL_PCD_ResetCallback  usbd_conf.o
    0x0800170a   0x0800170a   0x00000008   Code   RO          730    i.HAL_PCD_ResumeCallback  usbd_conf.o
    0x08001712   0x08001712   0x00000008   Code   RO          731    i.HAL_PCD_SOFCallback  usbd_conf.o
    0x0800171a   0x0800171a   0x00000028   Code   RO         1166    i.HAL_PCD_SetAddress  stm32f1xx_hal_pcd.o
    0x08001742   0x08001742   0x00000056   Code   RO          732    i.HAL_PCD_SetupStageCallback  usbd_conf.o
    0x08001798   0x08001798   0x0000002a   Code   RO         1168    i.HAL_PCD_Start     stm32f1xx_hal_pcd.o
    0x080017c2   0x080017c2   0x00000008   Code   RO          733    i.HAL_PCD_SuspendCallback  usbd_conf.o
    0x080017ca   0x080017ca   0x00000002   PAD
    0x080017cc   0x080017cc   0x00000188   Code   RO         1979    i.HAL_RCCEx_PeriphCLKConfig  stm32f1xx_hal_rcc_ex.o
    0x08001954   0x08001954   0x0000012c   Code   RO         1872    i.HAL_RCC_ClockConfig  stm32f1xx_hal_rcc.o
    0x08001a80   0x08001a80   0x0000000c   Code   RO         1877    i.HAL_RCC_GetHCLKFreq  stm32f1xx_hal_rcc.o
    0x08001a8c   0x08001a8c   0x000000c4   Code   RO         1881    i.HAL_RCC_GetSysClockFreq  stm32f1xx_hal_rcc.o
    0x08001b50   0x08001b50   0x000003e4   Code   RO         1884    i.HAL_RCC_OscConfig  stm32f1xx_hal_rcc.o
    0x08001f34   0x08001f34   0x00000028   Code   RO         2207    i.HAL_SYSTICK_Config  stm32f1xx_hal_cortex.o
    0x08001f5c   0x08001f5c   0x00000042   Code   RO         3625    i.HAL_TIMEx_MasterConfigSynchronization  stm32f1xx_hal_tim_ex.o
    0x08001f9e   0x08001f9e   0x00000036   Code   RO         2932    i.HAL_TIM_Base_Init  stm32f1xx_hal_tim.o
    0x08001fd4   0x08001fd4   0x00000024   Code   RO         1057    i.HAL_TIM_Base_MspInit  stm32f1xx_hal_msp.o
    0x08001ff8   0x08001ff8   0x00000024   Code   RO         2935    i.HAL_TIM_Base_Start  stm32f1xx_hal_tim.o
    0x0800201c   0x0800201c   0x000000d6   Code   RO         2941    i.HAL_TIM_ConfigClockSource  stm32f1xx_hal_tim.o
    0x080020f2   0x080020f2   0x00000002   Code   RO          973    i.HardFault_Handler  stm32f1xx_it.o
    0x080020f4   0x080020f4   0x00000030   Code   RO           14    i.MX_CAN1_Init      main.o
    0x08002124   0x08002124   0x00000030   Code   RO           15    i.MX_CAN2_Init      main.o
    0x08002154   0x08002154   0x000000f4   Code   RO           16    i.MX_GPIO_Init      main.o
    0x08002248   0x08002248   0x00000050   Code   RO           17    i.MX_TIM2_Init      main.o
    0x08002298   0x08002298   0x00000002   Code   RO          974    i.MemManage_Handler  stm32f1xx_it.o
    0x0800229a   0x0800229a   0x00000002   Code   RO          975    i.NMI_Handler       stm32f1xx_it.o
    0x0800229c   0x0800229c   0x0000000c   Code   RO          976    i.OTG_FS_IRQHandler  stm32f1xx_it.o
    0x080022a8   0x080022a8   0x00000098   Code   RO         1171    i.PCD_WriteEmptyTxFifo  stm32f1xx_hal_pcd.o
    0x08002340   0x08002340   0x00000002   Code   RO          977    i.PendSV_Handler    stm32f1xx_it.o
    0x08002342   0x08002342   0x00000002   Code   RO          978    i.SVC_Handler       stm32f1xx_it.o
    0x08002344   0x08002344   0x00000004   Code   RO          979    i.SysTick_Handler   stm32f1xx_it.o
    0x08002348   0x08002348   0x0000007c   Code   RO           18    i.SystemClock_Config  main.o
    0x080023c4   0x080023c4   0x00000054   Code   RO         3859    i.SystemInit        system_stm32f1xx.o
    0x08002418   0x08002418   0x0000007c   Code   RO         3020    i.TIM_Base_SetConfig  stm32f1xx_hal_tim.o
    0x08002494   0x08002494   0x00000014   Code   RO         3031    i.TIM_ETR_SetConfig  stm32f1xx_hal_tim.o
    0x080024a8   0x080024a8   0x00000010   Code   RO         3032    i.TIM_ITRx_SetConfig  stm32f1xx_hal_tim.o
    0x080024b8   0x080024b8   0x00000022   Code   RO         3038    i.TIM_TI1_ConfigInputStage  stm32f1xx_hal_tim.o
    0x080024da   0x080024da   0x00000024   Code   RO         3040    i.TIM_TI2_ConfigInputStage  stm32f1xx_hal_tim.o
    0x080024fe   0x080024fe   0x0000000e   Code   RO         3896    i.USBD_ClrClassConfig  usbd_core.o
    0x0800250c   0x0800250c   0x00000010   Code   RO         4099    i.USBD_CtlContinueRx  usbd_ioreq.o
    0x0800251c   0x0800251c   0x00000010   Code   RO         4100    i.USBD_CtlContinueSendData  usbd_ioreq.o
    0x0800252c   0x0800252c   0x00000016   Code   RO         4034    i.USBD_CtlError     usbd_ctlreq.o
    0x08002542   0x08002542   0x0000001e   Code   RO         4101    i.USBD_CtlPrepareRx  usbd_ioreq.o
    0x08002560   0x08002560   0x00000016   Code   RO         4102    i.USBD_CtlReceiveStatus  usbd_ioreq.o
    0x08002576   0x08002576   0x0000001a   Code   RO         4103    i.USBD_CtlSendData  usbd_ioreq.o
    0x08002590   0x08002590   0x00000016   Code   RO         4104    i.USBD_CtlSendStatus  usbd_ioreq.o
    0x080025a6   0x080025a6   0x00000002   PAD
    0x080025a8   0x080025a8   0x00000028   Code   RO          903    i.USBD_FS_ConfigStrDescriptor  usbd_desc.o
    0x080025d0   0x080025d0   0x0000000c   Code   RO          904    i.USBD_FS_DeviceDescriptor  usbd_desc.o
    0x080025dc   0x080025dc   0x00000028   Code   RO          905    i.USBD_FS_InterfaceStrDescriptor  usbd_desc.o
    0x08002604   0x08002604   0x0000000c   Code   RO          906    i.USBD_FS_LangIDStrDescriptor  usbd_desc.o
    0x08002610   0x08002610   0x00000018   Code   RO          907    i.USBD_FS_ManufacturerStrDescriptor  usbd_desc.o
    0x08002628   0x08002628   0x00000020   Code   RO          908    i.USBD_FS_ProductStrDescriptor  usbd_desc.o
    0x08002648   0x08002648   0x00000040   Code   RO          909    i.USBD_FS_SerialStrDescriptor  usbd_desc.o
    0x08002688   0x08002688   0x00000074   Code   RO          583    i.USBD_GS_CAN_Config_Request  usbd_gs_can.o
    0x080026fc   0x080026fc   0x00000044   Code   RO          584    i.USBD_GS_CAN_CustomDeviceRequest  usbd_gs_can.o
    0x08002740   0x08002740   0x00000004   Code   RO          585    i.USBD_GS_CAN_CustomInterfaceRequest  usbd_gs_can.o
    0x08002744   0x08002744   0x0000000c   Code   RO          586    i.USBD_GS_CAN_DataIn  usbd_gs_can.o
    0x08002750   0x08002750   0x00000036   Code   RO          587    i.USBD_GS_CAN_DataOut  usbd_gs_can.o
    0x08002786   0x08002786   0x00000016   Code   RO          588    i.USBD_GS_CAN_DeInit  usbd_gs_can.o
    0x0800279c   0x0800279c   0x000000e0   Code   RO          589    i.USBD_GS_CAN_EP0_RxReady  usbd_gs_can.o
    0x0800287c   0x0800287c   0x0000000c   Code   RO          590    i.USBD_GS_CAN_GetCfgDesc  usbd_gs_can.o
    0x08002888   0x08002888   0x00000012   Code   RO          592    i.USBD_GS_CAN_GetProtocolVersion  usbd_gs_can.o
    0x0800289a   0x0800289a   0x00000002   PAD
    0x0800289c   0x0800289c   0x00000020   Code   RO          593    i.USBD_GS_CAN_GetStrDesc  usbd_gs_can.o
    0x080028bc   0x080028bc   0x00000030   Code   RO          594    i.USBD_GS_CAN_Init  usbd_gs_can.o
    0x080028ec   0x080028ec   0x0000000e   Code   RO          703    i.USBD_GS_CAN_PrepareReceive  usbd_gs_can.o
    0x080028fa   0x080028fa   0x00000010   Code   RO          595    i.USBD_GS_CAN_SOF   usbd_gs_can.o
    0x0800290a   0x0800290a   0x0000003e   Code   RO          596    i.USBD_GS_CAN_SendFrame  usbd_gs_can.o
    0x08002948   0x08002948   0x00000014   Code   RO          597    i.USBD_GS_CAN_SetChannel  usbd_gs_can.o
    0x0800295c   0x0800295c   0x00000030   Code   RO          598    i.USBD_GS_CAN_Setup  usbd_gs_can.o
    0x0800298c   0x0800298c   0x00000038   Code   RO          599    i.USBD_GS_CAN_Start  usbd_gs_can.o
    0x080029c4   0x080029c4   0x00000020   Code   RO          600    i.USBD_GS_CAN_Transmit  usbd_gs_can.o
    0x080029e4   0x080029e4   0x00000010   Code   RO          601    i.USBD_GS_CAN_TxReady  usbd_gs_can.o
    0x080029f4   0x080029f4   0x000000fa   Code   RO         4035    i.USBD_GetDescriptor  usbd_ctlreq.o
    0x08002aee   0x08002aee   0x00000048   Code   RO         4036    i.USBD_GetString    usbd_ctlreq.o
    0x08002b36   0x08002b36   0x0000002a   Code   RO         3898    i.USBD_Init         usbd_core.o
    0x08002b60   0x08002b60   0x0000000e   Code   RO          734    i.USBD_LL_ClearStallEP  usbd_conf.o
    0x08002b6e   0x08002b6e   0x0000000e   Code   RO          735    i.USBD_LL_CloseEP   usbd_conf.o
    0x08002b7c   0x08002b7c   0x000000c6   Code   RO         3899    i.USBD_LL_DataInStage  usbd_core.o
    0x08002c42   0x08002c42   0x00000082   Code   RO         3900    i.USBD_LL_DataOutStage  usbd_core.o
    0x08002cc4   0x08002cc4   0x00000008   Code   RO          738    i.USBD_LL_GetRxDataSize  usbd_conf.o
    0x08002ccc   0x08002ccc   0x00000050   Code   RO          739    i.USBD_LL_Init      usbd_conf.o
    0x08002d1c   0x08002d1c   0x00000020   Code   RO          740    i.USBD_LL_IsStallEP  usbd_conf.o
    0x08002d3c   0x08002d3c   0x00000014   Code   RO          741    i.USBD_LL_OpenEP    usbd_conf.o
    0x08002d50   0x08002d50   0x0000000e   Code   RO          742    i.USBD_LL_PrepareReceive  usbd_conf.o
    0x08002d5e   0x08002d5e   0x00000050   Code   RO         3905    i.USBD_LL_Reset     usbd_core.o
    0x08002dae   0x08002dae   0x00000014   Code   RO         3906    i.USBD_LL_Resume    usbd_core.o
    0x08002dc2   0x08002dc2   0x00000018   Code   RO         3907    i.USBD_LL_SOF       usbd_core.o
    0x08002dda   0x08002dda   0x00000006   Code   RO         3908    i.USBD_LL_SetSpeed  usbd_core.o
    0x08002de0   0x08002de0   0x0000000e   Code   RO          743    i.USBD_LL_SetUSBAddress  usbd_conf.o
    0x08002dee   0x08002dee   0x0000005a   Code   RO         3909    i.USBD_LL_SetupStage  usbd_core.o
    0x08002e48   0x08002e48   0x0000000e   Code   RO          744    i.USBD_LL_StallEP   usbd_conf.o
    0x08002e56   0x08002e56   0x0000000e   Code   RO          745    i.USBD_LL_Start     usbd_conf.o
    0x08002e64   0x08002e64   0x00000012   Code   RO         3910    i.USBD_LL_Suspend   usbd_core.o
    0x08002e76   0x08002e76   0x0000000e   Code   RO          747    i.USBD_LL_Transmit  usbd_conf.o
    0x08002e84   0x08002e84   0x00000028   Code   RO         4037    i.USBD_ParseSetupRequest  usbd_ctlreq.o
    0x08002eac   0x08002eac   0x00000010   Code   RO         3911    i.USBD_RegisterClass  usbd_core.o
    0x08002ebc   0x08002ebc   0x00000016   Code   RO         3913    i.USBD_SetClassConfig  usbd_core.o
    0x08002ed2   0x08002ed2   0x00000002   PAD
    0x08002ed4   0x08002ed4   0x00000084   Code   RO         4038    i.USBD_SetConfig    usbd_ctlreq.o
    0x08002f58   0x08002f58   0x0000000a   Code   RO         3914    i.USBD_Start        usbd_core.o
    0x08002f62   0x08002f62   0x00000112   Code   RO         4039    i.USBD_StdDevReq    usbd_ctlreq.o
    0x08003074   0x08003074   0x00000150   Code   RO         4040    i.USBD_StdEPReq     usbd_ctlreq.o
    0x080031c4   0x080031c4   0x0000004e   Code   RO         4041    i.USBD_StdItfReq    usbd_ctlreq.o
    0x08003212   0x08003212   0x00000002   PAD
    0x08003214   0x08003214   0x00000080   Code   RO         1397    i.USB_ActivateEndpoint  stm32f1xx_ll_usb.o
    0x08003294   0x08003294   0x0000001c   Code   RO         1399    i.USB_ActivateSetup  stm32f1xx_ll_usb.o
    0x080032b0   0x080032b0   0x00000058   Code   RO         1401    i.USB_CoreInit      stm32f1xx_ll_usb.o
    0x08003308   0x08003308   0x00000038   Code   RO         1402    i.USB_CoreReset     stm32f1xx_ll_usb.o
    0x08003340   0x08003340   0x00000080   Code   RO         1405    i.USB_DeactivateEndpoint  stm32f1xx_ll_usb.o
    0x080033c0   0x080033c0   0x00000018   Code   RO         1406    i.USB_DevConnect    stm32f1xx_ll_usb.o
    0x080033d8   0x080033d8   0x00000018   Code   RO         1407    i.USB_DevDisconnect  stm32f1xx_ll_usb.o
    0x080033f0   0x080033f0   0x00000128   Code   RO         1408    i.USB_DevInit       stm32f1xx_ll_usb.o
    0x08003518   0x08003518   0x0000000c   Code   RO         1409    i.USB_DisableGlobalInt  stm32f1xx_ll_usb.o
    0x08003524   0x08003524   0x000000ec   Code   RO         1412    i.USB_EP0StartXfer  stm32f1xx_ll_usb.o
    0x08003610   0x08003610   0x00000044   Code   RO         1413    i.USB_EP0_OutStart  stm32f1xx_ll_usb.o
    0x08003654   0x08003654   0x00000058   Code   RO         1414    i.USB_EPClearStall  stm32f1xx_ll_usb.o
    0x080036ac   0x080036ac   0x00000058   Code   RO         1415    i.USB_EPSetStall    stm32f1xx_ll_usb.o
    0x08003704   0x08003704   0x00000194   Code   RO         1416    i.USB_EPStartXfer   stm32f1xx_ll_usb.o
    0x08003898   0x08003898   0x0000000c   Code   RO         1417    i.USB_EnableGlobalInt  stm32f1xx_ll_usb.o
    0x080038a4   0x080038a4   0x00000020   Code   RO         1418    i.USB_FlushRxFifo   stm32f1xx_ll_usb.o
    0x080038c4   0x080038c4   0x00000024   Code   RO         1419    i.USB_FlushTxFifo   stm32f1xx_ll_usb.o
    0x080038e8   0x080038e8   0x00000018   Code   RO         1421    i.USB_GetDevSpeed   stm32f1xx_ll_usb.o
    0x08003900   0x08003900   0x00000008   Code   RO         1423    i.USB_GetMode       stm32f1xx_ll_usb.o
    0x08003908   0x08003908   0x0000000e   Code   RO         1430    i.USB_ReadDevAllInEpInterrupt  stm32f1xx_ll_usb.o
    0x08003916   0x08003916   0x0000000e   Code   RO         1431    i.USB_ReadDevAllOutEpInterrupt  stm32f1xx_ll_usb.o
    0x08003924   0x08003924   0x00000024   Code   RO         1432    i.USB_ReadDevInEPInterrupt  stm32f1xx_ll_usb.o
    0x08003948   0x08003948   0x00000010   Code   RO         1433    i.USB_ReadDevOutEPInterrupt  stm32f1xx_ll_usb.o
    0x08003958   0x08003958   0x00000008   Code   RO         1434    i.USB_ReadInterrupts  stm32f1xx_ll_usb.o
    0x08003960   0x08003960   0x0000001c   Code   RO         1435    i.USB_ReadPacket    stm32f1xx_ll_usb.o
    0x0800397c   0x0800397c   0x0000002e   Code   RO         1437    i.USB_SetCurrentMode  stm32f1xx_ll_usb.o
    0x080039aa   0x080039aa   0x00000022   Code   RO         1438    i.USB_SetDevAddress  stm32f1xx_ll_usb.o
    0x080039cc   0x080039cc   0x000000e8   Code   RO         1440    i.USB_SetTurnaroundTime  stm32f1xx_ll_usb.o
    0x08003ab4   0x08003ab4   0x00000020   Code   RO         1443    i.USB_WritePacket   stm32f1xx_ll_usb.o
    0x08003ad4   0x08003ad4   0x00000002   Code   RO          980    i.UsageFault_Handler  stm32f1xx_it.o
    0x08003ad6   0x08003ad6   0x00000020   Code   RO         2209    i.__NVIC_SetPriority  stm32f1xx_hal_cortex.o
    0x08003af6   0x08003af6   0x0000000e   Code   RO         4221    i.__scatterload_copy  mc_w.l(handlers.o)
    0x08003b04   0x08003b04   0x00000002   Code   RO         4222    i.__scatterload_null  mc_w.l(handlers.o)
    0x08003b06   0x08003b06   0x0000000e   Code   RO         4223    i.__scatterload_zeroinit  mc_w.l(handlers.o)
    0x08003b14   0x08003b14   0x0000000c   Code   RO          226    i.can_disable       can.o
    0x08003b20   0x08003b20   0x00000084   Code   RO          227    i.can_enable        can.o
    0x08003ba4   0x08003ba4   0x00000006   Code   RO          228    i.can_get_error_status  can.o
    0x08003baa   0x08003baa   0x00000002   PAD
    0x08003bac   0x08003bac   0x00000060   Code   RO          229    i.can_init          can.o
    0x08003c0c   0x08003c0c   0x0000000c   Code   RO          230    i.can_is_enabled    can.o
    0x08003c18   0x08003c18   0x0000000c   Code   RO          231    i.can_is_rx_pending  can.o
    0x08003c24   0x08003c24   0x000000e0   Code   RO          232    i.can_parse_error_status  can.o
    0x08003d04   0x08003d04   0x00000074   Code   RO          233    i.can_receive       can.o
    0x08003d78   0x08003d78   0x00000088   Code   RO          234    i.can_send          can.o
    0x08003e00   0x08003e00   0x00000032   Code   RO          235    i.can_set_bittiming  can.o
    0x08003e32   0x08003e32   0x00000002   PAD
    0x08003e34   0x08003e34   0x000000ac   Code   RO           19    i.enable_protect    main.o
    0x08003ee0   0x08003ee0   0x00000026   Code   RO          556    i.hex32             util.o
    0x08003f06   0x08003f06   0x0000002c   Code   RO          401    i.led_indicate_trx  led.o
    0x08003f32   0x08003f32   0x00000006   Code   RO          402    i.led_init          led.o
    0x08003f38   0x08003f38   0x00000022   Code   RO          403    i.led_run_sequence  led.o
    0x08003f5a   0x08003f5a   0x00000006   Code   RO          404    i.led_set_mode      led.o
    0x08003f60   0x08003f60   0x00000074   Code   RO          405    i.led_set_sequence_step  led.o
    0x08003fd4   0x08003fd4   0x000000b0   Code   RO          406    i.led_update        led.o
    0x08004084   0x08004084   0x00000334   Code   RO           20    i.main              main.o
    0x080043b8   0x080043b8   0x0000006c   Code   RO         4170    i.malloc            mc_w.l(malloc.o)
    0x08004424   0x08004424   0x0000001e   Code   RO          457    i.queue_create      queue.o
    0x08004442   0x08004442   0x00000030   Code   RO          461    i.queue_pop_front   queue.o
    0x08004472   0x08004472   0x00000026   Code   RO          462    i.queue_pop_front_i  queue.o
    0x08004498   0x08004498   0x00000034   Code   RO          463    i.queue_push_back   queue.o
    0x080044cc   0x080044cc   0x0000002a   Code   RO          464    i.queue_push_back_i  queue.o
    0x080044f6   0x080044f6   0x00000038   Code   RO          465    i.queue_push_front  queue.o
    0x0800452e   0x0800452e   0x00000002   PAD
    0x08004530   0x08004530   0x00000048   Code   RO           21    i.send_to_host_or_enqueue  main.o
    0x08004578   0x08004578   0x00000034   Data   RO          602    .constdata          usbd_gs_can.o
    0x080045ac   0x080045ac   0x00000010   Data   RO         3860    .constdata          system_stm32f1xx.o
    0x080045bc   0x080045bc   0x00000020   Data   RO         4219    Region$$Table       anon$$obj.o
    0x080045dc   0x080045dc   0x0000c224   PAD
    0x08010800   0x08010800   0x00000004   Data   RO           22    .ARM.__AT_0x08010800  main.o
    0x08010804   0x08010804   0x000007fc   PAD
    0x08011000   0x08011000   0x00000004   Data   RO           23    .ARM.__AT_0x08011000  main.o


    Execution Region RW_IRAM1 (Exec base: 0x20000000, Load base: 0x08011004, Size: 0x00007208, Max: 0x00010000, ABSOLUTE, COMPRESSED[0x00000108])

    Exec Addr    Load Addr    Size         Type   Attr      Idx    E Section Name        Object

    0x20000000   COMPRESSED   0x00000014   Data   RW           25    .data               main.o
    0x20000014   COMPRESSED   0x0000003c   Data   RW          603    .data               usbd_gs_can.o
    0x20000050   COMPRESSED   0x000000f6   Data   RW          604    .data               usbd_gs_can.o
    0x20000146   COMPRESSED   0x00000002   PAD
    0x20000148   COMPRESSED   0x0000001c   Data   RW          911    .data               usbd_desc.o
    0x20000164   COMPRESSED   0x00000016   Data   RW          912    .data               usbd_desc.o
    0x2000017a   COMPRESSED   0x00000002   PAD
    0x2000017c   COMPRESSED   0x00000004   Data   RW         1058    .data               stm32f1xx_hal_msp.o
    0x20000180   COMPRESSED   0x0000000c   Data   RW         1722    .data               stm32f1xx_hal.o
    0x2000018c   COMPRESSED   0x00000004   Data   RW         3862    .data               system_stm32f1xx.o
    0x20000190   COMPRESSED   0x00000001   Data   RW         4042    .data               usbd_ctlreq.o
    0x20000191   COMPRESSED   0x00000003   PAD
    0x20000194   COMPRESSED   0x00000004   Data   RW         4215    .data               mc_w.l(mvars.o)
    0x20000198   COMPRESSED   0x00000004   Data   RW         4216    .data               mc_w.l(mvars.o)
    0x2000019c        -       0x000003c8   Zero   RW           24    .bss                main.o
    0x20000564        -       0x00000400   Zero   RW          748    .bss                usbd_conf.o
    0x20000964        -       0x00000080   Zero   RW          910    .bss                usbd_desc.o
    0x200009e4   COMPRESSED   0x00000004   PAD
    0x200009e8        -       0x00000020   Zero   RW         2450    .bss                stm32f1xx_hal_flash.o
    0x20000a08        -       0x00006000   Zero   RW            2    HEAP                startup_stm32f105xc.o
    0x20006a08        -       0x00000800   Zero   RW            1    STACK               startup_stm32f105xc.o


==============================================================================

Image component sizes


      Code (inc. data)   RO Data    RW Data    ZI Data      Debug   Object Name

       796         34          0          0          0     621312   can.o
       382         10          0          0          0       3909   led.o
      1608        100          8         20        968     622291   main.o
       266          0          0          0          0       8999   queue.o
        36          8        336          0      26624        780   startup_stm32f105xc.o
       164         28          0         12          0       6781   stm32f1xx_hal.o
       550          6          0          0          0       2222   stm32f1xx_hal_can.o
       234         24          0          0          0      29346   stm32f1xx_hal_cortex.o
       452         64          0          0         32       6078   stm32f1xx_hal_flash.o
      1036        100          0          0          0       8425   stm32f1xx_hal_flash_ex.o
       490         34          0          0          0       2820   stm32f1xx_hal_gpio.o
       344         40          0          4          0       2427   stm32f1xx_hal_msp.o
      1984          4          0          0          0      13241   stm32f1xx_hal_pcd.o
        76          0          0          0          0       1712   stm32f1xx_hal_pcd_ex.o
      1504         96          0          0          0       4674   stm32f1xx_hal_rcc.o
       392         18          0          0          0       1504   stm32f1xx_hal_rcc_ex.o
       534         18          0          0          0       6324   stm32f1xx_hal_tim.o
        66          0          0          0          0       1256   stm32f1xx_hal_tim_ex.o
        32          6          0          0          0       3978   stm32f1xx_it.o
      2240        132          0          0          0      20304   stm32f1xx_ll_usb.o
        84         16         16          4          0       1091   system_stm32f1xx.o
       468         12          0          0       1024      15094   usbd_conf.o
       670          0          0          0          0       9127   usbd_core.o
      1204         28          0          1          0       7724   usbd_ctlreq.o
       224         88          0         50        128       4423   usbd_desc.o
       874         46         52        306          0      12957   usbd_gs_can.o
       132          0          0          0          0       4156   usbd_ioreq.o
        38          0          0          0          0        540   util.o

    ----------------------------------------------------------------------
     16908        912      52188        404      28780    1423495   Object Totals
         0          0         32          0          0          0   (incl. Generated)
        28          0      51744          7          4          0   (incl. Padding)

    ----------------------------------------------------------------------

      Code (inc. data)   RO Data    RW Data    ZI Data      Debug   Library Member Name

        86          0          0          0          0          0   __dczerorl2.o
        28          0          0          0          0         76   calloc.o
         0          0          0          0          0          0   entry.o
         0          0          0          0          0          0   entry10a.o
         0          0          0          0          0          0   entry11a.o
         8          4          0          0          0          0   entry2.o
         4          0          0          0          0          0   entry5.o
         0          0          0          0          0          0   entry7b.o
         0          0          0          0          0          0   entry8b.o
         8          4          0          0          0          0   entry9a.o
        30          0          0          0          0          0   handlers.o
        36          8          0          0          0         68   init.o
        30          0          0          0          0         68   llshl.o
        32          0          0          0          0         68   llushr.o
       108         16          0          0          0         84   malloc.o
        36          0          0          0          0         68   memcpya.o
        36          0          0          0          0        108   memseta.o
         0          0          0          8          0          0   mvars.o
        98          0          0          0          0         92   uldiv.o

    ----------------------------------------------------------------------
       540         32          0          8          0        632   Library Totals
         0          0          0          0          0          0   (incl. Padding)

    ----------------------------------------------------------------------

      Code (inc. data)   RO Data    RW Data    ZI Data      Debug   Library Name

       540         32          0          8          0        632   mc_w.l

    ----------------------------------------------------------------------
       540         32          0          8          0        632   Library Totals

    ----------------------------------------------------------------------

==============================================================================


      Code (inc. data)   RO Data    RW Data    ZI Data      Debug   

     17448        944      52188        412      28780    1413335   Grand Totals
     17448        944      52188        264      28780    1413335   ELF Image Totals (compressed)
     17448        944      52188        264          0          0   ROM Totals

==============================================================================

    Total RO  Size (Code + RO Data)                69636 (  68.00kB)
    Total RW  Size (RW Data + ZI Data)             29192 (  28.51kB)
    Total ROM Size (Code + RO Data + RW Data)      69900 (  68.26kB)

==============================================================================

