Component: ARM Compiler 5.06 update 6 (build 750) Tool: armlink [4d35ed]

==============================================================================

Section Cross References

    startup_stm32f072xb.o(RESET) refers to startup_stm32f072xb.o(STACK) for __initial_sp
    startup_stm32f072xb.o(RESET) refers to startup_stm32f072xb.o(.text) for Reset_Handler
    startup_stm32f072xb.o(RESET) refers to stm32f0xx_it.o(i.NMI_Handler) for NMI_Handler
    startup_stm32f072xb.o(RESET) refers to stm32f0xx_it.o(i.HardFault_Handler) for HardFault_Handler
    startup_stm32f072xb.o(RESET) refers to stm32f0xx_it.o(i.SVC_Handler) for SVC_Handler
    startup_stm32f072xb.o(RESET) refers to stm32f0xx_it.o(i.PendSV_Handler) for PendSV_Handler
    startup_stm32f072xb.o(RESET) refers to stm32f0xx_it.o(i.SysTick_Handler) for SysTick_Handler
    startup_stm32f072xb.o(RESET) refers to stm32f0xx_it.o(i.USB_IRQHandler) for USB_IRQHandler
    startup_stm32f072xb.o(.text) refers to system_stm32f0xx.o(i.SystemInit) for SystemInit
    startup_stm32f072xb.o(.text) refers to entry.o(.ARM.Collect$$$$00000000) for __main
    main.o(i.SystemClock_Config) refers to memseta.o(.text) for __aeabi_memclr4
    main.o(i.SystemClock_Config) refers to stm32f0xx_hal_rcc.o(i.HAL_RCC_OscConfig) for HAL_RCC_OscConfig
    main.o(i.SystemClock_Config) refers to stm32f0xx_hal_rcc.o(i.HAL_RCC_ClockConfig) for HAL_RCC_ClockConfig
    main.o(i.SystemClock_Config) refers to stm32f0xx_hal_rcc_ex.o(i.HAL_RCCEx_PeriphCLKConfig) for HAL_RCCEx_PeriphCLKConfig
    main.o(i.SystemClock_Config) refers to stm32f0xx_hal_rcc_ex.o(i.HAL_RCCEx_CRSConfig) for HAL_RCCEx_CRSConfig
    main.o(i.main) refers to stm32f0xx_hal.o(i.HAL_Init) for HAL_Init
    main.o(i.main) refers to main.o(i.SystemClock_Config) for SystemClock_Config
    main.o(i.main) refers to stm32f0xx_hal_flash.o(i.HAL_FLASH_Unlock) for HAL_FLASH_Unlock
    main.o(i.main) refers to stm32f0xx_hal_flash.o(i.HAL_FLASH_OB_Unlock) for HAL_FLASH_OB_Unlock
    main.o(i.main) refers to stm32f0xx_hal_flash_ex.o(i.HAL_FLASHEx_OBGetConfig) for HAL_FLASHEx_OBGetConfig
    main.o(i.main) refers to stm32f0xx_hal_flash_ex.o(i.HAL_FLASHEx_OBProgram) for HAL_FLASHEx_OBProgram
    main.o(i.main) refers to stm32f0xx_hal_flash_ex.o(i.HAL_FLASHEx_Erase) for HAL_FLASHEx_Erase
    main.o(i.main) refers to stm32f0xx_hal_flash.o(i.HAL_FLASH_Program) for HAL_FLASH_Program
    main.o(i.main) refers to stm32f0xx_hal_flash.o(i.HAL_FLASH_OB_Launch) for HAL_FLASH_OB_Launch
    main.o(i.main) refers to stm32f0xx_hal_flash.o(i.HAL_FLASH_OB_Lock) for HAL_FLASH_OB_Lock
    main.o(i.main) refers to stm32f0xx_hal_flash.o(i.HAL_FLASH_Lock) for HAL_FLASH_Lock
    main.o(i.main) refers to stm32f0xx_hal_gpio.o(i.HAL_GPIO_WritePin) for HAL_GPIO_WritePin
    main.o(i.main) refers to stm32f0xx_hal_gpio.o(i.HAL_GPIO_Init) for HAL_GPIO_Init
    main.o(i.main) refers to stm32f0xx_hal_tim.o(i.HAL_TIM_Base_Init) for HAL_TIM_Base_Init
    main.o(i.main) refers to stm32f0xx_hal_tim.o(i.HAL_TIM_ConfigClockSource) for HAL_TIM_ConfigClockSource
    main.o(i.main) refers to stm32f0xx_hal_tim_ex.o(i.HAL_TIMEx_MasterConfigSynchronization) for HAL_TIMEx_MasterConfigSynchronization
    main.o(i.main) refers to stm32f0xx_hal_tim.o(i.HAL_TIM_Base_Start) for HAL_TIM_Base_Start
    main.o(i.main) refers to flash.o(i.flash_load) for flash_load
    main.o(i.main) refers to led.o(i.led_init) for led_init
    main.o(i.main) refers to led.o(i.led_set_mode) for led_set_mode
    main.o(i.main) refers to can.o(i.can_init) for can_init
    main.o(i.main) refers to can.o(i.can_disable) for can_disable
    main.o(i.main) refers to queue.o(i.queue_create) for queue_create
    main.o(i.main) refers to calloc.o(.text) for calloc
    main.o(i.main) refers to queue.o(i.queue_push_back) for queue_push_back
    main.o(i.main) refers to usbd_core.o(i.USBD_Init) for USBD_Init
    main.o(i.main) refers to usbd_core.o(i.USBD_RegisterClass) for USBD_RegisterClass
    main.o(i.main) refers to usbd_gs_can.o(i.USBD_GS_CAN_Init) for USBD_GS_CAN_Init
    main.o(i.main) refers to usbd_gs_can.o(i.USBD_GS_CAN_SetChannel) for USBD_GS_CAN_SetChannel
    main.o(i.main) refers to usbd_core.o(i.USBD_Start) for USBD_Start
    main.o(i.main) refers to stm32f0xx_hal.o(i.HAL_Delay) for HAL_Delay
    main.o(i.main) refers to queue.o(i.queue_pop_front) for queue_pop_front
    main.o(i.main) refers to can.o(i.can_send) for can_send
    main.o(i.main) refers to usbd_gs_can.o(i.USBD_GS_CAN_GetProtocolVersion) for USBD_GS_CAN_GetProtocolVersion
    main.o(i.main) refers to usbd_gs_can.o(i.USBD_GS_CAN_SendFrame) for USBD_GS_CAN_SendFrame
    main.o(i.main) refers to led.o(i.led_indicate_trx) for led_indicate_trx
    main.o(i.main) refers to queue.o(i.queue_push_front) for queue_push_front
    main.o(i.main) refers to usbd_gs_can.o(i.USBD_GS_CAN_TxReady) for USBD_GS_CAN_TxReady
    main.o(i.main) refers to can.o(i.can_is_rx_pending) for can_is_rx_pending
    main.o(i.main) refers to can.o(i.can_receive) for can_receive
[...]
    Removing stm32f0xx_hal_i2c.o(i.I2C_DMASlaveTransmitCplt), (2 bytes).
    Removing stm32f0xx_hal_i2c.o(i.I2C_Disable_IRQ), (88 bytes).
    Removing stm32f0xx_hal_i2c.o(i.I2C_Enable_IRQ), (104 bytes).
    Removing stm32f0xx_hal_i2c.o(i.I2C_ITError), (208 bytes).
    Removing stm32f0xx_hal_i2c.o(i.I2C_ITMasterCplt), (184 bytes).
    Removing stm32f0xx_hal_i2c.o(i.I2C_ITSlaveCplt), (344 bytes).
    Removing stm32f0xx_hal_i2c.o(i.I2C_Master_ISR_DMA), (228 bytes).
    Removing stm32f0xx_hal_i2c.o(i.I2C_Master_ISR_IT), (452 bytes).
    Removing stm32f0xx_hal_i2c.o(i.I2C_RequestMemoryRead), (128 bytes).
    Removing stm32f0xx_hal_i2c.o(i.I2C_RequestMemoryWrite), (128 bytes).
    Removing stm32f0xx_hal_i2c.o(i.I2C_Slave_ISR_DMA), (108 bytes).
    Removing stm32f0xx_hal_i2c.o(i.I2C_Slave_ISR_IT), (620 bytes).
    Removing stm32f0xx_hal_i2c.o(i.I2C_WaitOnFlagUntilTimeout), (90 bytes).
    Removing stm32f0xx_hal_i2c.o(i.I2C_WaitOnSTOPFlagUntilTimeout), (208 bytes).
    Removing stm32f0xx_hal_i2c.o(i.I2C_WaitOnTXISFlagUntilTimeout), (212 bytes).
    Removing stm32f0xx_hal_i2c_ex.o(.rev16_text), (4 bytes).
    Removing stm32f0xx_hal_i2c_ex.o(.revsh_text), (4 bytes).
    Removing stm32f0xx_hal_i2c_ex.o(i.HAL_I2CEx_ConfigAnalogFilter), (78 bytes).
    Removing stm32f0xx_hal_i2c_ex.o(i.HAL_I2CEx_ConfigDigitalFilter), (76 bytes).
    Removing stm32f0xx_hal_i2c_ex.o(i.HAL_I2CEx_DisableFastModePlus), (40 bytes).
    Removing stm32f0xx_hal_i2c_ex.o(i.HAL_I2CEx_DisableWakeUp), (70 bytes).
    Removing stm32f0xx_hal_i2c_ex.o(i.HAL_I2CEx_EnableFastModePlus), (40 bytes).
    Removing stm32f0xx_hal_i2c_ex.o(i.HAL_I2CEx_EnableWakeUp), (70 bytes).
    Removing stm32f0xx_hal_gpio.o(.rev16_text), (4 bytes).
    Removing stm32f0xx_hal_gpio.o(.revsh_text), (4 bytes).
    Removing stm32f0xx_hal_gpio.o(i.HAL_GPIO_DeInit), (232 bytes).
    Removing stm32f0xx_hal_gpio.o(i.HAL_GPIO_EXTI_Callback), (2 bytes).
    Removing stm32f0xx_hal_gpio.o(i.HAL_GPIO_EXTI_IRQHandler), (24 bytes).
    Removing stm32f0xx_hal_gpio.o(i.HAL_GPIO_LockPin), (40 bytes).
    Removing stm32f0xx_hal_gpio.o(i.HAL_GPIO_ReadPin), (10 bytes).
    Removing stm32f0xx_hal_gpio.o(i.HAL_GPIO_TogglePin), (8 bytes).
    Removing stm32f0xx_hal_dma.o(.rev16_text), (4 bytes).
    Removing stm32f0xx_hal_dma.o(.revsh_text), (4 bytes).
    Removing stm32f0xx_hal_dma.o(i.HAL_DMA_Abort), (44 bytes).
    Removing stm32f0xx_hal_dma.o(i.HAL_DMA_Abort_IT), (72 bytes).
    Removing stm32f0xx_hal_dma.o(i.HAL_DMA_DeInit), (88 bytes).
    Removing stm32f0xx_hal_dma.o(i.HAL_DMA_GetError), (4 bytes).
    Removing stm32f0xx_hal_dma.o(i.HAL_DMA_GetState), (6 bytes).
    Removing stm32f0xx_hal_dma.o(i.HAL_DMA_IRQHandler), (164 bytes).
    Removing stm32f0xx_hal_dma.o(i.HAL_DMA_Init), (112 bytes).
    Removing stm32f0xx_hal_dma.o(i.HAL_DMA_PollForTransfer), (202 bytes).
    Removing stm32f0xx_hal_dma.o(i.HAL_DMA_RegisterCallback), (76 bytes).
    Removing stm32f0xx_hal_dma.o(i.HAL_DMA_Start), (108 bytes).
    Removing stm32f0xx_hal_dma.o(i.HAL_DMA_Start_IT), (140 bytes).
    Removing stm32f0xx_hal_dma.o(i.HAL_DMA_UnRegisterCallback), (90 bytes).
    Removing stm32f0xx_hal_cortex.o(.rev16_text), (4 bytes).
    Removing stm32f0xx_hal_cortex.o(.revsh_text), (4 bytes).
    Removing stm32f0xx_hal_cortex.o(i.HAL_NVIC_ClearPendingIRQ), (20 bytes).
    Removing stm32f0xx_hal_cortex.o(i.HAL_NVIC_DisableIRQ), (20 bytes).
    Removing stm32f0xx_hal_cortex.o(i.HAL_NVIC_GetPendingIRQ), (28 bytes).
    Removing stm32f0xx_hal_cortex.o(i.HAL_NVIC_GetPriority), (60 bytes).
    Removing stm32f0xx_hal_cortex.o(i.HAL_NVIC_SetPendingIRQ), (20 bytes).
    Removing stm32f0xx_hal_cortex.o(i.HAL_NVIC_SystemReset), (28 bytes).
    Removing stm32f0xx_hal_cortex.o(i.HAL_SYSTICK_CLKSourceConfig), (24 bytes).
    Removing stm32f0xx_hal_cortex.o(i.HAL_SYSTICK_Callback), (2 bytes).
    Removing stm32f0xx_hal_cortex.o(i.HAL_SYSTICK_IRQHandler), (8 bytes).
    Removing stm32f0xx_hal_pwr.o(.rev16_text), (4 bytes).
    Removing stm32f0xx_hal_pwr.o(.revsh_text), (4 bytes).
    Removing stm32f0xx_hal_pwr.o(i.HAL_PWR_DeInit), (24 bytes).
    Removing stm32f0xx_hal_pwr.o(i.HAL_PWR_DisableBkUpAccess), (16 bytes).
    Removing stm32f0xx_hal_pwr.o(i.HAL_PWR_DisableSEVOnPend), (16 bytes).
    Removing stm32f0xx_hal_pwr.o(i.HAL_PWR_DisableSleepOnExit), (16 bytes).
    Removing stm32f0xx_hal_pwr.o(i.HAL_PWR_DisableWakeUpPin), (16 bytes).
    Removing stm32f0xx_hal_pwr.o(i.HAL_PWR_EnableBkUpAccess), (16 bytes).
    Removing stm32f0xx_hal_pwr.o(i.HAL_PWR_EnableSEVOnPend), (16 bytes).
    Removing stm32f0xx_hal_pwr.o(i.HAL_PWR_EnableSleepOnExit), (16 bytes).
    Removing stm32f0xx_hal_pwr.o(i.HAL_PWR_EnableWakeUpPin), (16 bytes).
    Removing stm32f0xx_hal_pwr.o(i.HAL_PWR_EnterSLEEPMode), (32 bytes).
    Removing stm32f0xx_hal_pwr.o(i.HAL_PWR_EnterSTANDBYMode), (32 bytes).
    Removing stm32f0xx_hal_pwr.o(i.HAL_PWR_EnterSTOPMode), (52 bytes).
    Removing stm32f0xx_hal_pwr_ex.o(.rev16_text), (4 bytes).
    Removing stm32f0xx_hal_pwr_ex.o(.revsh_text), (4 bytes).
    Removing stm32f0xx_hal_pwr_ex.o(i.HAL_PWREx_DisableVddio2Monitor), (32 bytes).
    Removing stm32f0xx_hal_pwr_ex.o(i.HAL_PWREx_EnableVddio2Monitor), (24 bytes).
    Removing stm32f0xx_hal_pwr_ex.o(i.HAL_PWREx_Vddio2MonitorCallback), (2 bytes).
    Removing stm32f0xx_hal_pwr_ex.o(i.HAL_PWREx_Vddio2Monitor_IRQHandler), (24 bytes).
    Removing stm32f0xx_hal_pwr_ex.o(i.HAL_PWR_ConfigPVD), (104 bytes).
    Removing stm32f0xx_hal_pwr_ex.o(i.HAL_PWR_DisablePVD), (16 bytes).
    Removing stm32f0xx_hal_pwr_ex.o(i.HAL_PWR_EnablePVD), (16 bytes).
    Removing stm32f0xx_hal_pwr_ex.o(i.HAL_PWR_PVDCallback), (2 bytes).
    Removing stm32f0xx_hal_pwr_ex.o(i.HAL_PWR_PVD_IRQHandler), (28 bytes).
    Removing stm32f0xx_hal_flash.o(.rev16_text), (4 bytes).
    Removing stm32f0xx_hal_flash.o(.revsh_text), (4 bytes).
    Removing stm32f0xx_hal_flash.o(i.HAL_FLASH_EndOfOperationCallback), (2 bytes).
    Removing stm32f0xx_hal_flash.o(i.HAL_FLASH_GetError), (12 bytes).
    Removing stm32f0xx_hal_flash.o(i.HAL_FLASH_IRQHandler), (308 bytes).
    Removing stm32f0xx_hal_flash.o(i.HAL_FLASH_OperationErrorCallback), (2 bytes).
    Removing stm32f0xx_hal_flash.o(i.HAL_FLASH_Program_IT), (100 bytes).
    Removing stm32f0xx_hal_flash_ex.o(.rev16_text), (4 bytes).
    Removing stm32f0xx_hal_flash_ex.o(.revsh_text), (4 bytes).
    Removing stm32f0xx_hal_flash_ex.o(i.FLASH_PageErase), (36 bytes).
    Removing stm32f0xx_hal_flash_ex.o(i.HAL_FLASHEx_Erase_IT), (120 bytes).
    Removing stm32f0xx_hal_flash_ex.o(i.HAL_FLASHEx_OBGetUserData), (28 bytes).
    Removing system_stm32f0xx.o(.rev16_text), (4 bytes).
    Removing system_stm32f0xx.o(.revsh_text), (4 bytes).
    Removing system_stm32f0xx.o(i.SystemCoreClockUpdate), (112 bytes).
    Removing system_stm32f0xx.o(.constdata), (8 bytes).
    Removing usbd_core.o(.rev16_text), (4 bytes).
    Removing usbd_core.o(.revsh_text), (4 bytes).
    Removing usbd_core.o(i.USBD_DeInit), (42 bytes).
    Removing usbd_core.o(i.USBD_LL_DevConnected), (4 bytes).
    Removing usbd_core.o(i.USBD_LL_DevDisconnected), (26 bytes).
    Removing usbd_core.o(i.USBD_LL_IsoINIncomplete), (4 bytes).
    Removing usbd_core.o(i.USBD_LL_IsoOUTIncomplete), (4 bytes).
    Removing usbd_core.o(i.USBD_RunTestMode), (4 bytes).
    Removing usbd_core.o(i.USBD_Stop), (30 bytes).
    Removing usbd_ctlreq.o(.rev16_text), (4 bytes).
    Removing usbd_ctlreq.o(.revsh_text), (4 bytes).
    Removing usbd_ioreq.o(.rev16_text), (4 bytes).
    Removing usbd_ioreq.o(.revsh_text), (4 bytes).
    Removing usbd_ioreq.o(i.USBD_GetRxCount), (10 bytes).
    Removing usbd_gs_can.o(i.USBD_GS_CAN_PrepareReceive), (20 bytes).

425 unused section(s) (total 31240 bytes) removed from the image.

==============================================================================

Image Symbol Table

    Local Symbols

    Symbol Name                              Value     Ov Type        Size  Object(Section)

    ../Drivers/STM32F0xx_HAL_Driver/Src/stm32f0xx_hal.c 0x00000000   Number         0  stm32f0xx_hal.o ABSOLUTE
    ../Drivers/STM32F0xx_HAL_Driver/Src/stm32f0xx_hal_can.c 0x00000000   Number         0  stm32f0xx_hal_can.o ABSOLUTE
    ../Drivers/STM32F0xx_HAL_Driver/Src/stm32f0xx_hal_cortex.c 0x00000000   Number         0  stm32f0xx_hal_cortex.o ABSOLUTE
    ../Drivers/STM32F0xx_HAL_Driver/Src/stm32f0xx_hal_dma.c 0x00000000   Number         0  stm32f0xx_hal_dma.o ABSOLUTE
    ../Drivers/STM32F0xx_HAL_Driver/Src/stm32f0xx_hal_flash.c 0x00000000   Number         0  stm32f0xx_hal_flash.o ABSOLUTE
    ../Drivers/STM32F0xx_HAL_Driver/Src/stm32f0xx_hal_flash_ex.c 0x00000000   Number         0  stm32f0xx_hal_flash_ex.o ABSOLUTE
    ../Drivers/STM32F0xx_HAL_Driver/Src/stm32f0xx_hal_gpio.c 0x00000000   Number         0  stm32f0xx_hal_gpio.o ABSOLUTE
    ../Drivers/STM32F0xx_HAL_Driver/Src/stm32f0xx_hal_i2c.c 0x00000000   Number         0  stm32f0xx_hal_i2c.o ABSOLUTE
    ../Drivers/STM32F0xx_HAL_Driver/Src/stm32f0xx_hal_i2c_ex.c 0x00000000   Number         0  stm32f0xx_hal_i2c_ex.o ABSOLUTE
    ../Drivers/STM32F0xx_HAL_Driver/Src/stm32f0xx_hal_pcd.c 0x00000000   Number         0  stm32f0xx_hal_pcd.o ABSOLUTE
    ../Drivers/STM32F0xx_HAL_Driver/Src/stm32f0xx_hal_pcd_ex.c 0x00000000   Number         0  stm32f0xx_hal_pcd_ex.o ABSOLUTE
    ../Drivers/STM32F0xx_HAL_Driver/Src/stm32f0xx_hal_pwr.c 0x00000000   Number         0  stm32f0xx_hal_pwr.o ABSOLUTE
    ../Drivers/STM32F0xx_HAL_Driver/Src/stm32f0xx_hal_pwr_ex.c 0x00000000   Number         0  stm32f0xx_hal_pwr_ex.o ABSOLUTE
    ../Drivers/STM32F0xx_HAL_Driver/Src/stm32f0xx_hal_rcc.c 0x00000000   Number         0  stm32f0xx_hal_rcc.o ABSOLUTE
    ../Drivers/STM32F0xx_HAL_Driver/Src/stm32f0xx_hal_rcc_ex.c 0x00000000   Number         0  stm32f0xx_hal_rcc_ex.o ABSOLUTE
    ../Drivers/STM32F0xx_HAL_Driver/Src/stm32f0xx_hal_tim.c 0x00000000   Number         0  stm32f0xx_hal_tim.o ABSOLUTE
    ../Drivers/STM32F0xx_HAL_Driver/Src/stm32f0xx_hal_tim_ex.c 0x00000000   Number         0  stm32f0xx_hal_tim_ex.o ABSOLUTE
    ../Middlewares/ST/STM32_USB_Device_Library/Core/Src/usbd_core.c 0x00000000   Number         0  usbd_core.o ABSOLUTE
    ../Middlewares/ST/STM32_USB_Device_Library/Core/Src/usbd_ctlreq.c 0x00000000   Number         0  usbd_ctlreq.o ABSOLUTE
    ../Middlewares/ST/STM32_USB_Device_Library/Core/Src/usbd_ioreq.c 0x00000000   Number         0  usbd_ioreq.o ABSOLUTE
    ../Src/main.c                            0x00000000   Number         0  main.o ABSOLUTE
    ../Src/stm32f0xx_hal_msp.c               0x00000000   Number         0  stm32f0xx_hal_msp.o ABSOLUTE
    ../Src/stm32f0xx_it.c                    0x00000000   Number         0  stm32f0xx_it.o ABSOLUTE
    ../Src/system_stm32f0xx.c                0x00000000   Number         0  system_stm32f0xx.o ABSOLUTE
    ../Src/usbd_conf.c                       0x00000000   Number         0  usbd_conf.o ABSOLUTE
    ../Src/usbd_desc.c                       0x00000000   Number         0  usbd_desc.o ABSOLUTE
    ../clib/../cmprslib/zerorunl2.c          0x00000000   Number         0  __dczerorl2.o ABSOLUTE
    ../clib/microlib/division.c              0x00000000   Number         0  uidiv.o ABSOLUTE
    ../clib/microlib/init/entry.s            0x00000000   Number         0  entry.o ABSOLUTE
    ../clib/microlib/init/entry.s            0x00000000   Number         0  entry5.o ABSOLUTE
    ../clib/microlib/init/entry.s            0x00000000   Number         0  entry7a.o ABSOLUTE
    ../clib/microlib/init/entry.s            0x00000000   Number         0  entry7b.o ABSOLUTE
    ../clib/microlib/init/entry.s            0x00000000   Number         0  entry8a.o ABSOLUTE
    ../clib/microlib/init/entry.s            0x00000000   Number         0  entry8b.o ABSOLUTE
    ../clib/microlib/init/entry.s            0x00000000   Number         0  entry9a.o ABSOLUTE
    ../clib/microlib/init/entry.s            0x00000000   Number         0  entry9b.o ABSOLUTE
    ../clib/microlib/init/entry.s            0x00000000   Number         0  entry10a.o ABSOLUTE
    ../clib/microlib/init/entry.s            0x00000000   Number         0  entry2.o ABSOLUTE
    ../clib/microlib/init/entry.s            0x00000000   Number         0  entry11b.o ABSOLUTE
    ../clib/microlib/init/entry.s            0x00000000   Number         0  entry11a.o ABSOLUTE
    ../clib/microlib/init/entry.s            0x00000000   Number         0  entry10b.o ABSOLUTE
    ../clib/microlib/longlong.c              0x00000000   Number         0  llushr.o ABSOLUTE
    ../clib/microlib/malloc/calloc.c         0x00000000   Number         0  calloc.o ABSOLUTE
    ../clib/microlib/malloc/malloc.c         0x00000000   Number         0  malloc.o ABSOLUTE
    ../clib/microlib/malloc/malloc.c         0x00000000   Number         0  mallocra.o ABSOLUTE
    ../clib/microlib/malloc/malloc.c         0x00000000   Number         0  malloca.o ABSOLUTE
    ../clib/microlib/malloc/malloc.c         0x00000000   Number         0  mallocr.o ABSOLUTE
    ../clib/microlib/malloc/mvars.c          0x00000000   Number         0  mvars.o ABSOLUTE
    ../clib/microlib/string/memcpy.c         0x00000000   Number         0  memcpya.o ABSOLUTE
    ../clib/microlib/string/memcpy.c         0x00000000   Number         0  memcpyb.o ABSOLUTE
    ../clib/microlib/string/memset.c         0x00000000   Number         0  memseta.o ABSOLUTE
    ..\Drivers\STM32F0xx_HAL_Driver\Src\stm32f0xx_hal.c 0x00000000   Number         0  stm32f0xx_hal.o ABSOLUTE
    ..\Drivers\STM32F0xx_HAL_Driver\Src\stm32f0xx_hal_can.c 0x00000000   Number         0  stm32f0xx_hal_can.o ABSOLUTE
    ..\Drivers\STM32F0xx_HAL_Driver\Src\stm32f0xx_hal_cortex.c 0x00000000   Number         0  stm32f0xx_hal_cortex.o ABSOLUTE
    ..\Drivers\STM32F0xx_HAL_Driver\Src\stm32f0xx_hal_dma.c 0x00000000   Number         0  stm32f0xx_hal_dma.o ABSOLUTE
    ..\Drivers\STM32F0xx_HAL_Driver\Src\stm32f0xx_hal_flash.c 0x00000000   Number         0  stm32f0xx_hal_flash.o ABSOLUTE
    ..\Drivers\STM32F0xx_HAL_Driver\Src\stm32f0xx_hal_flash_ex.c 0x00000000   Number         0  stm32f0xx_hal_flash_ex.o ABSOLUTE
    ..\Drivers\STM32F0xx_HAL_Driver\Src\stm32f0xx_hal_gpio.c 0x00000000   Number         0  stm32f0xx_hal_gpio.o ABSOLUTE
    ..\Drivers\STM32F0xx_HAL_Driver\Src\stm32f0xx_hal_i2c.c 0x00000000   Number         0  stm32f0xx_hal_i2c.o ABSOLUTE
    ..\Drivers\STM32F0xx_HAL_Driver\Src\stm32f0xx_hal_i2c_ex.c 0x00000000   Number         0  stm32f0xx_hal_i2c_ex.o ABSOLUTE
    ..\Drivers\STM32F0xx_HAL_Driver\Src\stm32f0xx_hal_pcd.c 0x00000000   Number         0  stm32f0xx_hal_pcd.o ABSOLUTE
    ..\Drivers\STM32F0xx_HAL_Driver\Src\stm32f0xx_hal_pcd_ex.c 0x00000000   Number         0  stm32f0xx_hal_pcd_ex.o ABSOLUTE
    ..\Drivers\STM32F0xx_HAL_Driver\Src\stm32f0xx_hal_pwr.c 0x00000000   Number         0  stm32f0xx_hal_pwr.o ABSOLUTE
    ..\Drivers\STM32F0xx_HAL_Driver\Src\stm32f0xx_hal_pwr_ex.c 0x00000000   Number         0  stm32f0xx_hal_pwr_ex.o ABSOLUTE
    ..\Drivers\STM32F0xx_HAL_Driver\Src\stm32f0xx_hal_rcc.c 0x00000000   Number         0  stm32f0xx_hal_rcc.o ABSOLUTE
    ..\Drivers\STM32F0xx_HAL_Driver\Src\stm32f0xx_hal_rcc_ex.c 0x00000000   Number         0  stm32f0xx_hal_rcc_ex.o ABSOLUTE
    ..\Drivers\STM32F0xx_HAL_Driver\Src\stm32f0xx_hal_tim.c 0x00000000   Number         0  stm32f0xx_hal_tim.o ABSOLUTE
    ..\Drivers\STM32F0xx_HAL_Driver\Src\stm32f0xx_hal_tim_ex.c 0x00000000   Number         0  stm32f0xx_hal_tim_ex.o ABSOLUTE
    ..\Middlewares\ST\STM32_USB_Device_Library\Core\Src\usbd_core.c 0x00000000   Number         0  usbd_core.o ABSOLUTE
    ..\Middlewares\ST\STM32_USB_Device_Library\Core\Src\usbd_ctlreq.c 0x00000000   Number         0  usbd_ctlreq.o ABSOLUTE
    ..\Middlewares\ST\STM32_USB_Device_Library\Core\Src\usbd_ioreq.c 0x00000000   Number         0  usbd_ioreq.o ABSOLUTE
    ..\Src\can.c                             0x00000000   Number         0  can.o ABSOLUTE
    ..\Src\flash.c                           0x00000000   Number         0  flash.o ABSOLUTE
    ..\Src\led.c                             0x00000000   Number         0  led.o ABSOLUTE
    ..\Src\main.c                            0x00000000   Number         0  main.o ABSOLUTE
    ..\Src\queue.c                           0x00000000   Number         0  queue.o ABSOLUTE
    ..\Src\stm32f0xx_hal_msp.c               0x00000000   Number         0  stm32f0xx_hal_msp.o ABSOLUTE
    ..\Src\stm32f0xx_it.c                    0x00000000   Number         0  stm32f0xx_it.o ABSOLUTE
    ..\Src\system_stm32f0xx.c                0x00000000   Number         0  system_stm32f0xx.o ABSOLUTE
    ..\Src\usbd_conf.c                       0x00000000   Number         0  usbd_conf.o ABSOLUTE
    ..\Src\usbd_desc.c                       0x00000000   Number         0  usbd_desc.o ABSOLUTE
    ..\Src\usbd_gs_can.c                     0x00000000   Number         0  usbd_gs_can.o ABSOLUTE
    ..\Src\util.c                            0x00000000   Number         0  util.o ABSOLUTE
    ..\\Src\\can.c                           0x00000000   Number         0  can.o ABSOLUTE
    ..\\Src\\flash.c                         0x00000000   Number         0  flash.o ABSOLUTE
    ..\\Src\\led.c                           0x00000000   Number         0  led.o ABSOLUTE
    ..\\Src\\queue.c                         0x00000000   Number         0  queue.o ABSOLUTE
    ..\\Src\\usbd_gs_can.c                   0x00000000   Number         0  usbd_gs_can.o ABSOLUTE
    ..\\Src\\util.c                          0x00000000   Number         0  util.o ABSOLUTE
    dc.s                                     0x00000000   Number         0  dc.o ABSOLUTE
    handlers.s                               0x00000000   Number         0  handlers.o ABSOLUTE
    init.s                                   0x00000000   Number         0  init.o ABSOLUTE
    startup_stm32f072xb.s                    0x00000000   Number         0  startup_stm32f072xb.o ABSOLUTE
    RESET                                    0x08000000   Section      192  startup_stm32f072xb.o(RESET)
    .ARM.Collect$$$$00000000                 0x080000c0   Section        0  entry.o(.ARM.Collect$$$$00000000)
    .ARM.Collect$$$$00000001                 0x080000c0   Section        4  entry2.o(.ARM.Collect$$$$00000001)
    .ARM.Collect$$$$00000004                 0x080000c4   Section        4  entry5.o(.ARM.Collect$$$$00000004)
    .ARM.Collect$$$$00000008                 0x080000c8   Section        0  entry7b.o(.ARM.Collect$$$$00000008)
    .ARM.Collect$$$$0000000A                 0x080000c8   Section        0  entry8b.o(.ARM.Collect$$$$0000000A)
    .ARM.Collect$$$$0000000B                 0x080000c8   Section        8  entry9a.o(.ARM.Collect$$$$0000000B)
    .ARM.Collect$$$$0000000D                 0x080000d0   Section        0  entry10a.o(.ARM.Collect$$$$0000000D)
    .ARM.Collect$$$$0000000F                 0x080000d0   Section        0  entry11a.o(.ARM.Collect$$$$0000000F)
    .ARM.Collect$$$$00002712                 0x080000d0   Section        4  entry2.o(.ARM.Collect$$$$00002712)
    __lit__00000000                          0x080000d0   Data           4  entry2.o(.ARM.Collect$$$$00002712)
    .text                                    0x080000d4   Section       28  startup_stm32f072xb.o(.text)
    .text                                    0x080000f0   Section        0  uidiv.o(.text)
    .text                                    0x0800011c   Section        0  llushr.o(.text)
    .text                                    0x0800013e   Section        0  memcpya.o(.text)
    .text                                    0x08000162   Section        0  memseta.o(.text)
    .text                                    0x08000186   Section        0  calloc.o(.text)
    .text                                    0x080001a4   Section       36  init.o(.text)
    .text                                    0x080001c8   Section        0  __dczerorl2.o(.text)
    i.FLASH_WaitForLastOperation             0x08000220   Section        0  stm32f0xx_hal_flash.o(i.FLASH_WaitForLastOperation)
    i.HAL_Delay                              0x0800029c   Section        0  stm32f0xx_hal.o(i.HAL_Delay)
    i.HAL_FLASHEx_Erase                      0x080002b8   Section        0  stm32f0xx_hal_flash_ex.o(i.HAL_FLASHEx_Erase)
    i.HAL_FLASHEx_OBErase                    0x08000388   Section        0  stm32f0xx_hal_flash_ex.o(i.HAL_FLASHEx_OBErase)
    i.HAL_FLASHEx_OBGetConfig                0x0800042c   Section        0  stm32f0xx_hal_flash_ex.o(i.HAL_FLASHEx_OBGetConfig)
    i.HAL_FLASHEx_OBProgram                  0x08000460   Section        0  stm32f0xx_hal_flash_ex.o(i.HAL_FLASHEx_OBProgram)
    i.HAL_FLASH_Lock                         0x080006b4   Section        0  stm32f0xx_hal_flash.o(i.HAL_FLASH_Lock)
    i.HAL_FLASH_OB_Launch                    0x080006c8   Section        0  stm32f0xx_hal_flash.o(i.HAL_FLASH_OB_Launch)
    i.HAL_FLASH_OB_Lock                      0x080006e8   Section        0  stm32f0xx_hal_flash.o(i.HAL_FLASH_OB_Lock)
    i.HAL_FLASH_OB_Unlock                    0x080006fc   Section        0  stm32f0xx_hal_flash.o(i.HAL_FLASH_OB_Unlock)
    i.HAL_FLASH_Program                      0x08000720   Section        0  stm32f0xx_hal_flash.o(i.HAL_FLASH_Program)
    i.HAL_FLASH_Unlock                       0x080007b8   Section        0  stm32f0xx_hal_flash.o(i.HAL_FLASH_Unlock)
    i.HAL_GPIO_Init                          0x080007dc   Section        0  stm32f0xx_hal_gpio.o(i.HAL_GPIO_Init)
    i.HAL_GPIO_WritePin                      0x08000940   Section        0  stm32f0xx_hal_gpio.o(i.HAL_GPIO_WritePin)
    i.HAL_GetTick                            0x0800094c   Section        0  stm32f0xx_hal.o(i.HAL_GetTick)
    i.HAL_IncTick                            0x08000958   Section        0  stm32f0xx_hal.o(i.HAL_IncTick)
    i.HAL_Init                               0x08000968   Section        0  stm32f0xx_hal.o(i.HAL_Init)
    i.HAL_InitTick                           0x08000988   Section        0  stm32f0xx_hal.o(i.HAL_InitTick)
    i.HAL_MspInit                            0x080009ac   Section        0  stm32f0xx_hal_msp.o(i.HAL_MspInit)
    i.HAL_NVIC_EnableIRQ                     0x080009d4   Section        0  stm32f0xx_hal_cortex.o(i.HAL_NVIC_EnableIRQ)
    i.HAL_NVIC_SetPriority                   0x080009e8   Section        0  stm32f0xx_hal_cortex.o(i.HAL_NVIC_SetPriority)
    i.HAL_PCDEx_PMAConfig                    0x08000a2c   Section        0  stm32f0xx_hal_pcd_ex.o(i.HAL_PCDEx_PMAConfig)
    i.HAL_PCD_DataInStageCallback            0x08000a68   Section        0  usbd_conf.o(i.HAL_PCD_DataInStageCallback)
    i.HAL_PCD_DataOutStageCallback           0x08000a80   Section        0  usbd_conf.o(i.HAL_PCD_DataOutStageCallback)
    i.HAL_PCD_EP_Close                       0x08000a9c   Section        0  stm32f0xx_hal_pcd.o(i.HAL_PCD_EP_Close)
    i.HAL_PCD_EP_ClrStall                    0x08000c0c   Section        0  stm32f0xx_hal_pcd.o(i.HAL_PCD_EP_ClrStall)
    i.HAL_PCD_EP_GetRxCount                  0x08000cd0   Section        0  stm32f0xx_hal_pcd.o(i.HAL_PCD_EP_GetRxCount)
    i.HAL_PCD_EP_Open                        0x08000ce4   Section        0  stm32f0xx_hal_pcd.o(i.HAL_PCD_EP_Open)
    i.HAL_PCD_EP_Receive                     0x08000fa0   Section        0  stm32f0xx_hal_pcd.o(i.HAL_PCD_EP_Receive)
    i.HAL_PCD_EP_SetStall                    0x080010bc   Section        0  stm32f0xx_hal_pcd.o(i.HAL_PCD_EP_SetStall)
    i.HAL_PCD_EP_Transmit                    0x08001154   Section        0  stm32f0xx_hal_pcd.o(i.HAL_PCD_EP_Transmit)
    i.HAL_PCD_IRQHandler                     0x0800124c   Section        0  stm32f0xx_hal_pcd.o(i.HAL_PCD_IRQHandler)
    i.HAL_PCD_Init                           0x0800136c   Section        0  stm32f0xx_hal_pcd.o(i.HAL_PCD_Init)
    i.HAL_PCD_MspInit                        0x08001408   Section        0  usbd_conf.o(i.HAL_PCD_MspInit)
    i.HAL_PCD_ResetCallback                  0x08001440   Section        0  usbd_conf.o(i.HAL_PCD_ResetCallback)
    i.HAL_PCD_ResumeCallback                 0x08001458   Section        0  usbd_conf.o(i.HAL_PCD_ResumeCallback)
    i.HAL_PCD_SOFCallback                    0x08001468   Section        0  usbd_conf.o(i.HAL_PCD_SOFCallback)
    i.HAL_PCD_SetAddress                     0x08001478   Section        0  stm32f0xx_hal_pcd.o(i.HAL_PCD_SetAddress)
    i.HAL_PCD_SetupStageCallback             0x080014a4   Section        0  usbd_conf.o(i.HAL_PCD_SetupStageCallback)
    i.HAL_PCD_Start                          0x080014f6   Section        0  stm32f0xx_hal_pcd.o(i.HAL_PCD_Start)
    i.HAL_PCD_SuspendCallback                0x08001508   Section        0  usbd_conf.o(i.HAL_PCD_SuspendCallback)
    i.HAL_RCCEx_CRSConfig                    0x08001518   Section        0  stm32f0xx_hal_rcc_ex.o(i.HAL_RCCEx_CRSConfig)
    i.HAL_RCCEx_PeriphCLKConfig              0x08001564   Section        0  stm32f0xx_hal_rcc_ex.o(i.HAL_RCCEx_PeriphCLKConfig)
    i.HAL_RCC_ClockConfig                    0x0800169c   Section        0  stm32f0xx_hal_rcc.o(i.HAL_RCC_ClockConfig)
    i.HAL_RCC_GetHCLKFreq                    0x08001888   Section        0  stm32f0xx_hal_rcc.o(i.HAL_RCC_GetHCLKFreq)
    i.HAL_RCC_GetSysClockFreq                0x08001894   Section        0  stm32f0xx_hal_rcc.o(i.HAL_RCC_GetSysClockFreq)
    i.HAL_RCC_OscConfig                      0x08001928   Section        0  stm32f0xx_hal_rcc.o(i.HAL_RCC_OscConfig)
    i.HAL_SYSTICK_Config                     0x08001d7c   Section        0  stm32f0xx_hal_cortex.o(i.HAL_SYSTICK_Config)
    i.HAL_TIMEx_MasterConfigSynchronization  0x08001db8   Section        0  stm32f0xx_hal_tim_ex.o(i.HAL_TIMEx_MasterConfigSynchronization)
    i.HAL_TIM_Base_Init                      0x08001e02   Section        0  stm32f0xx_hal_tim.o(i.HAL_TIM_Base_Init)
    i.HAL_TIM_Base_MspInit                   0x08001e34   Section        0  stm32f0xx_hal_msp.o(i.HAL_TIM_Base_MspInit)
    i.HAL_TIM_Base_Start                     0x08001e58   Section        0  stm32f0xx_hal_tim.o(i.HAL_TIM_Base_Start)
    i.HAL_TIM_ConfigClockSource              0x08001e70   Section        0  stm32f0xx_hal_tim.o(i.HAL_TIM_ConfigClockSource)
    i.HardFault_Handler                      0x08002026   Section        0  stm32f0xx_it.o(i.HardFault_Handler)
    i.NMI_Handler                            0x08002028   Section        0  stm32f0xx_it.o(i.NMI_Handler)
    i.PCD_EP_ISR_Handler                     0x0800202c   Section        0  stm32f0xx_hal_pcd.o(i.PCD_EP_ISR_Handler)
    PCD_EP_ISR_Handler                       0x0800202d   Thumb Code  1366  stm32f0xx_hal_pcd.o(i.PCD_EP_ISR_Handler)
    i.PCD_WritePMA                           0x08002594   Section        0  stm32f0xx_hal_pcd.o(i.PCD_WritePMA)
    i.PendSV_Handler                         0x080025e0   Section        0  stm32f0xx_it.o(i.PendSV_Handler)
    i.SVC_Handler                            0x080025e2   Section        0  stm32f0xx_it.o(i.SVC_Handler)
    i.SysTick_Handler                        0x080025e4   Section        0  stm32f0xx_it.o(i.SysTick_Handler)
    i.SystemClock_Config                     0x080025ec   Section        0  main.o(i.SystemClock_Config)
    i.SystemInit                             0x08002680   Section        0  system_stm32f0xx.o(i.SystemInit)
    i.TIM_Base_SetConfig                     0x080026dc   Section        0  stm32f0xx_hal_tim.o(i.TIM_Base_SetConfig)
    i.USBD_ClrClassConfig                    0x08002774   Section        0  usbd_core.o(i.USBD_ClrClassConfig)
    i.USBD_CtlContinueRx                     0x08002784   Section        0  usbd_ioreq.o(i.USBD_CtlContinueRx)
    i.USBD_CtlContinueSendData               0x08002794   Section        0  usbd_ioreq.o(i.USBD_CtlContinueSendData)
    i.USBD_CtlError                          0x080027a4   Section        0  usbd_ctlreq.o(i.USBD_CtlError)
    i.USBD_CtlPrepareRx                      0x080027b8   Section        0  usbd_ioreq.o(i.USBD_CtlPrepareRx)
    i.USBD_CtlReceiveStatus                  0x080027d8   Section        0  usbd_ioreq.o(i.USBD_CtlReceiveStatus)
    i.USBD_CtlSendData                       0x080027f0   Section        0  usbd_ioreq.o(i.USBD_CtlSendData)
    i.USBD_CtlSendStatus                     0x0800280c   Section        0  usbd_ioreq.o(i.USBD_CtlSendStatus)
    i.USBD_FS_ConfigStrDescriptor            0x08002824   Section        0  usbd_desc.o(i.USBD_FS_ConfigStrDescriptor)
    i.USBD_FS_DeviceDescriptor               0x0800284c   Section        0  usbd_desc.o(i.USBD_FS_DeviceDescriptor)
    i.USBD_FS_InterfaceStrDescriptor         0x08002858   Section        0  usbd_desc.o(i.USBD_FS_InterfaceStrDescriptor)
    i.USBD_FS_LangIDStrDescriptor            0x08002880   Section        0  usbd_desc.o(i.USBD_FS_LangIDStrDescriptor)
    i.USBD_FS_ManufacturerStrDescriptor      0x0800288c   Section        0  usbd_desc.o(i.USBD_FS_ManufacturerStrDescriptor)
    i.USBD_FS_ProductStrDescriptor           0x080028a4   Section        0  usbd_desc.o(i.USBD_FS_ProductStrDescriptor)
    i.USBD_FS_SerialStrDescriptor            0x080028c0   Section        0  usbd_desc.o(i.USBD_FS_SerialStrDescriptor)
    i.USBD_GS_CAN_CustomDeviceRequest        0x080028f8   Section        0  usbd_gs_can.o(i.USBD_GS_CAN_CustomDeviceRequest)
    i.USBD_GS_CAN_CustomInterfaceRequest     0x08002940   Section        0  usbd_gs_can.o(i.USBD_GS_CAN_CustomInterfaceRequest)
    i.USBD_GS_CAN_DataIn                     0x0800298c   Section        0  usbd_gs_can.o(i.USBD_GS_CAN_DataIn)
    USBD_GS_CAN_DataIn                       0x0800298d   Thumb Code    16  usbd_gs_can.o(i.USBD_GS_CAN_DataIn)
    i.USBD_GS_CAN_DataOut                    0x0800299c   Section        0  usbd_gs_can.o(i.USBD_GS_CAN_DataOut)
    USBD_GS_CAN_DataOut                      0x0800299d   Thumb Code    68  usbd_gs_can.o(i.USBD_GS_CAN_DataOut)
    i.USBD_GS_CAN_DeInit                     0x080029e0   Section        0  usbd_gs_can.o(i.USBD_GS_CAN_DeInit)
    USBD_GS_CAN_DeInit                       0x080029e1   Thumb Code    22  usbd_gs_can.o(i.USBD_GS_CAN_DeInit)
    i.USBD_GS_CAN_EP0_RxReady                0x080029f8   Section        0  usbd_gs_can.o(i.USBD_GS_CAN_EP0_RxReady)
    USBD_GS_CAN_EP0_RxReady                  0x080029f9   Thumb Code   420  usbd_gs_can.o(i.USBD_GS_CAN_EP0_RxReady)
    i.USBD_GS_CAN_GetCfgDesc                 0x08002ba4   Section        0  usbd_gs_can.o(i.USBD_GS_CAN_GetCfgDesc)
    USBD_GS_CAN_GetCfgDesc                   0x08002ba5   Thumb Code     8  usbd_gs_can.o(i.USBD_GS_CAN_GetCfgDesc)
    i.USBD_GS_CAN_GetProtocolVersion         0x08002bb0   Section        0  usbd_gs_can.o(i.USBD_GS_CAN_GetProtocolVersion)
    i.USBD_GS_CAN_GetStrDesc                 0x08002bc8   Section        0  usbd_gs_can.o(i.USBD_GS_CAN_GetStrDesc)
    USBD_GS_CAN_GetStrDesc                   0x08002bc9   Thumb Code    26  usbd_gs_can.o(i.USBD_GS_CAN_GetStrDesc)
    i.USBD_GS_CAN_Init                       0x08002be8   Section        0  usbd_gs_can.o(i.USBD_GS_CAN_Init)
    i.USBD_GS_CAN_SOF                        0x08002c20   Section        0  usbd_gs_can.o(i.USBD_GS_CAN_SOF)
    USBD_GS_CAN_SOF                          0x08002c21   Thumb Code    20  usbd_gs_can.o(i.USBD_GS_CAN_SOF)
    i.USBD_GS_CAN_SendFrame                  0x08002c34   Section        0  usbd_gs_can.o(i.USBD_GS_CAN_SendFrame)
    i.USBD_GS_CAN_SetChannel                 0x08002c90   Section        0  usbd_gs_can.o(i.USBD_GS_CAN_SetChannel)
    i.USBD_GS_CAN_Setup                      0x08002ca4   Section        0  usbd_gs_can.o(i.USBD_GS_CAN_Setup)
    USBD_GS_CAN_Setup                        0x08002ca5   Thumb Code   198  usbd_gs_can.o(i.USBD_GS_CAN_Setup)
    i.USBD_GS_CAN_Start                      0x08002d78   Section        0  usbd_gs_can.o(i.USBD_GS_CAN_Start)
    USBD_GS_CAN_Start                        0x08002d79   Thumb Code    68  usbd_gs_can.o(i.USBD_GS_CAN_Start)
    i.USBD_GS_CAN_TxReady                    0x08002dbc   Section        0  usbd_gs_can.o(i.USBD_GS_CAN_TxReady)
    i.USBD_GetString                         0x08002dd2   Section        0  usbd_ctlreq.o(i.USBD_GetString)
    i.USBD_Init                              0x08002e22   Section        0  usbd_core.o(i.USBD_Init)
    i.USBD_LL_ClearStallEP                   0x08002e54   Section        0  usbd_conf.o(i.USBD_LL_ClearStallEP)
    i.USBD_LL_CloseEP                        0x08002e66   Section        0  usbd_conf.o(i.USBD_LL_CloseEP)
    i.USBD_LL_DataInStage                    0x08002e78   Section        0  usbd_core.o(i.USBD_LL_DataInStage)
    i.USBD_LL_DataOutStage                   0x08002f3e   Section        0  usbd_core.o(i.USBD_LL_DataOutStage)
    i.USBD_LL_GetRxDataSize                  0x08002fb2   Section        0  usbd_conf.o(i.USBD_LL_GetRxDataSize)
    i.USBD_LL_Init                           0x08002fc4   Section        0  usbd_conf.o(i.USBD_LL_Init)
    i.USBD_LL_IsStallEP                      0x08003034   Section        0  usbd_conf.o(i.USBD_LL_IsStallEP)
    i.USBD_LL_OpenEP                         0x08003058   Section        0  usbd_conf.o(i.USBD_LL_OpenEP)
    i.USBD_LL_PrepareReceive                 0x08003070   Section        0  usbd_conf.o(i.USBD_LL_PrepareReceive)
    i.USBD_LL_Reset                          0x08003082   Section        0  usbd_core.o(i.USBD_LL_Reset)
    i.USBD_LL_Resume                         0x080030c8   Section        0  usbd_core.o(i.USBD_LL_Resume)
    i.USBD_LL_SOF                            0x080030d4   Section        0  usbd_core.o(i.USBD_LL_SOF)
    i.USBD_LL_SetSpeed                       0x080030f2   Section        0  usbd_core.o(i.USBD_LL_SetSpeed)
    i.USBD_LL_SetUSBAddress                  0x080030f8   Section        0  usbd_conf.o(i.USBD_LL_SetUSBAddress)
    i.USBD_LL_SetupStage                     0x0800310a   Section        0  usbd_core.o(i.USBD_LL_SetupStage)
    i.USBD_LL_StallEP                        0x08003168   Section        0  usbd_conf.o(i.USBD_LL_StallEP)
    i.USBD_LL_Start                          0x0800317a   Section        0  usbd_conf.o(i.USBD_LL_Start)
    i.USBD_LL_Suspend                        0x0800318c   Section        0  usbd_core.o(i.USBD_LL_Suspend)
    i.USBD_LL_Transmit                       0x0800319c   Section        0  usbd_conf.o(i.USBD_LL_Transmit)
    i.USBD_ParseSetupRequest                 0x080031ae   Section        0  usbd_ctlreq.o(i.USBD_ParseSetupRequest)
    i.USBD_RegisterClass                     0x080031d6   Section        0  usbd_core.o(i.USBD_RegisterClass)
    i.USBD_SetClassConfig                    0x080031ec   Section        0  usbd_core.o(i.USBD_SetClassConfig)
    i.USBD_Start                             0x08003208   Section        0  usbd_core.o(i.USBD_Start)
    i.USBD_StdDevReq                         0x08003214   Section        0  usbd_ctlreq.o(i.USBD_StdDevReq)
    i.USBD_StdEPReq                          0x080034fc   Section        0  usbd_ctlreq.o(i.USBD_StdEPReq)
    i.USBD_StdItfReq                         0x08003608   Section        0  usbd_ctlreq.o(i.USBD_StdItfReq)
    i.USB_IRQHandler                         0x0800364c   Section        0  stm32f0xx_it.o(i.USB_IRQHandler)
    i.__scatterload_copy                     0x0800365c   Section       14  handlers.o(i.__scatterload_copy)
    i.__scatterload_null                     0x0800366a   Section        2  handlers.o(i.__scatterload_null)
    i.__scatterload_zeroinit                 0x0800366c   Section       14  handlers.o(i.__scatterload_zeroinit)
    i.can_disable                            0x0800367a   Section        0  can.o(i.can_disable)
    i.can_enable                             0x08003686   Section        0  can.o(i.can_enable)
    i.can_get_error_status                   0x08003756   Section        0  can.o(i.can_get_error_status)
    i.can_init                               0x0800375c   Section        0  can.o(i.can_init)
    i.can_is_enabled                         0x080037b0   Section        0  can.o(i.can_is_enabled)
    i.can_is_rx_pending                      0x080037bc   Section        0  can.o(i.can_is_rx_pending)
    i.can_parse_error_status                 0x080037c8   Section        0  can.o(i.can_parse_error_status)
    i.can_receive                            0x08003990   Section        0  can.o(i.can_receive)
    i.can_send                               0x08003a42   Section        0  can.o(i.can_send)
    i.can_set_bittiming                      0x08003b24   Section        0  can.o(i.can_set_bittiming)
    i.flash_flush                            0x08003b64   Section        0  flash.o(i.flash_flush)
    i.flash_get_user_id                      0x08003bb0   Section        0  flash.o(i.flash_get_user_id)
    i.flash_load                             0x08003bc4   Section        0  flash.o(i.flash_load)
    i.flash_set_user_id                      0x08003bd8   Section        0  flash.o(i.flash_set_user_id)
    i.hex32                                  0x08003c38   Section        0  util.o(i.hex32)
    i.led_indicate_trx                       0x08003c5a   Section        0  led.o(i.led_indicate_trx)
    i.led_init                               0x08003c84   Section        0  led.o(i.led_init)
    i.led_run_sequence                       0x08003c98   Section        0  led.o(i.led_run_sequence)
    i.led_set_mode                           0x08003cdc   Section        0  led.o(i.led_set_mode)
    i.led_update                             0x08003ce6   Section        0  led.o(i.led_update)
    i.main                                   0x08003d8c   Section        0  main.o(i.main)
    i.malloc                                 0x080041e0   Section        0  malloc.o(i.malloc)
    i.queue_create                           0x0800424c   Section        0  queue.o(i.queue_create)
    i.queue_pop_front                        0x0800426a   Section        0  queue.o(i.queue_pop_front)
    i.queue_pop_front_i                      0x0800429a   Section        0  queue.o(i.queue_pop_front_i)
    i.queue_push_back                        0x080042c0   Section        0  queue.o(i.queue_push_back)
    i.queue_push_back_i                      0x080042f4   Section        0  queue.o(i.queue_push_back_i)
    i.queue_push_front                       0x0800431e   Section        0  queue.o(i.queue_push_front)
    .constdata                               0x0800435a   Section       52  usbd_gs_can.o(.constdata)
    USBD_GS_CAN_dconf                        0x0800435a   Data          12  usbd_gs_can.o(.constdata)
    USBD_GS_CAN_btconst                      0x08004366   Data          40  usbd_gs_can.o(.constdata)
    .constdata                               0x0800438e   Section       16  system_stm32f0xx.o(.constdata)
    .ARM.__AT_0x0801F800                     0x0801f800   Section        4  flash.o(.ARM.__AT_0x0801F800)
    flash_data_rom                           0x0801f800   Data           4  flash.o(.ARM.__AT_0x0801F800)
    .data                                    0x20000000   Section       16  main.o(.data)
    .data                                    0x20000010   Section        4  flash.o(.data)
    flash_data_ram                           0x20000010   Data           4  flash.o(.data)
    .data                                    0x20000014   Section       28  usbd_desc.o(.data)
    .data                                    0x20000030   Section       22  usbd_desc.o(.data)
    .data                                    0x20000048   Section       60  usbd_gs_can.o(.data)
    .data                                    0x20000084   Section      246  usbd_gs_can.o(.data)
    ifalt                                    0x20000084   Data           1  usbd_gs_can.o(.data)
    led_identify_seq                         0x20000085   Data           6  usbd_gs_can.o(.data)
    USBD_MS_COMP_ID_FEATURE_DESC             0x200000c0   Data          40  usbd_gs_can.o(.data)
    USBD_MS_EXT_PROP_FEATURE_DESC            0x200000e8   Data         146  usbd_gs_can.o(.data)
    .data                                    0x2000017c   Section        4  stm32f0xx_hal.o(.data)
    .data                                    0x20000180   Section        4  system_stm32f0xx.o(.data)
    .data                                    0x20000184   Section        1  usbd_ctlreq.o(.data)
    cfgidx                                   0x20000184   Data           1  usbd_ctlreq.o(.data)
    .data                                    0x20000188   Section        4  mvars.o(.data)
    .data                                    0x2000018c   Section        4  mvars.o(.data)
    .bss                                     0x20000190   Section      652  main.o(.bss)
    .bss                                     0x2000041c   Section      512  usbd_desc.o(.bss)
    .bss                                     0x2000061c   Section      544  usbd_conf.o(.bss)
    .bss                                     0x20000840   Section       32  stm32f0xx_hal_flash.o(.bss)
    HEAP                                     0x20000860   Section     8192  startup_stm32f072xb.o(HEAP)
    STACK                                    0x20002860   Section     2048  startup_stm32f072xb.o(STACK)

    Global Symbols

    Symbol Name                              Value     Ov Type        Size  Object(Section)

    BuildAttributes$$THM_ISAv3M$S$PE$A:L22$X:L11$S22$IEEE1$IW$USESV6$~STKCKD$USESV7$~SHL$OTIME$EBA8$MICROLIB$REQ8$PRES8$EABIv2 0x00000000   Number         0  anon$$obj.o ABSOLUTE
    __ARM_use_no_argv                        0x00000000   Number         0  main.o ABSOLUTE
    __cpp_initialize__aeabi_                  - Undefined Weak Reference
    __cxa_finalize                            - Undefined Weak Reference
    _clock_init                               - Undefined Weak Reference
    _microlib_exit                            - Undefined Weak Reference
    __Vectors_Size                           0x000000c0   Number         0  startup_stm32f072xb.o ABSOLUTE
    __Vectors                                0x08000000   Data           4  startup_stm32f072xb.o(RESET)
    __Vectors_End                            0x080000c0   Data           0  startup_stm32f072xb.o(RESET)
    __main                                   0x080000c1   Thumb Code     0  entry.o(.ARM.Collect$$$$00000000)
    _main_stk                                0x080000c1   Thumb Code     0  entry2.o(.ARM.Collect$$$$00000001)
    _main_scatterload                        0x080000c5   Thumb Code     0  entry5.o(.ARM.Collect$$$$00000004)
    __main_after_scatterload                 0x080000c9   Thumb Code     0  entry5.o(.ARM.Collect$$$$00000004)
    _main_clock                              0x080000c9   Thumb Code     0  entry7b.o(.ARM.Collect$$$$00000008)
    _main_cpp_init                           0x080000c9   Thumb Code     0  entry8b.o(.ARM.Collect$$$$0000000A)
    _main_init                               0x080000c9   Thumb Code     0  entry9a.o(.ARM.Collect$$$$0000000B)
    __rt_final_cpp                           0x080000d1   Thumb Code     0  entry10a.o(.ARM.Collect$$$$0000000D)
    __rt_final_exit                          0x080000d1   Thumb Code     0  entry11a.o(.ARM.Collect$$$$0000000F)
    Reset_Handler                            0x080000d5   Thumb Code     8  startup_stm32f072xb.o(.text)
    ADC1_COMP_IRQHandler                     0x080000e7   Thumb Code     0  startup_stm32f072xb.o(.text)
    CEC_CAN_IRQHandler                       0x080000e7   Thumb Code     0  startup_stm32f072xb.o(.text)
    DMA1_Channel1_IRQHandler                 0x080000e7   Thumb Code     0  startup_stm32f072xb.o(.text)
    DMA1_Channel2_3_IRQHandler               0x080000e7   Thumb Code     0  startup_stm32f072xb.o(.text)
    DMA1_Channel4_5_6_7_IRQHandler           0x080000e7   Thumb Code     0  startup_stm32f072xb.o(.text)
    EXTI0_1_IRQHandler                       0x080000e7   Thumb Code     0  startup_stm32f072xb.o(.text)
    EXTI2_3_IRQHandler                       0x080000e7   Thumb Code     0  startup_stm32f072xb.o(.text)
    EXTI4_15_IRQHandler                      0x080000e7   Thumb Code     0  startup_stm32f072xb.o(.text)
    FLASH_IRQHandler                         0x080000e7   Thumb Code     0  startup_stm32f072xb.o(.text)
    I2C1_IRQHandler                          0x080000e7   Thumb Code     0  startup_stm32f072xb.o(.text)
    I2C2_IRQHandler                          0x080000e7   Thumb Code     0  startup_stm32f072xb.o(.text)
    PVD_VDDIO2_IRQHandler                    0x080000e7   Thumb Code     0  startup_stm32f072xb.o(.text)
    RCC_CRS_IRQHandler                       0x080000e7   Thumb Code     0  startup_stm32f072xb.o(.text)
    RTC_IRQHandler                           0x080000e7   Thumb Code     0  startup_stm32f072xb.o(.text)
    SPI1_IRQHandler                          0x080000e7   Thumb Code     0  startup_stm32f072xb.o(.text)
    SPI2_IRQHandler                          0x080000e7   Thumb Code     0  startup_stm32f072xb.o(.text)
    TIM14_IRQHandler                         0x080000e7   Thumb Code     0  startup_stm32f072xb.o(.text)
    TIM15_IRQHandler                         0x080000e7   Thumb Code     0  startup_stm32f072xb.o(.text)
    TIM16_IRQHandler                         0x080000e7   Thumb Code     0  startup_stm32f072xb.o(.text)
    TIM17_IRQHandler                         0x080000e7   Thumb Code     0  startup_stm32f072xb.o(.text)
    TIM1_BRK_UP_TRG_COM_IRQHandler           0x080000e7   Thumb Code     0  startup_stm32f072xb.o(.text)
    TIM1_CC_IRQHandler                       0x080000e7   Thumb Code     0  startup_stm32f072xb.o(.text)
    TIM2_IRQHandler                          0x080000e7   Thumb Code     0  startup_stm32f072xb.o(.text)
    TIM3_IRQHandler                          0x080000e7   Thumb Code     0  startup_stm32f072xb.o(.text)
    TIM6_DAC_IRQHandler                      0x080000e7   Thumb Code     0  startup_stm32f072xb.o(.text)
    TIM7_IRQHandler                          0x080000e7   Thumb Code     0  startup_stm32f072xb.o(.text)
    TSC_IRQHandler                           0x080000e7   Thumb Code     0  startup_stm32f072xb.o(.text)
    USART1_IRQHandler                        0x080000e7   Thumb Code     0  startup_stm32f072xb.o(.text)
    USART2_IRQHandler                        0x080000e7   Thumb Code     0  startup_stm32f072xb.o(.text)
    USART3_4_IRQHandler                      0x080000e7   Thumb Code     0  startup_stm32f072xb.o(.text)
    WWDG_IRQHandler                          0x080000e7   Thumb Code     0  startup_stm32f072xb.o(.text)
    __aeabi_uidiv                            0x080000f1   Thumb Code     0  uidiv.o(.text)
    __aeabi_uidivmod                         0x080000f1   Thumb Code    44  uidiv.o(.text)
    __aeabi_llsr                             0x0800011d   Thumb Code    34  llushr.o(.text)
    _ll_ushift_r                             0x0800011d   Thumb Code     0  llushr.o(.text)
    __aeabi_memcpy                           0x0800013f   Thumb Code    36  memcpya.o(.text)
    __aeabi_memcpy4                          0x0800013f   Thumb Code     0  memcpya.o(.text)
    __aeabi_memcpy8                          0x0800013f   Thumb Code     0  memcpya.o(.text)
    __aeabi_memset                           0x08000163   Thumb Code    14  memseta.o(.text)
    __aeabi_memset4                          0x08000163   Thumb Code     0  memseta.o(.text)
    __aeabi_memset8                          0x08000163   Thumb Code     0  memseta.o(.text)
    __aeabi_memclr                           0x08000171   Thumb Code     4  memseta.o(.text)
    __aeabi_memclr4                          0x08000171   Thumb Code     0  memseta.o(.text)
    __aeabi_memclr8                          0x08000171   Thumb Code     0  memseta.o(.text)
    _memset$wrapper                          0x08000175   Thumb Code    18  memseta.o(.text)
    calloc                                   0x08000187   Thumb Code    28  calloc.o(.text)
    __scatterload                            0x080001a5   Thumb Code    28  init.o(.text)
    __scatterload_rt2                        0x080001a5   Thumb Code     0  init.o(.text)
    __decompress                             0x080001c9   Thumb Code     0  __dczerorl2.o(.text)
    __decompress1                            0x080001c9   Thumb Code    86  __dczerorl2.o(.text)
    FLASH_WaitForLastOperation               0x08000221   Thumb Code   116  stm32f0xx_hal_flash.o(i.FLASH_WaitForLastOperation)
    HAL_Delay                                0x0800029d   Thumb Code    28  stm32f0xx_hal.o(i.HAL_Delay)
    HAL_FLASHEx_Erase                        0x080002b9   Thumb Code   196  stm32f0xx_hal_flash_ex.o(i.HAL_FLASHEx_Erase)
    HAL_FLASHEx_OBErase                      0x08000389   Thumb Code   148  stm32f0xx_hal_flash_ex.o(i.HAL_FLASHEx_OBErase)
    HAL_FLASHEx_OBGetConfig                  0x0800042d   Thumb Code    48  stm32f0xx_hal_flash_ex.o(i.HAL_FLASHEx_OBGetConfig)
    HAL_FLASHEx_OBProgram                    0x08000461   Thumb Code   580  stm32f0xx_hal_flash_ex.o(i.HAL_FLASHEx_OBProgram)
    HAL_FLASH_Lock                           0x080006b5   Thumb Code    14  stm32f0xx_hal_flash.o(i.HAL_FLASH_Lock)
    HAL_FLASH_OB_Launch                      0x080006c9   Thumb Code    22  stm32f0xx_hal_flash.o(i.HAL_FLASH_OB_Launch)
    HAL_FLASH_OB_Lock                        0x080006e9   Thumb Code    14  stm32f0xx_hal_flash.o(i.HAL_FLASH_OB_Lock)
    HAL_FLASH_OB_Unlock                      0x080006fd   Thumb Code    24  stm32f0xx_hal_flash.o(i.HAL_FLASH_OB_Unlock)
    HAL_FLASH_Program                        0x08000721   Thumb Code   138  stm32f0xx_hal_flash.o(i.HAL_FLASH_Program)
    HAL_FLASH_Unlock                         0x080007b9   Thumb Code    24  stm32f0xx_hal_flash.o(i.HAL_FLASH_Unlock)
    HAL_GPIO_Init                            0x080007dd   Thumb Code   328  stm32f0xx_hal_gpio.o(i.HAL_GPIO_Init)
    HAL_GPIO_WritePin                        0x08000941   Thumb Code    12  stm32f0xx_hal_gpio.o(i.HAL_GPIO_WritePin)
    HAL_GetTick                              0x0800094d   Thumb Code     6  stm32f0xx_hal.o(i.HAL_GetTick)
    HAL_IncTick                              0x08000959   Thumb Code    10  stm32f0xx_hal.o(i.HAL_IncTick)
    HAL_Init                                 0x08000969   Thumb Code    26  stm32f0xx_hal.o(i.HAL_Init)
    HAL_InitTick                             0x08000989   Thumb Code    34  stm32f0xx_hal.o(i.HAL_InitTick)
    HAL_MspInit                              0x080009ad   Thumb Code    36  stm32f0xx_hal_msp.o(i.HAL_MspInit)
    HAL_NVIC_EnableIRQ                       0x080009d5   Thumb Code    14  stm32f0xx_hal_cortex.o(i.HAL_NVIC_EnableIRQ)
    HAL_NVIC_SetPriority                     0x080009e9   Thumb Code    60  stm32f0xx_hal_cortex.o(i.HAL_NVIC_SetPriority)
    HAL_PCDEx_PMAConfig                      0x08000a2d   Thumb Code    60  stm32f0xx_hal_pcd_ex.o(i.HAL_PCDEx_PMAConfig)
    HAL_PCD_DataInStageCallback              0x08000a69   Thumb Code    24  usbd_conf.o(i.HAL_PCD_DataInStageCallback)
    HAL_PCD_DataOutStageCallback             0x08000a81   Thumb Code    28  usbd_conf.o(i.HAL_PCD_DataOutStageCallback)
    HAL_PCD_EP_Close                         0x08000a9d   Thumb Code   342  stm32f0xx_hal_pcd.o(i.HAL_PCD_EP_Close)
    HAL_PCD_EP_ClrStall                      0x08000c0d   Thumb Code   172  stm32f0xx_hal_pcd.o(i.HAL_PCD_EP_ClrStall)
    HAL_PCD_EP_GetRxCount                    0x08000cd1   Thumb Code    20  stm32f0xx_hal_pcd.o(i.HAL_PCD_EP_GetRxCount)
    HAL_PCD_EP_Open                          0x08000ce5   Thumb Code   658  stm32f0xx_hal_pcd.o(i.HAL_PCD_EP_Open)
    HAL_PCD_EP_Receive                       0x08000fa1   Thumb Code   270  stm32f0xx_hal_pcd.o(i.HAL_PCD_EP_Receive)
    HAL_PCD_EP_SetStall                      0x080010bd   Thumb Code   136  stm32f0xx_hal_pcd.o(i.HAL_PCD_EP_SetStall)
    HAL_PCD_EP_Transmit                      0x08001155   Thumb Code   222  stm32f0xx_hal_pcd.o(i.HAL_PCD_EP_Transmit)
    HAL_PCD_IRQHandler                       0x0800124d   Thumb Code   258  stm32f0xx_hal_pcd.o(i.HAL_PCD_IRQHandler)
    HAL_PCD_Init                             0x0800136d   Thumb Code   156  stm32f0xx_hal_pcd.o(i.HAL_PCD_Init)
    HAL_PCD_MspInit                          0x08001409   Thumb Code    46  usbd_conf.o(i.HAL_PCD_MspInit)
    HAL_PCD_ResetCallback                    0x08001441   Thumb Code    24  usbd_conf.o(i.HAL_PCD_ResetCallback)
    HAL_PCD_ResumeCallback                   0x08001459   Thumb Code    16  usbd_conf.o(i.HAL_PCD_ResumeCallback)
    HAL_PCD_SOFCallback                      0x08001469   Thumb Code    16  usbd_conf.o(i.HAL_PCD_SOFCallback)
    HAL_PCD_SetAddress                       0x08001479   Thumb Code    44  stm32f0xx_hal_pcd.o(i.HAL_PCD_SetAddress)
    HAL_PCD_SetupStageCallback               0x080014a5   Thumb Code    82  usbd_conf.o(i.HAL_PCD_SetupStageCallback)
    HAL_PCD_Start                            0x080014f7   Thumb Code    18  stm32f0xx_hal_pcd.o(i.HAL_PCD_Start)
    HAL_PCD_SuspendCallback                  0x08001509   Thumb Code    16  usbd_conf.o(i.HAL_PCD_SuspendCallback)
    HAL_RCCEx_CRSConfig                      0x08001519   Thumb Code    66  stm32f0xx_hal_rcc_ex.o(i.HAL_RCCEx_CRSConfig)
    HAL_RCCEx_PeriphCLKConfig                0x08001565   Thumb Code   300  stm32f0xx_hal_rcc_ex.o(i.HAL_RCCEx_PeriphCLKConfig)
    HAL_RCC_ClockConfig                      0x0800169d   Thumb Code   454  stm32f0xx_hal_rcc.o(i.HAL_RCC_ClockConfig)
    HAL_RCC_GetHCLKFreq                      0x08001889   Thumb Code     6  stm32f0xx_hal_rcc.o(i.HAL_RCC_GetHCLKFreq)
    HAL_RCC_GetSysClockFreq                  0x08001895   Thumb Code   102  stm32f0xx_hal_rcc.o(i.HAL_RCC_GetSysClockFreq)
    HAL_RCC_OscConfig                        0x08001929   Thumb Code  1108  stm32f0xx_hal_rcc.o(i.HAL_RCC_OscConfig)
    HAL_SYSTICK_Config                       0x08001d7d   Thumb Code    46  stm32f0xx_hal_cortex.o(i.HAL_SYSTICK_Config)
    HAL_TIMEx_MasterConfigSynchronization    0x08001db9   Thumb Code    74  stm32f0xx_hal_tim_ex.o(i.HAL_TIMEx_MasterConfigSynchronization)
    HAL_TIM_Base_Init                        0x08001e03   Thumb Code    50  stm32f0xx_hal_tim.o(i.HAL_TIM_Base_Init)
    HAL_TIM_Base_MspInit                     0x08001e35   Thumb Code    32  stm32f0xx_hal_msp.o(i.HAL_TIM_Base_MspInit)
    HAL_TIM_Base_Start                       0x08001e59   Thumb Code    24  stm32f0xx_hal_tim.o(i.HAL_TIM_Base_Start)
    HAL_TIM_ConfigClockSource                0x08001e71   Thumb Code   438  stm32f0xx_hal_tim.o(i.HAL_TIM_ConfigClockSource)
    HardFault_Handler                        0x08002027   Thumb Code     2  stm32f0xx_it.o(i.HardFault_Handler)
    NMI_Handler                              0x08002029   Thumb Code     2  stm32f0xx_it.o(i.NMI_Handler)
    PCD_WritePMA                             0x08002595   Thumb Code    76  stm32f0xx_hal_pcd.o(i.PCD_WritePMA)
    PendSV_Handler                           0x080025e1   Thumb Code     2  stm32f0xx_it.o(i.PendSV_Handler)
    SVC_Handler                              0x080025e3   Thumb Code     2  stm32f0xx_it.o(i.SVC_Handler)
    SysTick_Handler                          0x080025e5   Thumb Code     8  stm32f0xx_it.o(i.SysTick_Handler)
    SystemClock_Config                       0x080025ed   Thumb Code   140  main.o(i.SystemClock_Config)
    SystemInit                               0x08002681   Thumb Code    76  system_stm32f0xx.o(i.SystemInit)
    TIM_Base_SetConfig                       0x080026dd   Thumb Code   126  stm32f0xx_hal_tim.o(i.TIM_Base_SetConfig)
    USBD_ClrClassConfig                      0x08002775   Thumb Code    16  usbd_core.o(i.USBD_ClrClassConfig)
    USBD_CtlContinueRx                       0x08002785   Thumb Code    16  usbd_ioreq.o(i.USBD_CtlContinueRx)
    USBD_CtlContinueSendData                 0x08002795   Thumb Code    16  usbd_ioreq.o(i.USBD_CtlContinueSendData)
    USBD_CtlError                            0x080027a5   Thumb Code    20  usbd_ctlreq.o(i.USBD_CtlError)
    USBD_CtlPrepareRx                        0x080027b9   Thumb Code    32  usbd_ioreq.o(i.USBD_CtlPrepareRx)
    USBD_CtlReceiveStatus                    0x080027d9   Thumb Code    24  usbd_ioreq.o(i.USBD_CtlReceiveStatus)
    USBD_CtlSendData                         0x080027f1   Thumb Code    28  usbd_ioreq.o(i.USBD_CtlSendData)
    USBD_CtlSendStatus                       0x0800280d   Thumb Code    24  usbd_ioreq.o(i.USBD_CtlSendStatus)
    USBD_FS_ConfigStrDescriptor              0x08002825   Thumb Code    16  usbd_desc.o(i.USBD_FS_ConfigStrDescriptor)
    USBD_FS_DeviceDescriptor                 0x0800284d   Thumb Code     8  usbd_desc.o(i.USBD_FS_DeviceDescriptor)
    USBD_FS_InterfaceStrDescriptor           0x08002859   Thumb Code    16  usbd_desc.o(i.USBD_FS_InterfaceStrDescriptor)
    USBD_FS_LangIDStrDescriptor              0x08002881   Thumb Code     8  usbd_desc.o(i.USBD_FS_LangIDStrDescriptor)
    USBD_FS_ManufacturerStrDescriptor        0x0800288d   Thumb Code    16  usbd_desc.o(i.USBD_FS_ManufacturerStrDescriptor)
    USBD_FS_ProductStrDescriptor             0x080028a5   Thumb Code    16  usbd_desc.o(i.USBD_FS_ProductStrDescriptor)
    USBD_FS_SerialStrDescriptor              0x080028c1   Thumb Code    48  usbd_desc.o(i.USBD_FS_SerialStrDescriptor)
    USBD_GS_CAN_CustomDeviceRequest          0x080028f9   Thumb Code    64  usbd_gs_can.o(i.USBD_GS_CAN_CustomDeviceRequest)
    USBD_GS_CAN_CustomInterfaceRequest       0x08002941   Thumb Code    66  usbd_gs_can.o(i.USBD_GS_CAN_CustomInterfaceRequest)
    USBD_GS_CAN_GetProtocolVersion           0x08002bb1   Thumb Code    24  usbd_gs_can.o(i.USBD_GS_CAN_GetProtocolVersion)
    USBD_GS_CAN_Init                         0x08002be9   Thumb Code    56  usbd_gs_can.o(i.USBD_GS_CAN_Init)
    USBD_GS_CAN_SendFrame                    0x08002c35   Thumb Code    92  usbd_gs_can.o(i.USBD_GS_CAN_SendFrame)
    USBD_GS_CAN_SetChannel                   0x08002c91   Thumb Code    20  usbd_gs_can.o(i.USBD_GS_CAN_SetChannel)
    USBD_GS_CAN_TxReady                      0x08002dbd   Thumb Code    22  usbd_gs_can.o(i.USBD_GS_CAN_TxReady)
    USBD_GetString                           0x08002dd3   Thumb Code    80  usbd_ctlreq.o(i.USBD_GetString)
    USBD_Init                                0x08002e23   Thumb Code    50  usbd_core.o(i.USBD_Init)
    USBD_LL_ClearStallEP                     0x08002e55   Thumb Code    18  usbd_conf.o(i.USBD_LL_ClearStallEP)
    USBD_LL_CloseEP                          0x08002e67   Thumb Code    18  usbd_conf.o(i.USBD_LL_CloseEP)
    USBD_LL_DataInStage                      0x08002e79   Thumb Code   198  usbd_core.o(i.USBD_LL_DataInStage)
    USBD_LL_DataOutStage                     0x08002f3f   Thumb Code   116  usbd_core.o(i.USBD_LL_DataOutStage)
    USBD_LL_GetRxDataSize                    0x08002fb3   Thumb Code    16  usbd_conf.o(i.USBD_LL_GetRxDataSize)
    USBD_LL_Init                             0x08002fc5   Thumb Code    96  usbd_conf.o(i.USBD_LL_Init)
    USBD_LL_IsStallEP                        0x08003035   Thumb Code    36  usbd_conf.o(i.USBD_LL_IsStallEP)
    USBD_LL_OpenEP                           0x08003059   Thumb Code    24  usbd_conf.o(i.USBD_LL_OpenEP)
    USBD_LL_PrepareReceive                   0x08003071   Thumb Code    18  usbd_conf.o(i.USBD_LL_PrepareReceive)
    USBD_LL_Reset                            0x08003083   Thumb Code    70  usbd_core.o(i.USBD_LL_Reset)
    USBD_LL_Resume                           0x080030c9   Thumb Code    12  usbd_core.o(i.USBD_LL_Resume)
    USBD_LL_SOF                              0x080030d5   Thumb Code    30  usbd_core.o(i.USBD_LL_SOF)
    USBD_LL_SetSpeed                         0x080030f3   Thumb Code     6  usbd_core.o(i.USBD_LL_SetSpeed)
    USBD_LL_SetUSBAddress                    0x080030f9   Thumb Code    18  usbd_conf.o(i.USBD_LL_SetUSBAddress)
    USBD_LL_SetupStage                       0x0800310b   Thumb Code    94  usbd_core.o(i.USBD_LL_SetupStage)
    USBD_LL_StallEP                          0x08003169   Thumb Code    18  usbd_conf.o(i.USBD_LL_StallEP)
    USBD_LL_Start                            0x0800317b   Thumb Code    18  usbd_conf.o(i.USBD_LL_Start)
    USBD_LL_Suspend                          0x0800318d   Thumb Code    16  usbd_core.o(i.USBD_LL_Suspend)
    USBD_LL_Transmit                         0x0800319d   Thumb Code    18  usbd_conf.o(i.USBD_LL_Transmit)
    USBD_ParseSetupRequest                   0x080031af   Thumb Code    40  usbd_ctlreq.o(i.USBD_ParseSetupRequest)
    USBD_RegisterClass                       0x080031d7   Thumb Code    22  usbd_core.o(i.USBD_RegisterClass)
    USBD_SetClassConfig                      0x080031ed   Thumb Code    28  usbd_core.o(i.USBD_SetClassConfig)
    USBD_Start                               0x08003209   Thumb Code    10  usbd_core.o(i.USBD_Start)
    USBD_StdDevReq                           0x08003215   Thumb Code   740  usbd_ctlreq.o(i.USBD_StdDevReq)
    USBD_StdEPReq                            0x080034fd   Thumb Code   268  usbd_ctlreq.o(i.USBD_StdEPReq)
    USBD_StdItfReq                           0x08003609   Thumb Code    68  usbd_ctlreq.o(i.USBD_StdItfReq)
    USB_IRQHandler                           0x0800364d   Thumb Code    10  stm32f0xx_it.o(i.USB_IRQHandler)
    __scatterload_copy                       0x0800365d   Thumb Code    14  handlers.o(i.__scatterload_copy)
    __scatterload_null                       0x0800366b   Thumb Code     2  handlers.o(i.__scatterload_null)
    __scatterload_zeroinit                   0x0800366d   Thumb Code    14  handlers.o(i.__scatterload_zeroinit)
    can_disable                              0x0800367b   Thumb Code    12  can.o(i.can_disable)
    can_enable                               0x08003687   Thumb Code   208  can.o(i.can_enable)
    can_get_error_status                     0x08003757   Thumb Code     6  can.o(i.can_get_error_status)
    can_init                                 0x0800375d   Thumb Code    76  can.o(i.can_init)
    can_is_enabled                           0x080037b1   Thumb Code    12  can.o(i.can_is_enabled)
    can_is_rx_pending                        0x080037bd   Thumb Code    12  can.o(i.can_is_rx_pending)
    can_parse_error_status                   0x080037c9   Thumb Code   446  can.o(i.can_parse_error_status)
    can_receive                              0x08003991   Thumb Code   178  can.o(i.can_receive)
    can_send                                 0x08003a43   Thumb Code   226  can.o(i.can_send)
    can_set_bittiming                        0x08003b25   Thumb Code    58  can.o(i.can_set_bittiming)
    flash_flush                              0x08003b65   Thumb Code    62  flash.o(i.flash_flush)
    flash_get_user_id                        0x08003bb1   Thumb Code    14  flash.o(i.flash_get_user_id)
    flash_load                               0x08003bc5   Thumb Code    10  flash.o(i.flash_load)
    flash_set_user_id                        0x08003bd9   Thumb Code    82  flash.o(i.flash_set_user_id)
    hex32                                    0x08003c39   Thumb Code    34  util.o(i.hex32)
    led_indicate_trx                         0x08003c5b   Thumb Code    42  led.o(i.led_indicate_trx)
    led_init                                 0x08003c85   Thumb Code    18  led.o(i.led_init)
    led_run_sequence                         0x08003c99   Thumb Code    60  led.o(i.led_run_sequence)
    led_set_mode                             0x08003cdd   Thumb Code    10  led.o(i.led_set_mode)
    led_update                               0x08003ce7   Thumb Code   164  led.o(i.led_update)
    main                                     0x08003d8d   Thumb Code  1034  main.o(i.main)
    malloc                                   0x080041e1   Thumb Code    92  malloc.o(i.malloc)
    queue_create                             0x0800424d   Thumb Code    30  queue.o(i.queue_create)
    queue_pop_front                          0x0800426b   Thumb Code    48  queue.o(i.queue_pop_front)
    queue_pop_front_i                        0x0800429b   Thumb Code    38  queue.o(i.queue_pop_front_i)
    queue_push_back                          0x080042c1   Thumb Code    52  queue.o(i.queue_push_back)
    queue_push_back_i                        0x080042f5   Thumb Code    42  queue.o(i.queue_push_back_i)
    queue_push_front                         0x0800431f   Thumb Code    60  queue.o(i.queue_push_front)
    AHBPrescTable                            0x0800438e   Data          16  system_stm32f0xx.o(.constdata)
    Region$$Table$$Base                      0x080043a0   Number         0  anon$$obj.o(Region$$Table)
    Region$$Table$$Limit                     0x080043c0   Number         0  anon$$obj.o(Region$$Table)
    gEchoBackEnable                          0x20000000   Data           1  main.o(.data)
    q_frame_pool                             0x20000004   Data           4  main.o(.data)
    q_from_host                              0x20000008   Data           4  main.o(.data)
    q_to_host                                0x2000000c   Data           4  main.o(.data)
    FS_Desc                                  0x20000014   Data          28  usbd_desc.o(.data)
    USBD_LangIDDesc                          0x20000030   Data           4  usbd_desc.o(.data)
    USBD_FS_DeviceDesc                       0x20000034   Data          18  usbd_desc.o(.data)
    USBD_GS_CAN                              0x20000048   Data          60  usbd_gs_can.o(.data)
    USBD_GS_CAN_CfgDesc                      0x2000008c   Data          32  usbd_gs_can.o(.data)
    USBD_GS_CAN_WINUSB_STR                   0x200000ac   Data          18  usbd_gs_can.o(.data)
    uwTick                                   0x2000017c   Data           4  stm32f0xx_hal.o(.data)
    SystemCoreClock                          0x20000180   Data           4  system_stm32f0xx.o(.data)
    __microlib_freelist                      0x20000188   Data           4  mvars.o(.data)
    __microlib_freelist_initialised          0x2000018c   Data           4  mvars.o(.data)
    hLED                                     0x20000190   Data          28  main.o(.bss)
    hCAN                                     0x200001ac   Data          12  main.o(.bss)
    hUSB                                     0x200001b8   Data         548  main.o(.bss)
    htim2                                    0x200003dc   Data          64  main.o(.bss)
    USBD_StrDesc                             0x2000041c   Data         512  usbd_desc.o(.bss)
    hpcd_USB_FS                              0x2000061c   Data         544  usbd_conf.o(.bss)
    pFlash                                   0x20000840   Data          32  stm32f0xx_hal_flash.o(.bss)
    __heap_base                              0x20000860   Data           0  startup_stm32f072xb.o(HEAP)
    __heap_limit                             0x20002860   Data           0  startup_stm32f072xb.o(HEAP)
    __initial_sp                             0x20003060   Data           0  startup_stm32f072xb.o(STACK)



==============================================================================

Memory Map of the image

  Image Entry point : 0x080000c1

  Load Region LR_IROM1 (Base: 0x08000000, Size: 0x00004550, Max: 0x00010000, ABSOLUTE, COMPRESSED[0x000044c0])

    Execution Region ER_IROM1 (Exec base: 0x08000000, Load base: 0x08000000, Size: 0x000043c0, Max: 0x00010000, ABSOLUTE)

    Exec Addr    Load Addr    Size         Type   Attr      Idx    E Section Name        Object

    0x08000000   0x08000000   0x000000c0   Data   RO            3    RESET               startup_stm32f072xb.o
    0x080000c0   0x080000c0   0x00000000   Code   RO         3679  * .ARM.Collect$$$$00000000  mc_p.l(entry.o)
    0x080000c0   0x080000c0   0x00000004   Code   RO         3722    .ARM.Collect$$$$00000001  mc_p.l(entry2.o)
    0x080000c4   0x080000c4   0x00000004   Code   RO         3725    .ARM.Collect$$$$00000004  mc_p.l(entry5.o)
    0x080000c8   0x080000c8   0x00000000   Code   RO         3727    .ARM.Collect$$$$00000008  mc_p.l(entry7b.o)
    0x080000c8   0x080000c8   0x00000000   Code   RO         3729    .ARM.Collect$$$$0000000A  mc_p.l(entry8b.o)
    0x080000c8   0x080000c8   0x00000008   Code   RO         3730    .ARM.Collect$$$$0000000B  mc_p.l(entry9a.o)
    0x080000d0   0x080000d0   0x00000000   Code   RO         3732    .ARM.Collect$$$$0000000D  mc_p.l(entry10a.o)
    0x080000d0   0x080000d0   0x00000000   Code   RO         3734    .ARM.Collect$$$$0000000F  mc_p.l(entry11a.o)
    0x080000d0   0x080000d0   0x00000004   Code   RO         3723    .ARM.Collect$$$$00002712  mc_p.l(entry2.o)
    0x080000d4   0x080000d4   0x0000001c   Code   RO            4    .text               startup_stm32f072xb.o
    0x080000f0   0x080000f0   0x0000002c   Code   RO         3682    .text               mc_p.l(uidiv.o)
    0x0800011c   0x0800011c   0x00000022   Code   RO         3684    .text               mc_p.l(llushr.o)
    0x0800013e   0x0800013e   0x00000024   Code   RO         3686    .text               mc_p.l(memcpya.o)
    0x08000162   0x08000162   0x00000024   Code   RO         3688    .text               mc_p.l(memseta.o)
    0x08000186   0x08000186   0x0000001c   Code   RO         3720    .text               mc_p.l(calloc.o)
    0x080001a2   0x080001a2   0x00000002   PAD
    0x080001a4   0x080001a4   0x00000024   Code   RO         3738    .text               mc_p.l(init.o)
    0x080001c8   0x080001c8   0x00000056   Code   RO         3748    .text               mc_p.l(__dczerorl2.o)
    0x0800021e   0x0800021e   0x00000002   PAD
    0x08000220   0x08000220   0x0000007c   Code   RO         3262    i.FLASH_WaitForLastOperation  stm32f0xx_hal_flash.o
    0x0800029c   0x0800029c   0x0000001c   Code   RO         2305    i.HAL_Delay         stm32f0xx_hal.o
    0x080002b8   0x080002b8   0x000000d0   Code   RO         3352    i.HAL_FLASHEx_Erase  stm32f0xx_hal_flash_ex.o
    0x08000388   0x08000388   0x000000a4   Code   RO         3354    i.HAL_FLASHEx_OBErase  stm32f0xx_hal_flash_ex.o
    0x0800042c   0x0800042c   0x00000034   Code   RO         3355    i.HAL_FLASHEx_OBGetConfig  stm32f0xx_hal_flash_ex.o
    0x08000460   0x08000460   0x00000254   Code   RO         3357    i.HAL_FLASHEx_OBProgram  stm32f0xx_hal_flash_ex.o
    0x080006b4   0x080006b4   0x00000014   Code   RO         3266    i.HAL_FLASH_Lock    stm32f0xx_hal_flash.o
    0x080006c8   0x080006c8   0x00000020   Code   RO         3267    i.HAL_FLASH_OB_Launch  stm32f0xx_hal_flash.o
    0x080006e8   0x080006e8   0x00000014   Code   RO         3268    i.HAL_FLASH_OB_Lock  stm32f0xx_hal_flash.o
    0x080006fc   0x080006fc   0x00000024   Code   RO         3269    i.HAL_FLASH_OB_Unlock  stm32f0xx_hal_flash.o
    0x08000720   0x08000720   0x00000098   Code   RO         3271    i.HAL_FLASH_Program  stm32f0xx_hal_flash.o
    0x080007b8   0x080007b8   0x00000024   Code   RO         3273    i.HAL_FLASH_Unlock  stm32f0xx_hal_flash.o
    0x080007dc   0x080007dc   0x00000164   Code   RO         2874    i.HAL_GPIO_Init     stm32f0xx_hal_gpio.o
    0x08000940   0x08000940   0x0000000c   Code   RO         2878    i.HAL_GPIO_WritePin  stm32f0xx_hal_gpio.o
    0x0800094c   0x0800094c   0x0000000c   Code   RO         2309    i.HAL_GetTick       stm32f0xx_hal.o
    0x08000958   0x08000958   0x00000010   Code   RO         2313    i.HAL_IncTick       stm32f0xx_hal.o
    0x08000968   0x08000968   0x00000020   Code   RO         2314    i.HAL_Init          stm32f0xx_hal.o
    0x08000988   0x08000988   0x00000022   Code   RO         2315    i.HAL_InitTick      stm32f0xx_hal.o
    0x080009aa   0x080009aa   0x00000002   PAD
    0x080009ac   0x080009ac   0x00000028   Code   RO          876    i.HAL_MspInit       stm32f0xx_hal_msp.o
    0x080009d4   0x080009d4   0x00000014   Code   RO         3021    i.HAL_NVIC_EnableIRQ  stm32f0xx_hal_cortex.o
    0x080009e8   0x080009e8   0x00000044   Code   RO         3025    i.HAL_NVIC_SetPriority  stm32f0xx_hal_cortex.o
    0x08000a2c   0x08000a2c   0x0000003c   Code   RO         1138    i.HAL_PCDEx_PMAConfig  stm32f0xx_hal_pcd_ex.o
    0x08000a68   0x08000a68   0x00000018   Code   RO          537    i.HAL_PCD_DataInStageCallback  usbd_conf.o
    0x08000a80   0x08000a80   0x0000001c   Code   RO          538    i.HAL_PCD_DataOutStageCallback  usbd_conf.o
    0x08000a9c   0x08000a9c   0x00000170   Code   RO          927    i.HAL_PCD_EP_Close  stm32f0xx_hal_pcd.o
    0x08000c0c   0x08000c0c   0x000000c4   Code   RO          928    i.HAL_PCD_EP_ClrStall  stm32f0xx_hal_pcd.o
    0x08000cd0   0x08000cd0   0x00000014   Code   RO          930    i.HAL_PCD_EP_GetRxCount  stm32f0xx_hal_pcd.o
    0x08000ce4   0x08000ce4   0x000002bc   Code   RO          931    i.HAL_PCD_EP_Open   stm32f0xx_hal_pcd.o
    0x08000fa0   0x08000fa0   0x0000011c   Code   RO          932    i.HAL_PCD_EP_Receive  stm32f0xx_hal_pcd.o
    0x080010bc   0x080010bc   0x00000098   Code   RO          933    i.HAL_PCD_EP_SetStall  stm32f0xx_hal_pcd.o
    0x08001154   0x08001154   0x000000f8   Code   RO          934    i.HAL_PCD_EP_Transmit  stm32f0xx_hal_pcd.o
    0x0800124c   0x0800124c   0x00000120   Code   RO          936    i.HAL_PCD_IRQHandler  stm32f0xx_hal_pcd.o
    0x0800136c   0x0800136c   0x0000009c   Code   RO          939    i.HAL_PCD_Init      stm32f0xx_hal_pcd.o
    0x08001408   0x08001408   0x00000038   Code   RO          540    i.HAL_PCD_MspInit   usbd_conf.o
    0x08001440   0x08001440   0x00000018   Code   RO          541    i.HAL_PCD_ResetCallback  usbd_conf.o
    0x08001458   0x08001458   0x00000010   Code   RO          542    i.HAL_PCD_ResumeCallback  usbd_conf.o
    0x08001468   0x08001468   0x00000010   Code   RO          543    i.HAL_PCD_SOFCallback  usbd_conf.o
    0x08001478   0x08001478   0x0000002c   Code   RO          945    i.HAL_PCD_SetAddress  stm32f0xx_hal_pcd.o
    0x080014a4   0x080014a4   0x00000052   Code   RO          544    i.HAL_PCD_SetupStageCallback  usbd_conf.o
    0x080014f6   0x080014f6   0x00000012   Code   RO          947    i.HAL_PCD_Start     stm32f0xx_hal_pcd.o
    0x08001508   0x08001508   0x00000010   Code   RO          545    i.HAL_PCD_SuspendCallback  usbd_conf.o
    0x08001518   0x08001518   0x0000004c   Code   RO         2214    i.HAL_RCCEx_CRSConfig  stm32f0xx_hal_rcc_ex.o
    0x08001564   0x08001564   0x00000138   Code   RO         2225    i.HAL_RCCEx_PeriphCLKConfig  stm32f0xx_hal_rcc_ex.o
    0x0800169c   0x0800169c   0x000001ec   Code   RO         2124    i.HAL_RCC_ClockConfig  stm32f0xx_hal_rcc.o
    0x08001888   0x08001888   0x0000000c   Code   RO         2129    i.HAL_RCC_GetHCLKFreq  stm32f0xx_hal_rcc.o
    0x08001894   0x08001894   0x00000094   Code   RO         2132    i.HAL_RCC_GetSysClockFreq  stm32f0xx_hal_rcc.o
    0x08001928   0x08001928   0x00000454   Code   RO         2135    i.HAL_RCC_OscConfig  stm32f0xx_hal_rcc.o
    0x08001d7c   0x08001d7c   0x0000003c   Code   RO         3029    i.HAL_SYSTICK_Config  stm32f0xx_hal_cortex.o
    0x08001db8   0x08001db8   0x0000004a   Code   RO         1904    i.HAL_TIMEx_MasterConfigSynchronization  stm32f0xx_hal_tim_ex.o
    0x08001e02   0x08001e02   0x00000032   Code   RO         1281    i.HAL_TIM_Base_Init  stm32f0xx_hal_tim.o
    0x08001e34   0x08001e34   0x00000024   Code   RO          878    i.HAL_TIM_Base_MspInit  stm32f0xx_hal_msp.o
    0x08001e58   0x08001e58   0x00000018   Code   RO         1284    i.HAL_TIM_Base_Start  stm32f0xx_hal_tim.o
    0x08001e70   0x08001e70   0x000001b6   Code   RO         1290    i.HAL_TIM_ConfigClockSource  stm32f0xx_hal_tim.o
    0x08002026   0x08002026   0x00000002   Code   RO          820    i.HardFault_Handler  stm32f0xx_it.o
    0x08002028   0x08002028   0x00000002   Code   RO          821    i.NMI_Handler       stm32f0xx_it.o
    0x0800202a   0x0800202a   0x00000002   PAD
    0x0800202c   0x0800202c   0x00000568   Code   RO          950    i.PCD_EP_ISR_Handler  stm32f0xx_hal_pcd.o
    0x08002594   0x08002594   0x0000004c   Code   RO          952    i.PCD_WritePMA      stm32f0xx_hal_pcd.o
    0x080025e0   0x080025e0   0x00000002   Code   RO          822    i.PendSV_Handler    stm32f0xx_it.o
    0x080025e2   0x080025e2   0x00000002   Code   RO          823    i.SVC_Handler       stm32f0xx_it.o
    0x080025e4   0x080025e4   0x00000008   Code   RO          824    i.SysTick_Handler   stm32f0xx_it.o
    0x080025ec   0x080025ec   0x00000094   Code   RO           13    i.SystemClock_Config  main.o
    0x08002680   0x08002680   0x0000005c   Code   RO         3407    i.SystemInit        system_stm32f0xx.o
    0x080026dc   0x080026dc   0x00000098   Code   RO         1367    i.TIM_Base_SetConfig  stm32f0xx_hal_tim.o
    0x08002774   0x08002774   0x00000010   Code   RO         3440    i.USBD_ClrClassConfig  usbd_core.o
    0x08002784   0x08002784   0x00000010   Code   RO         3625    i.USBD_CtlContinueRx  usbd_ioreq.o
    0x08002794   0x08002794   0x00000010   Code   RO         3626    i.USBD_CtlContinueSendData  usbd_ioreq.o
    0x080027a4   0x080027a4   0x00000014   Code   RO         3574    i.USBD_CtlError     usbd_ctlreq.o
    0x080027b8   0x080027b8   0x00000020   Code   RO         3627    i.USBD_CtlPrepareRx  usbd_ioreq.o
    0x080027d8   0x080027d8   0x00000018   Code   RO         3628    i.USBD_CtlReceiveStatus  usbd_ioreq.o
    0x080027f0   0x080027f0   0x0000001c   Code   RO         3629    i.USBD_CtlSendData  usbd_ioreq.o
    0x0800280c   0x0800280c   0x00000018   Code   RO         3630    i.USBD_CtlSendStatus  usbd_ioreq.o
    0x08002824   0x08002824   0x00000028   Code   RO          473    i.USBD_FS_ConfigStrDescriptor  usbd_desc.o
    0x0800284c   0x0800284c   0x0000000c   Code   RO          474    i.USBD_FS_DeviceDescriptor  usbd_desc.o
    0x08002858   0x08002858   0x00000028   Code   RO          475    i.USBD_FS_InterfaceStrDescriptor  usbd_desc.o
    0x08002880   0x08002880   0x0000000c   Code   RO          476    i.USBD_FS_LangIDStrDescriptor  usbd_desc.o
    0x0800288c   0x0800288c   0x00000018   Code   RO          477    i.USBD_FS_ManufacturerStrDescriptor  usbd_desc.o
    0x080028a4   0x080028a4   0x0000001c   Code   RO          478    i.USBD_FS_ProductStrDescriptor  usbd_desc.o
    0x080028c0   0x080028c0   0x00000038   Code   RO          479    i.USBD_FS_SerialStrDescriptor  usbd_desc.o
    0x080028f8   0x080028f8   0x00000048   Code   RO          692    i.USBD_GS_CAN_CustomDeviceRequest  usbd_gs_can.o
    0x08002940   0x08002940   0x0000004c   Code   RO          693    i.USBD_GS_CAN_CustomInterfaceRequest  usbd_gs_can.o
    0x0800298c   0x0800298c   0x00000010   Code   RO          694    i.USBD_GS_CAN_DataIn  usbd_gs_can.o
    0x0800299c   0x0800299c   0x00000044   Code   RO          695    i.USBD_GS_CAN_DataOut  usbd_gs_can.o
    0x080029e0   0x080029e0   0x00000016   Code   RO          696    i.USBD_GS_CAN_DeInit  usbd_gs_can.o
    0x080029f6   0x080029f6   0x00000002   PAD
    0x080029f8   0x080029f8   0x000001ac   Code   RO          697    i.USBD_GS_CAN_EP0_RxReady  usbd_gs_can.o
    0x08002ba4   0x08002ba4   0x0000000c   Code   RO          698    i.USBD_GS_CAN_GetCfgDesc  usbd_gs_can.o
    0x08002bb0   0x08002bb0   0x00000018   Code   RO          700    i.USBD_GS_CAN_GetProtocolVersion  usbd_gs_can.o
    0x08002bc8   0x08002bc8   0x00000020   Code   RO          701    i.USBD_GS_CAN_GetStrDesc  usbd_gs_can.o
    0x08002be8   0x08002be8   0x00000038   Code   RO          702    i.USBD_GS_CAN_Init  usbd_gs_can.o
    0x08002c20   0x08002c20   0x00000014   Code   RO          703    i.USBD_GS_CAN_SOF   usbd_gs_can.o
    0x08002c34   0x08002c34   0x0000005c   Code   RO          704    i.USBD_GS_CAN_SendFrame  usbd_gs_can.o
    0x08002c90   0x08002c90   0x00000014   Code   RO          705    i.USBD_GS_CAN_SetChannel  usbd_gs_can.o
    0x08002ca4   0x08002ca4   0x000000d4   Code   RO          706    i.USBD_GS_CAN_Setup  usbd_gs_can.o
    0x08002d78   0x08002d78   0x00000044   Code   RO          707    i.USBD_GS_CAN_Start  usbd_gs_can.o
    0x08002dbc   0x08002dbc   0x00000016   Code   RO          709    i.USBD_GS_CAN_TxReady  usbd_gs_can.o
    0x08002dd2   0x08002dd2   0x00000050   Code   RO         3575    i.USBD_GetString    usbd_ctlreq.o
    0x08002e22   0x08002e22   0x00000032   Code   RO         3442    i.USBD_Init         usbd_core.o
    0x08002e54   0x08002e54   0x00000012   Code   RO          546    i.USBD_LL_ClearStallEP  usbd_conf.o
    0x08002e66   0x08002e66   0x00000012   Code   RO          547    i.USBD_LL_CloseEP   usbd_conf.o
    0x08002e78   0x08002e78   0x000000c6   Code   RO         3443    i.USBD_LL_DataInStage  usbd_core.o
    0x08002f3e   0x08002f3e   0x00000074   Code   RO         3444    i.USBD_LL_DataOutStage  usbd_core.o
    0x08002fb2   0x08002fb2   0x00000010   Code   RO          550    i.USBD_LL_GetRxDataSize  usbd_conf.o
    0x08002fc2   0x08002fc2   0x00000002   PAD
    0x08002fc4   0x08002fc4   0x00000070   Code   RO          551    i.USBD_LL_Init      usbd_conf.o
    0x08003034   0x08003034   0x00000024   Code   RO          552    i.USBD_LL_IsStallEP  usbd_conf.o
    0x08003058   0x08003058   0x00000018   Code   RO          553    i.USBD_LL_OpenEP    usbd_conf.o
    0x08003070   0x08003070   0x00000012   Code   RO          554    i.USBD_LL_PrepareReceive  usbd_conf.o
    0x08003082   0x08003082   0x00000046   Code   RO         3449    i.USBD_LL_Reset     usbd_core.o
    0x080030c8   0x080030c8   0x0000000c   Code   RO         3450    i.USBD_LL_Resume    usbd_core.o
    0x080030d4   0x080030d4   0x0000001e   Code   RO         3451    i.USBD_LL_SOF       usbd_core.o
    0x080030f2   0x080030f2   0x00000006   Code   RO         3452    i.USBD_LL_SetSpeed  usbd_core.o
    0x080030f8   0x080030f8   0x00000012   Code   RO          555    i.USBD_LL_SetUSBAddress  usbd_conf.o
    0x0800310a   0x0800310a   0x0000005e   Code   RO         3453    i.USBD_LL_SetupStage  usbd_core.o
    0x08003168   0x08003168   0x00000012   Code   RO          556    i.USBD_LL_StallEP   usbd_conf.o
    0x0800317a   0x0800317a   0x00000012   Code   RO          557    i.USBD_LL_Start     usbd_conf.o
    0x0800318c   0x0800318c   0x00000010   Code   RO         3454    i.USBD_LL_Suspend   usbd_core.o
    0x0800319c   0x0800319c   0x00000012   Code   RO          559    i.USBD_LL_Transmit  usbd_conf.o
    0x080031ae   0x080031ae   0x00000028   Code   RO         3576    i.USBD_ParseSetupRequest  usbd_ctlreq.o
    0x080031d6   0x080031d6   0x00000016   Code   RO         3455    i.USBD_RegisterClass  usbd_core.o
    0x080031ec   0x080031ec   0x0000001c   Code   RO         3457    i.USBD_SetClassConfig  usbd_core.o
    0x08003208   0x08003208   0x0000000a   Code   RO         3458    i.USBD_Start        usbd_core.o
    0x08003212   0x08003212   0x00000002   PAD
    0x08003214   0x08003214   0x000002e8   Code   RO         3577    i.USBD_StdDevReq    usbd_ctlreq.o
    0x080034fc   0x080034fc   0x0000010c   Code   RO         3578    i.USBD_StdEPReq     usbd_ctlreq.o
    0x08003608   0x08003608   0x00000044   Code   RO         3579    i.USBD_StdItfReq    usbd_ctlreq.o
    0x0800364c   0x0800364c   0x00000010   Code   RO          825    i.USB_IRQHandler    stm32f0xx_it.o
    0x0800365c   0x0800365c   0x0000000e   Code   RO         3742    i.__scatterload_copy  mc_p.l(handlers.o)
    0x0800366a   0x0800366a   0x00000002   Code   RO         3743    i.__scatterload_null  mc_p.l(handlers.o)
    0x0800366c   0x0800366c   0x0000000e   Code   RO         3744    i.__scatterload_zeroinit  mc_p.l(handlers.o)
    0x0800367a   0x0800367a   0x0000000c   Code   RO          194    i.can_disable       can.o
    0x08003686   0x08003686   0x000000d0   Code   RO          195    i.can_enable        can.o
    0x08003756   0x08003756   0x00000006   Code   RO          196    i.can_get_error_status  can.o
    0x0800375c   0x0800375c   0x00000054   Code   RO          197    i.can_init          can.o
    0x080037b0   0x080037b0   0x0000000c   Code   RO          198    i.can_is_enabled    can.o
    0x080037bc   0x080037bc   0x0000000c   Code   RO          199    i.can_is_rx_pending  can.o
    0x080037c8   0x080037c8   0x000001c8   Code   RO          200    i.can_parse_error_status  can.o
    0x08003990   0x08003990   0x000000b2   Code   RO          201    i.can_receive       can.o
    0x08003a42   0x08003a42   0x000000e2   Code   RO          202    i.can_send          can.o
    0x08003b24   0x08003b24   0x00000040   Code   RO          203    i.can_set_bittiming  can.o
    0x08003b64   0x08003b64   0x0000004c   Code   RO          268    i.flash_flush       flash.o
    0x08003bb0   0x08003bb0   0x00000014   Code   RO          269    i.flash_get_user_id  flash.o
    0x08003bc4   0x08003bc4   0x00000014   Code   RO          270    i.flash_load        flash.o
    0x08003bd8   0x08003bd8   0x00000060   Code   RO          271    i.flash_set_user_id  flash.o
    0x08003c38   0x08003c38   0x00000022   Code   RO          453    i.hex32             util.o
    0x08003c5a   0x08003c5a   0x0000002a   Code   RO          316    i.led_indicate_trx  led.o
    0x08003c84   0x08003c84   0x00000012   Code   RO          317    i.led_init          led.o
    0x08003c96   0x08003c96   0x00000002   PAD
    0x08003c98   0x08003c98   0x00000044   Code   RO          318    i.led_run_sequence  led.o
    0x08003cdc   0x08003cdc   0x0000000a   Code   RO          319    i.led_set_mode      led.o
    0x08003ce6   0x08003ce6   0x000000a4   Code   RO          320    i.led_update        led.o
    0x08003d8a   0x08003d8a   0x00000002   PAD
    0x08003d8c   0x08003d8c   0x00000454   Code   RO           14    i.main              main.o
    0x080041e0   0x080041e0   0x0000006c   Code   RO         3693    i.malloc            mc_p.l(malloc.o)
    0x0800424c   0x0800424c   0x0000001e   Code   RO          361    i.queue_create      queue.o
    0x0800426a   0x0800426a   0x00000030   Code   RO          365    i.queue_pop_front   queue.o
    0x0800429a   0x0800429a   0x00000026   Code   RO          366    i.queue_pop_front_i  queue.o
    0x080042c0   0x080042c0   0x00000034   Code   RO          367    i.queue_push_back   queue.o
    0x080042f4   0x080042f4   0x0000002a   Code   RO          368    i.queue_push_back_i  queue.o
    0x0800431e   0x0800431e   0x0000003c   Code   RO          369    i.queue_push_front  queue.o
    0x0800435a   0x0800435a   0x00000034   Data   RO          710    .constdata          usbd_gs_can.o
    0x0800438e   0x0800438e   0x00000010   Data   RO         3408    .constdata          system_stm32f0xx.o
    0x0800439e   0x0800439e   0x00000002   PAD
    0x080043a0   0x080043a0   0x00000020   Data   RO         3740    Region$$Table       anon$$obj.o


    Execution Region RW_IRAM1 (Exec base: 0x20000000, Load base: 0x080043c0, Size: 0x00003060, Max: 0x00004000, ABSOLUTE, COMPRESSED[0x00000100])

    Exec Addr    Load Addr    Size         Type   Attr      Idx    E Section Name        Object

    0x20000000   COMPRESSED   0x00000010   Data   RW           17    .data               main.o
    0x20000010   COMPRESSED   0x00000004   Data   RW          273    .data               flash.o
    0x20000014   COMPRESSED   0x0000001c   Data   RW          481    .data               usbd_desc.o
    0x20000030   COMPRESSED   0x00000016   Data   RW          482    .data               usbd_desc.o
    0x20000046   COMPRESSED   0x00000002   PAD
    0x20000048   COMPRESSED   0x0000003c   Data   RW          711    .data               usbd_gs_can.o
    0x20000084   COMPRESSED   0x000000f6   Data   RW          712    .data               usbd_gs_can.o
    0x2000017a   COMPRESSED   0x00000002   PAD
    0x2000017c   COMPRESSED   0x00000004   Data   RW         2320    .data               stm32f0xx_hal.o
    0x20000180   COMPRESSED   0x00000004   Data   RW         3410    .data               system_stm32f0xx.o
    0x20000184   COMPRESSED   0x00000001   Data   RW         3580    .data               usbd_ctlreq.o
    0x20000185   COMPRESSED   0x00000003   PAD
    0x20000188   COMPRESSED   0x00000004   Data   RW         3736    .data               mc_p.l(mvars.o)
    0x2000018c   COMPRESSED   0x00000004   Data   RW         3737    .data               mc_p.l(mvars.o)
    0x20000190        -       0x0000028c   Zero   RW           15    .bss                main.o
    0x2000041c        -       0x00000200   Zero   RW          480    .bss                usbd_desc.o
    0x2000061c        -       0x00000220   Zero   RW          560    .bss                usbd_conf.o
    0x2000083c   COMPRESSED   0x00000004   PAD
    0x20000840        -       0x00000020   Zero   RW         3274    .bss                stm32f0xx_hal_flash.o
    0x20000860        -       0x00002000   Zero   RW            2    HEAP                startup_stm32f072xb.o
    0x20002860        -       0x00000800   Zero   RW            1    STACK               startup_stm32f072xb.o



  Load Region LR$$.ARM.__AT_0x0801F800 (Base: 0x0801f800, Size: 0x00000004, Max: 0x00000004, ABSOLUTE)

    Execution Region ER$$.ARM.__AT_0x0801F800 (Exec base: 0x0801f800, Load base: 0x0801f800, Size: 0x00000004, Max: 0x00000004, ABSOLUTE, UNINIT)

    Exec Addr    Load Addr    Size         Type   Attr      Idx    E Section Name        Object

    0x0801f800   0x0801f800   0x00000004   Data   RO          272    .ARM.__AT_0x0801F800  flash.o


==============================================================================

Image component sizes


      Code (inc. data)   RO Data    RW Data    ZI Data      Debug   Object Name

      1258         32          0          0          0       6796   can.o
       212         44          4          4          0       2807   flash.o
       302          8          0          0          0       3553   led.o
      1256         82          0         16        652     511353   main.o
       270          0          0          0          0       6555   queue.o
        28          8        192          0      10240        616   startup_stm32f072xb.o
       122         18          0          4          0       3511   stm32f0xx_hal.o
       148         28          0          0          0       8561   stm32f0xx_hal_cortex.o
       420         68          0          0         32       5514   stm32f0xx_hal_flash.o
      1020         48          0          0          0       6235   stm32f0xx_hal_flash_ex.o
       368         28          0          0          0       2176   stm32f0xx_hal_gpio.o
        76          8          0          0          0       1353   stm32f0xx_hal_msp.o
      3934        228          0          0          0      15375   stm32f0xx_hal_pcd.o
        60          0          0          0          0       1246   stm32f0xx_hal_pcd_ex.o
      1760        102          0          0          0       4996   stm32f0xx_hal_rcc.o
       388         22          0          0          0       2030   stm32f0xx_hal_rcc_ex.o
       664         26          0          0          0       5814   stm32f0xx_hal_tim.o
        74          0          0          0          0       1236   stm32f0xx_hal_tim_ex.o
        32          6          0          0          0       2436   stm32f0xx_it.o
        92         16         16          4          0       1083   system_stm32f0xx.o
       576         26          0          0        544      10706   usbd_conf.o
       668          0          0          0          0       9036   usbd_core.o
      1220         28          0          1          0       6956   usbd_ctlreq.o
       212         84          0         50        512       4439   usbd_desc.o
      1240         70         52        306          0      12505   usbd_gs_can.o
       140          0          0          0          0       4216   usbd_ioreq.o
        34          0          0          0          0        632   util.o

    ----------------------------------------------------------------------
     16588        980        298        392      11984     641736   Object Totals
         0          0         32          0          0          0   (incl. Generated)
        14          0          2          7          4          0   (incl. Padding)

    ----------------------------------------------------------------------

      Code (inc. data)   RO Data    RW Data    ZI Data      Debug   Library Member Name

        86          0          0          0          0          0   __dczerorl2.o
        28          0          0          0          0         68   calloc.o
         0          0          0          0          0          0   entry.o
         0          0          0          0          0          0   entry10a.o
         0          0          0          0          0          0   entry11a.o
         8          4          0          0          0          0   entry2.o
         4          0          0          0          0          0   entry5.o
         0          0          0          0          0          0   entry7b.o
         0          0          0          0          0          0   entry8b.o
         8          4          0          0          0          0   entry9a.o
        30          0          0          0          0          0   handlers.o
        36          8          0          0          0         68   init.o
        34          0          0          0          0         68   llushr.o
       108         16          0          0          0         76   malloc.o
        36          0          0          0          0         60   memcpya.o
        36          0          0          0          0        100   memseta.o
         0          0          0          8          0          0   mvars.o
        44          0          0          0          0         72   uidiv.o

    ----------------------------------------------------------------------
       462         32          0          8          0        512   Library Totals
         4          0          0          0          0          0   (incl. Padding)

    ----------------------------------------------------------------------

      Code (inc. data)   RO Data    RW Data    ZI Data      Debug   Library Name

       458         32          0          8          0        512   mc_p.l

    ----------------------------------------------------------------------
       462         32          0          8          0        512   Library Totals

    ----------------------------------------------------------------------

==============================================================================


      Code (inc. data)   RO Data    RW Data    ZI Data      Debug   

     17050       1012        298        400      11984     635872   Grand Totals
     17050       1012        298        256      11984     635872   ELF Image Totals (compressed)
     17050       1012        298        256          0          0   ROM Totals

==============================================================================

    Total RO  Size (Code + RO Data)                17348 (  16.94kB)
    Total RW  Size (RW Data + ZI Data)             12384 (  12.09kB)
    Total ROM Size (Code + RO Data + RW Data)      17604 (  17.19kB)

==============================================================================

